<html>
<body>
<pre>
<h1>µVision Build Log</h1>
<h2>Project:</h2>
E:\Github_sync\G\ENC28J60-uIP1.0-mini\Project\RVMDK\STM32-FD-uIP.uvproj
Project File Date:  08/14/2019

<h2>Output:</h2>
Build target 'STM32-FD-uIP'
linking...
Program Size: Code=17352 RO-data=7308 RW-data=252 ZI-data=9444  
FromELF: creating hex file...
".\Obj\STM32-FD-uIP.axf" - 0 Error(s), 0 Warning(s).
e\src\usart_printf.c: 1 warning, 0 errors
linking...
Program Size: Code=17352 RO-data=7308 RW-data=252 ZI-data=9444  
FromELF: creating hex file...
".\Obj\STM32-FD-uIP.axf" - 0 Error(s), 1 Warning(s).
Load "E:\\Github_sync\\G\\ENC28J60-uIP1.0-mini\\Project\\RVMDK\\Obj\\STM32-FD-uIP.axf" 
Erase Done.
Programming Done.
Verify OK.
Application running ...
