Product: MDK-ARM Standard 5.10
Component: ARM Compiler 5.04 update 1 (build 49)
Tool: armlink [5040049]

==============================================================================

Section Cross References

    main.o(i.DispLogo) refers to usart_printf.o(i.PrintfLogo) for PrintfLogo
    main.o(i.GPIO_Configuration) refers to stm32f10x_rcc.o(i.RCC_APB2PeriphClockCmd) for RCC_APB2PeriphClockCmd
    main.o(i.GPIO_Configuration) refers to stm32f10x_gpio.o(i.GPIO_Init) for GPIO_Init
    main.o(i.GPIO_Configuration) refers to stm32f10x_gpio.o(i.GPIO_ResetBits) for GPIO_ResetBits
    main.o(i.GPIO_Configuration) refers to main.o(i.Delay) for Delay
    main.o(i.GPIO_Configuration) refers to stm32f10x_gpio.o(i.GPIO_SetBits) for GPIO_SetBits
    main.o(i.InitNet) refers to tapdev.o(i.tapdev_init) for tapdev_init
    main.o(i.InitNet) refers to printf8.o(i.__0printf$8) for __2printf
    main.o(i.InitNet) refers to uip.o(i.uip_init) for uip_init
    main.o(i.InitNet) refers to uip.o(.data) for uip_hostaddr
    main.o(i.Init_fd) refers to system_stm32f10x.o(i.SystemInit) for SystemInit
    main.o(i.Init_fd) refers to main.o(i.GPIO_Configuration) for GPIO_Configuration
    main.o(i.Init_fd) refers to usart_printf.o(i.USART2_Configuration) for USART2_Configuration
    main.o(i.Init_fd) refers to usart_printf.o(i.uart_init) for uart_init
    main.o(i.Init_fd) refers to system_stm32f10x.o(.constdata) for SystemFrequency
    main.o(i.UipPro) refers to timer.o(i.timer_set) for timer_set
    main.o(i.UipPro) refers to tapdev.o(i.tapdev_read) for tapdev_read
    main.o(i.UipPro) refers to uip.o(i.htons) for htons
    main.o(i.UipPro) refers to uip.o(i.uip_process) for uip_process
    main.o(i.UipPro) refers to uip_arp.o(i.uip_arp_out) for uip_arp_out
    main.o(i.UipPro) refers to tapdev.o(i.tapdev_send) for tapdev_send
    main.o(i.UipPro) refers to uip_arp.o(i.uip_arp_arpin) for uip_arp_arpin
    main.o(i.UipPro) refers to timer.o(i.timer_expired) for timer_expired
    main.o(i.UipPro) refers to timer.o(i.timer_reset) for timer_reset
    main.o(i.UipPro) refers to uip_arp.o(i.uip_arp_timer) for uip_arp_timer
    main.o(i.UipPro) refers to main.o(.data) for timer_ok
    main.o(i.UipPro) refers to uip.o(.data) for uip_len
    main.o(i.UipPro) refers to uip.o(.bss) for uip_buf
    main.o(i.main) refers to main.o(i.Init_fd) for Init_fd
    main.o(i.main) refers to main.o(i.DispLogo) for DispLogo
    main.o(i.main) refers to spi.o(i.SPI2_Init) for SPI2_Init
    main.o(i.main) refers to main.o(i.InitNet) for InitNet
    main.o(i.main) refers to uip.o(i.uip_listen) for uip_listen
    main.o(i.main) refers to main.o(i.UipPro) for UipPro
    stm32f10x_it.o(i.SysTick_Handler) refers to systick.o(i.SysTick_ISR) for SysTick_ISR
    usart_printf.o(i.COM_GIIMBot_DRV_Mode_Choice) refers to usart_printf.o(i.Uart1ASendStr) for Uart1ASendStr
    usart_printf.o(i.COM_GIIMBot_DRV_Mode_Choice) refers to usart_printf.o(i.Uart2ASendStr) for Uart2ASendStr
    usart_printf.o(i.COM_GIIMBot_DRV_Motor_Mode) refers to usart_printf.o(i.Uart1ASendStr) for Uart1ASendStr
    usart_printf.o(i.COM_GIIMBot_DRV_Motor_Mode) refers to usart_printf.o(i.Uart2ASendStr) for Uart2ASendStr
    usart_printf.o(i.COM_GIIMBot_DRV_Position_Mode) refers to usart_printf.o(i.Uart1ASendStr) for Uart1ASendStr
    usart_printf.o(i.COM_GIIMBot_DRV_Position_Mode) refers to usart_printf.o(i.Uart2ASendStr) for Uart2ASendStr
    usart_printf.o(i.PrintfLogo) refers to printf8.o(i.__0printf$8) for __2printf
    usart_printf.o(i.USART1_IRQHandler) refers to stm32f10x_usart.o(i.USART_GetITStatus) for USART_GetITStatus
    usart_printf.o(i.USART1_IRQHandler) refers to stm32f10x_usart.o(i.USART_ClearITPendingBit) for USART_ClearITPendingBit
    usart_printf.o(i.USART1_IRQHandler) refers to stm32f10x_usart.o(i.USART_ReceiveData) for USART_ReceiveData
    usart_printf.o(i.USART1_IRQHandler) refers to printf8.o(i.__0printf$8) for __2printf
    usart_printf.o(i.USART1_IRQHandler) refers to usart_printf.o(.bss) for USART_RX_BUF
    usart_printf.o(i.USART1_IRQHandler) refers to usart_printf.o(.data) for USART_RX_STA
    usart_printf.o(i.USART1_printf) refers to stm32f10x_usart.o(i.USART_SendData) for USART_SendData
    usart_printf.o(i.USART1_printf) refers to stm32f10x_usart.o(i.USART_GetFlagStatus) for USART_GetFlagStatus
    usart_printf.o(i.USART1_printf) refers to usart_printf.o(i.itoa) for itoa
    usart_printf.o(i.USART2_Configuration) refers to stm32f10x_rcc.o(i.RCC_APB2PeriphClockCmd) for RCC_APB2PeriphClockCmd
    usart_printf.o(i.USART2_Configuration) refers to stm32f10x_rcc.o(i.RCC_APB1PeriphClockCmd) for RCC_APB1PeriphClockCmd
    usart_printf.o(i.USART2_Configuration) refers to stm32f10x_gpio.o(i.GPIO_Init) for GPIO_Init
    usart_printf.o(i.USART2_Configuration) refers to stm32f10x_usart.o(i.USART_Init) for USART_Init
    usart_printf.o(i.USART2_Configuration) refers to stm32f10x_usart.o(i.USART_Cmd) for USART_Cmd
[...]
    ../clib/microlib/longlong.c              0x00000000   Number         0  llsshr.o ABSOLUTE
    ../clib/microlib/longlong.c              0x00000000   Number         0  llshl.o ABSOLUTE
    ../clib/microlib/longlong.c              0x00000000   Number         0  llushr.o ABSOLUTE
    ../clib/microlib/printf/printf.c         0x00000000   Number         0  printf8.o ABSOLUTE
    ../clib/microlib/printf/printf.c         0x00000000   Number         0  printfa.o ABSOLUTE
    ../clib/microlib/printf/printf.c         0x00000000   Number         0  printf0.o ABSOLUTE
    ../clib/microlib/printf/printf.c         0x00000000   Number         0  printfb.o ABSOLUTE
    ../clib/microlib/printf/printf.c         0x00000000   Number         0  printf1.o ABSOLUTE
    ../clib/microlib/printf/printf.c         0x00000000   Number         0  printf2.o ABSOLUTE
    ../clib/microlib/printf/printf.c         0x00000000   Number         0  printf3.o ABSOLUTE
    ../clib/microlib/printf/printf.c         0x00000000   Number         0  printf4.o ABSOLUTE
    ../clib/microlib/printf/printf.c         0x00000000   Number         0  printf5.o ABSOLUTE
    ../clib/microlib/printf/printf.c         0x00000000   Number         0  printf6.o ABSOLUTE
    ../clib/microlib/printf/printf.c         0x00000000   Number         0  printf7.o ABSOLUTE
    ../clib/microlib/printf/stubs.s          0x00000000   Number         0  stubs.o ABSOLUTE
    ../clib/microlib/stdio/streams.c         0x00000000   Number         0  stdout.o ABSOLUTE
    ../clib/microlib/string/memcmp.c         0x00000000   Number         0  memcmp.o ABSOLUTE
    ../clib/microlib/string/memcpy.c         0x00000000   Number         0  memcpya.o ABSOLUTE
    ../clib/microlib/string/memcpy.c         0x00000000   Number         0  memcpyb.o ABSOLUTE
    ../clib/microlib/string/memset.c         0x00000000   Number         0  memseta.o ABSOLUTE
    ../clib/microlib/string/strchr.c         0x00000000   Number         0  strchr.o ABSOLUTE
    ../clib/microlib/string/strcpy.c         0x00000000   Number         0  strcpy.o ABSOLUTE
    ../clib/microlib/string/strlen.c         0x00000000   Number         0  strlen.o ABSOLUTE
    ../clib/microlib/string/strncmp.c        0x00000000   Number         0  strncmp.o ABSOLUTE
    ../clib/microlib/string/strncpy.c        0x00000000   Number         0  strncpy.o ABSOLUTE
    ../clib/microlib/string/strrchr.c        0x00000000   Number         0  strrchr.o ABSOLUTE
    ../clib/microlib/stubs.s                 0x00000000   Number         0  iusefp.o ABSOLUTE
    ../fplib/microlib/fpadd.c                0x00000000   Number         0  dadd.o ABSOLUTE
    ../fplib/microlib/fpdiv.c                0x00000000   Number         0  ddiv.o ABSOLUTE
    ../fplib/microlib/fpepilogue.c           0x00000000   Number         0  depilogue.o ABSOLUTE
    ../fplib/microlib/fpfix.c                0x00000000   Number         0  dfixul.o ABSOLUTE
    ../fplib/microlib/fpmul.c                0x00000000   Number         0  dmul.o ABSOLUTE
    ..\..\Libraries\CMSIS\Core\CM3\core_cm3.c 0x00000000   Number         0  core_cm3.o ABSOLUTE
    ..\..\Libraries\CMSIS\Core\CM3\startup\arm\startup_stm32f10x_hd.s 0x00000000   Number         0  startup_stm32f10x_hd.o ABSOLUTE
    ..\..\Libraries\CMSIS\Core\CM3\system_stm32f10x.c 0x00000000   Number         0  system_stm32f10x.o ABSOLUTE
    ..\..\Libraries\STM32F10x_StdPeriph_Driver\src\misc.c 0x00000000   Number         0  misc.o ABSOLUTE
    ..\..\Libraries\STM32F10x_StdPeriph_Driver\src\stm32f10x_fsmc.c 0x00000000   Number         0  stm32f10x_fsmc.o ABSOLUTE
    ..\..\Libraries\STM32F10x_StdPeriph_Driver\src\stm32f10x_gpio.c 0x00000000   Number         0  stm32f10x_gpio.o ABSOLUTE
    ..\..\Libraries\STM32F10x_StdPeriph_Driver\src\stm32f10x_rcc.c 0x00000000   Number         0  stm32f10x_rcc.o ABSOLUTE
    ..\..\Libraries\STM32F10x_StdPeriph_Driver\src\stm32f10x_spi.c 0x00000000   Number         0  stm32f10x_spi.o ABSOLUTE
    ..\..\Libraries\STM32F10x_StdPeriph_Driver\src\stm32f10x_usart.c 0x00000000   Number         0  stm32f10x_usart.o ABSOLUTE
    ..\..\Libraries\uIP-1.0\apps\webserver\http-strings.c 0x00000000   Number         0  http-strings.o ABSOLUTE
    ..\..\Libraries\uIP-1.0\apps\webserver\httpd-cgi.c 0x00000000   Number         0  httpd-cgi.o ABSOLUTE
    ..\..\Libraries\uIP-1.0\apps\webserver\httpd-fs.c 0x00000000   Number         0  httpd-fs.o ABSOLUTE
    ..\..\Libraries\uIP-1.0\apps\webserver\httpd.c 0x00000000   Number         0  httpd.o ABSOLUTE
    ..\..\Libraries\uIP-1.0\uip\psock.c      0x00000000   Number         0  psock.o ABSOLUTE
    ..\..\Libraries\uIP-1.0\uip\timer.c      0x00000000   Number         0  timer.o ABSOLUTE
    ..\..\Libraries\uIP-1.0\uip\uip-fw.c     0x00000000   Number         0  uip-fw.o ABSOLUTE
    ..\..\Libraries\uIP-1.0\uip\uip-neighbor.c 0x00000000   Number         0  uip-neighbor.o ABSOLUTE
    ..\..\Libraries\uIP-1.0\uip\uip-split.c  0x00000000   Number         0  uip-split.o ABSOLUTE
    ..\..\Libraries\uIP-1.0\uip\uip.c        0x00000000   Number         0  uip.o ABSOLUTE
    ..\..\Libraries\uIP-1.0\uip\uip_arp.c    0x00000000   Number         0  uip_arp.o ABSOLUTE
    ..\..\Libraries\uIP-1.0\uip\uiplib.c     0x00000000   Number         0  uiplib.o ABSOLUTE
    ..\..\Source\src\main.c                  0x00000000   Number         0  main.o ABSOLUTE
    ..\..\Source\src\stm32f10x_it.c          0x00000000   Number         0  stm32f10x_it.o ABSOLUTE
    ..\..\Source\src\sys.c                   0x00000000   Number         0  sys.o ABSOLUTE
    ..\..\Source\src\systick.c               0x00000000   Number         0  systick.o ABSOLUTE
    ..\..\Source\src\tcp_demo.c              0x00000000   Number         0  tcp_demo.o ABSOLUTE
    ..\..\Source\src\uIP_enc28j60\ENC28J60.C 0x00000000   Number         0  enc28j60.o ABSOLUTE
    ..\..\Source\src\uIP_enc28j60\SPI.C      0x00000000   Number         0  spi.o ABSOLUTE
    ..\..\Source\src\uIP_enc28j60\clock-arch.c 0x00000000   Number         0  clock-arch.o ABSOLUTE
    ..\..\Source\src\uIP_enc28j60\emc28j60_uip.c 0x00000000   Number         0  emc28j60_uip.o ABSOLUTE
    ..\..\Source\src\uIP_enc28j60\ip_arp_udp_tcp.c 0x00000000   Number         0  ip_arp_udp_tcp.o ABSOLUTE
    ..\..\Source\src\uIP_enc28j60\tapdev.c   0x00000000   Number         0  tapdev.o ABSOLUTE
    ..\..\Source\src\usart_printf.c          0x00000000   Number         0  usart_printf.o ABSOLUTE
    ..\..\Source\src\web_server.c            0x00000000   Number         0  web_server.o ABSOLUTE
    ..\\..\\Libraries\\CMSIS\\Core\\CM3\\core_cm3.c 0x00000000   Number         0  core_cm3.o ABSOLUTE
    cdrcmple.s                               0x00000000   Number         0  cdrcmple.o ABSOLUTE
    dc.s                                     0x00000000   Number         0  dc.o ABSOLUTE
    handlers.s                               0x00000000   Number         0  handlers.o ABSOLUTE
    init.s                                   0x00000000   Number         0  init.o ABSOLUTE
    RESET                                    0x08000000   Section      304  startup_stm32f10x_hd.o(RESET)
    .ARM.Collect$$$$00000000                 0x08000130   Section        0  entry.o(.ARM.Collect$$$$00000000)
    .ARM.Collect$$$$00000001                 0x08000130   Section        4  entry2.o(.ARM.Collect$$$$00000001)
    .ARM.Collect$$$$00000004                 0x08000134   Section        4  entry5.o(.ARM.Collect$$$$00000004)
    .ARM.Collect$$$$00000008                 0x08000138   Section        0  entry7b.o(.ARM.Collect$$$$00000008)
    .ARM.Collect$$$$0000000A                 0x08000138   Section        0  entry8b.o(.ARM.Collect$$$$0000000A)
    .ARM.Collect$$$$0000000B                 0x08000138   Section        8  entry9a.o(.ARM.Collect$$$$0000000B)
    .ARM.Collect$$$$0000000D                 0x08000140   Section        0  entry10a.o(.ARM.Collect$$$$0000000D)
    .ARM.Collect$$$$0000000F                 0x08000140   Section        0  entry11a.o(.ARM.Collect$$$$0000000F)
    .ARM.Collect$$$$00002712                 0x08000140   Section        4  entry2.o(.ARM.Collect$$$$00002712)
    __lit__00000000                          0x08000140   Data           4  entry2.o(.ARM.Collect$$$$00002712)
    .text                                    0x08000144   Section       48  startup_stm32f10x_hd.o(.text)
    .text                                    0x08000174   Section        0  memcpya.o(.text)
    .text                                    0x08000198   Section        0  memseta.o(.text)
    .text                                    0x080001bc   Section        0  strncpy.o(.text)
    .text                                    0x080001d4   Section        0  strchr.o(.text)
    .text                                    0x080001e8   Section        0  strlen.o(.text)
    .text                                    0x080001f6   Section        0  memcmp.o(.text)
    .text                                    0x08000210   Section        0  strcpy.o(.text)
    .text                                    0x08000222   Section        0  strncmp.o(.text)
    .text                                    0x08000240   Section        0  strrchr.o(.text)
    .text                                    0x08000260   Section        0  uldiv.o(.text)
    .text                                    0x080002c4   Section       36  init.o(.text)
    .text                                    0x080002e8   Section        0  llshl.o(.text)
    .text                                    0x08000306   Section        0  llushr.o(.text)
    i.BusFault_Handler                       0x08000326   Section        0  stm32f10x_it.o(i.BusFault_Handler)
    i.DebugMon_Handler                       0x0800032a   Section        0  stm32f10x_it.o(i.DebugMon_Handler)
    i.Delay                                  0x0800032c   Section        0  main.o(i.Delay)
    i.DispLogo                               0x08000340   Section        0  main.o(i.DispLogo)
    DispLogo                                 0x08000341   Thumb Code    12  main.o(i.DispLogo)
    i.GPIO_Configuration                     0x08000368   Section        0  main.o(i.GPIO_Configuration)
    i.GPIO_Init                              0x080003e0   Section        0  stm32f10x_gpio.o(i.GPIO_Init)
    i.GPIO_ResetBits                         0x080004f6   Section        0  stm32f10x_gpio.o(i.GPIO_ResetBits)
    i.GPIO_SetBits                           0x080004fa   Section        0  stm32f10x_gpio.o(i.GPIO_SetBits)
    i.GetRunTime                             0x08000500   Section        0  systick.o(i.GetRunTime)
    i.HardFault_Handler                      0x0800051c   Section        0  stm32f10x_it.o(i.HardFault_Handler)
    i.InitNet                                0x08000520   Section        0  main.o(i.InitNet)
    i.Init_fd                                0x08000630   Section        0  main.o(i.Init_fd)
    Init_fd                                  0x08000631   Thumb Code   104  main.o(i.Init_fd)
    i.MemManage_Handler                      0x080006a4   Section        0  stm32f10x_it.o(i.MemManage_Handler)
    i.NMI_Handler                            0x080006a8   Section        0  stm32f10x_it.o(i.NMI_Handler)
    i.NVIC_Init                              0x080006ac   Section        0  misc.o(i.NVIC_Init)
    i.PendSV_Handler                         0x0800071c   Section        0  stm32f10x_it.o(i.PendSV_Handler)
    i.PrintfLogo                             0x08000720   Section        0  usart_printf.o(i.PrintfLogo)
    i.RCC_APB1PeriphClockCmd                 0x08000854   Section        0  stm32f10x_rcc.o(i.RCC_APB1PeriphClockCmd)
    i.RCC_APB1PeriphResetCmd                 0x08000874   Section        0  stm32f10x_rcc.o(i.RCC_APB1PeriphResetCmd)
    i.RCC_APB2PeriphClockCmd                 0x08000894   Section        0  stm32f10x_rcc.o(i.RCC_APB2PeriphClockCmd)
    i.RCC_APB2PeriphResetCmd                 0x080008b4   Section        0  stm32f10x_rcc.o(i.RCC_APB2PeriphResetCmd)
    i.RCC_GetClocksFreq                      0x080008d4   Section        0  stm32f10x_rcc.o(i.RCC_GetClocksFreq)
    i.SPI1_ReadWrite                         0x080009a8   Section        0  spi.o(i.SPI1_ReadWrite)
    i.SPI2_Init                              0x080009e0   Section        0  spi.o(i.SPI2_Init)
    i.SPI_Cmd                                0x08000a84   Section        0  stm32f10x_spi.o(i.SPI_Cmd)
    i.SPI_I2S_GetFlagStatus                  0x08000a9c   Section        0  stm32f10x_spi.o(i.SPI_I2S_GetFlagStatus)
    i.SPI_I2S_ReceiveData                    0x08000aae   Section        0  stm32f10x_spi.o(i.SPI_I2S_ReceiveData)
    i.SPI_I2S_SendData                       0x08000ab4   Section        0  stm32f10x_spi.o(i.SPI_I2S_SendData)
    i.SPI_Init                               0x08000ab8   Section        0  stm32f10x_spi.o(i.SPI_Init)
    i.SVC_Handler                            0x08000af4   Section        0  stm32f10x_it.o(i.SVC_Handler)
    i.SetSysClock                            0x08000af6   Section        0  system_stm32f10x.o(i.SetSysClock)
    SetSysClock                              0x08000af7   Thumb Code     8  system_stm32f10x.o(i.SetSysClock)
    i.SetSysClockTo72                        0x08000b00   Section        0  system_stm32f10x.o(i.SetSysClockTo72)
    SetSysClockTo72                          0x08000b01   Thumb Code   220  system_stm32f10x.o(i.SetSysClockTo72)
    i.SoftTimerDec                           0x08000be4   Section        0  systick.o(i.SoftTimerDec)
    SoftTimerDec                             0x08000be5   Thumb Code    22  systick.o(i.SoftTimerDec)
    i.SysTick_Handler                        0x08000bfa   Section        0  stm32f10x_it.o(i.SysTick_Handler)
    i.SysTick_ISR                            0x08000c04   Section        0  systick.o(i.SysTick_ISR)
    i.SystemInit                             0x08000c58   Section        0  system_stm32f10x.o(i.SystemInit)
    i.TCP_Cmd                                0x08000cac   Section        0  tcp_demo.o(i.TCP_Cmd)
    i.USART1_IRQHandler                      0x08000e70   Section        0  usart_printf.o(i.USART1_IRQHandler)
    i.USART2_Configuration                   0x08000ee4   Section        0  usart_printf.o(i.USART2_Configuration)
    i.USART_ClearFlag                        0x08000f70   Section        0  stm32f10x_usart.o(i.USART_ClearFlag)
    i.USART_ClearITPendingBit                0x08000f82   Section        0  stm32f10x_usart.o(i.USART_ClearITPendingBit)
    i.USART_Cmd                              0x08000fa0   Section        0  stm32f10x_usart.o(i.USART_Cmd)
    i.USART_DeInit                           0x08000fb8   Section        0  stm32f10x_usart.o(i.USART_DeInit)
    i.USART_GetFlagStatus                    0x08001054   Section        0  stm32f10x_usart.o(i.USART_GetFlagStatus)
    i.USART_GetITStatus                      0x0800106e   Section        0  stm32f10x_usart.o(i.USART_GetITStatus)
    i.USART_ITConfig                         0x080010c2   Section        0  stm32f10x_usart.o(i.USART_ITConfig)
    i.USART_Init                             0x0800110c   Section        0  stm32f10x_usart.o(i.USART_Init)
    i.USART_ReceiveData                      0x080011ac   Section        0  stm32f10x_usart.o(i.USART_ReceiveData)
    i.USART_SendData                         0x080011b6   Section        0  stm32f10x_usart.o(i.USART_SendData)
    i.Uart1ASendStr                          0x080011c0   Section        0  usart_printf.o(i.Uart1ASendStr)
    i.Uart2ASendStr                          0x080011f0   Section        0  usart_printf.o(i.Uart2ASendStr)
    i.UipPro                                 0x08001220   Section        0  main.o(i.UipPro)
    i.UsageFault_Handler                     0x0800130c   Section        0  stm32f10x_it.o(i.UsageFault_Handler)
    i.__0printf$8                            0x08001310   Section        0  printf8.o(i.__0printf$8)
    i.__0snprintf$8                          0x08001330   Section        0  printf8.o(i.__0snprintf$8)
    i.__scatterload_copy                     0x08001358   Section       14  handlers.o(i.__scatterload_copy)
    i.__scatterload_null                     0x08001366   Section        2  handlers.o(i.__scatterload_null)
    i.__scatterload_zeroinit                 0x08001368   Section       14  handlers.o(i.__scatterload_zeroinit)
    i._printf_core                           0x08001378   Section        0  printf8.o(i._printf_core)
    _printf_core                             0x08001379   Thumb Code   988  printf8.o(i._printf_core)
    i._printf_post_padding                   0x08001780   Section        0  printf8.o(i._printf_post_padding)
    _printf_post_padding                     0x08001781   Thumb Code    36  printf8.o(i._printf_post_padding)
    i._printf_pre_padding                    0x080017a4   Section        0  printf8.o(i._printf_pre_padding)
    _printf_pre_padding                      0x080017a5   Thumb Code    46  printf8.o(i._printf_pre_padding)
    i._snputc                                0x080017d2   Section        0  printf8.o(i._snputc)
    _snputc                                  0x080017d3   Thumb Code    22  printf8.o(i._snputc)
    i.aborted                                0x080017e8   Section        0  tcp_demo.o(i.aborted)
    aborted                                  0x080017e9   Thumb Code     2  tcp_demo.o(i.aborted)
    i.acked                                  0x080017ec   Section        0  tcp_demo.o(i.acked)
    acked                                    0x080017ed   Thumb Code    50  tcp_demo.o(i.acked)
    i.buf_bufto                              0x08001828   Section        0  psock.o(i.buf_bufto)
    buf_bufto                                0x08001829   Thumb Code   102  psock.o(i.buf_bufto)
    i.buf_setup                              0x0800188e   Section        0  psock.o(i.buf_setup)
    buf_setup                                0x0800188f   Thumb Code     6  psock.o(i.buf_setup)
    i.chksum                                 0x08001894   Section        0  uip.o(i.chksum)
    chksum                                   0x08001895   Thumb Code    70  uip.o(i.chksum)
    i.clock_time                             0x080018da   Section        0  clock-arch.o(i.clock_time)
    i.closed                                 0x080018e2   Section        0  tcp_demo.o(i.closed)
    closed                                   0x080018e3   Thumb Code     2  tcp_demo.o(i.closed)
    i.connected                              0x080018e4   Section        0  tcp_demo.o(i.connected)
    connected                                0x080018e5   Thumb Code    30  tcp_demo.o(i.connected)
    i.data_acked                             0x08001928   Section        0  psock.o(i.data_acked)
    data_acked                               0x08001929   Thumb Code    82  psock.o(i.data_acked)
    i.enc28j60Init                           0x08001984   Section        0  enc28j60.o(i.enc28j60Init)
    i.enc28j60PacketReceive                  0x08001b90   Section        0  enc28j60.o(i.enc28j60PacketReceive)
    i.enc28j60PacketSend                     0x08001c50   Section        0  enc28j60.o(i.enc28j60PacketSend)
    i.enc28j60PhyWrite                       0x08001cb6   Section        0  enc28j60.o(i.enc28j60PhyWrite)
    i.enc28j60Read                           0x08001ce8   Section        0  enc28j60.o(i.enc28j60Read)
    i.enc28j60ReadBuffer                     0x08001cfc   Section        0  enc28j60.o(i.enc28j60ReadBuffer)
    i.enc28j60ReadOp                         0x08001d34   Section        0  enc28j60.o(i.enc28j60ReadOp)
    i.enc28j60SetBank                        0x08001d78   Section        0  enc28j60.o(i.enc28j60SetBank)
    i.enc28j60Write                          0x08001dac   Section        0  enc28j60.o(i.enc28j60Write)
    i.enc28j60WriteBuffer                    0x08001dc4   Section        0  enc28j60.o(i.enc28j60WriteBuffer)
    i.enc28j60WriteOp                        0x08001df4   Section        0  enc28j60.o(i.enc28j60WriteOp)
    i.enc28j60clkout                         0x08001e2c   Section        0  enc28j60.o(i.enc28j60clkout)
    i.etherdev_init                          0x08001e3c   Section        0  emc28j60_uip.o(i.etherdev_init)
    i.file_stats                             0x08001e88   Section        0  httpd-cgi.o(i.file_stats)
    file_stats                               0x08001e89   Thumb Code    74  httpd-cgi.o(i.file_stats)
    i.fputc                                  0x08001ed8   Section        0  usart_printf.o(i.fputc)
    i.generate_file_stats                    0x08001efc   Section        0  httpd-cgi.o(i.generate_file_stats)
    generate_file_stats                      0x08001efd   Thumb Code    34  httpd-cgi.o(i.generate_file_stats)
    i.generate_net_stats                     0x08001f28   Section        0  httpd-cgi.o(i.generate_net_stats)
    generate_net_stats                       0x08001f29   Thumb Code    34  httpd-cgi.o(i.generate_net_stats)
    i.generate_part_of_file                  0x08001f5c   Section        0  httpd.o(i.generate_part_of_file)
    generate_part_of_file                    0x08001f5d   Thumb Code    62  httpd.o(i.generate_part_of_file)
    i.generate_tcp_stats                     0x08001fa4   Section        0  httpd-cgi.o(i.generate_tcp_stats)
    generate_tcp_stats                       0x08001fa5   Thumb Code   164  httpd-cgi.o(i.generate_tcp_stats)
    i.handle_connection                      0x08002058   Section        0  httpd.o(i.handle_connection)
    handle_connection                        0x08002059   Thumb Code    26  httpd.o(i.handle_connection)
    i.handle_input                           0x08002074   Section        0  httpd.o(i.handle_input)
    handle_input                             0x08002075   Thumb Code   396  httpd.o(i.handle_input)
    i.handle_output                          0x08002218   Section        0  httpd.o(i.handle_output)
    handle_output                            0x08002219   Thumb Code   250  httpd.o(i.handle_output)
    i.handle_script                          0x08002328   Section        0  httpd.o(i.handle_script)
    handle_script                            0x08002329   Thumb Code   380  httpd.o(i.handle_script)
    i.htons                                  0x080024a8   Section        0  uip.o(i.htons)
    i.httpd_appcall                          0x080024b4   Section        0  httpd.o(i.httpd_appcall)
    i.httpd_cgi                              0x08002558   Section        0  httpd-cgi.o(i.httpd_cgi)
    i.httpd_fs_count                         0x08002594   Section        0  httpd-fs.o(i.httpd_fs_count)
    i.httpd_fs_open                          0x080025c8   Section        0  httpd-fs.o(i.httpd_fs_open)
    i.httpd_fs_strcmp                        0x08002614   Section        0  httpd-fs.o(i.httpd_fs_strcmp)
    httpd_fs_strcmp                          0x08002615   Thumb Code    48  httpd-fs.o(i.httpd_fs_strcmp)
    i.init_ip_arp_udp_tcp                    0x08002644   Section        0  ip_arp_udp_tcp.o(i.init_ip_arp_udp_tcp)
    i.main                                   0x08002680   Section        0  main.o(i.main)
    i.net_stats                              0x080026a8   Section        0  httpd-cgi.o(i.net_stats)
    net_stats                                0x080026a9   Thumb Code    86  httpd-cgi.o(i.net_stats)
    i.newdata                                0x08002704   Section        0  tcp_demo.o(i.newdata)
    newdata                                  0x08002705   Thumb Code   108  tcp_demo.o(i.newdata)
    i.next_scriptstate                       0x08002788   Section        0  httpd.o(i.next_scriptstate)
    next_scriptstate                         0x08002789   Thumb Code    34  httpd.o(i.next_scriptstate)
    i.nullfunction                           0x080027aa   Section        0  httpd-cgi.o(i.nullfunction)
    nullfunction                             0x080027ab   Thumb Code    24  httpd-cgi.o(i.nullfunction)
    i.psock_datalen                          0x080027c2   Section        0  psock.o(i.psock_datalen)
    i.psock_generator_send                   0x080027d0   Section        0  psock.o(i.psock_generator_send)
    i.psock_init                             0x08002860   Section        0  psock.o(i.psock_init)
    i.psock_newdata                          0x08002888   Section        0  psock.o(i.psock_newdata)
    i.psock_readto                           0x080028bc   Section        0  psock.o(i.psock_readto)
    i.psock_send                             0x08002954   Section        0  psock.o(i.psock_send)
    i.send_data                              0x080029c4   Section        0  psock.o(i.send_data)
    send_data                                0x080029c5   Thumb Code    70  psock.o(i.send_data)
    i.send_file                              0x08002a14   Section        0  httpd.o(i.send_file)
    send_file                                0x08002a15   Thumb Code    94  httpd.o(i.send_file)
    i.send_headers                           0x08002a78   Section        0  httpd.o(i.send_headers)
    send_headers                             0x08002a79   Thumb Code   450  httpd.o(i.send_headers)
    i.send_part_of_file                      0x08002c70   Section        0  httpd.o(i.send_part_of_file)
    send_part_of_file                        0x08002c71   Thumb Code    62  httpd.o(i.send_part_of_file)
    i.senddata                               0x08002cb0   Section        0  tcp_demo.o(i.senddata)
    senddata                                 0x08002cb1   Thumb Code    26  tcp_demo.o(i.senddata)
    i.tapdev_init                            0x08002cd0   Section        0  tapdev.o(i.tapdev_init)
    i.tapdev_read                            0x08002cd8   Section        0  tapdev.o(i.tapdev_read)
    i.tapdev_send                            0x08002cec   Section        0  tapdev.o(i.tapdev_send)
    i.tcp_demo_appcall                       0x08002d04   Section        0  tcp_demo.o(i.tcp_demo_appcall)
    i.tcp_server_appcall                     0x08002d98   Section        0  emc28j60_uip.o(i.tcp_server_appcall)
    i.tcp_stats                              0x08002dc4   Section        0  httpd-cgi.o(i.tcp_stats)
    tcp_stats                                0x08002dc5   Thumb Code   108  httpd-cgi.o(i.tcp_stats)
    i.timedout                               0x08002e38   Section        0  tcp_demo.o(i.timedout)
    timedout                                 0x08002e39   Thumb Code     2  tcp_demo.o(i.timedout)
    i.timer_expired                          0x08002e3a   Section        0  timer.o(i.timer_expired)
    i.timer_reset                            0x08002e54   Section        0  timer.o(i.timer_reset)
    i.timer_set                              0x08002e5e   Section        0  timer.o(i.timer_set)
    i.uart_init                              0x08002e70   Section        0  usart_printf.o(i.uart_init)
    i.uip_add32                              0x08002f18   Section        0  uip.o(i.uip_add32)
    i.uip_add_rcv_nxt                        0x08002f88   Section        0  uip.o(i.uip_add_rcv_nxt)
    uip_add_rcv_nxt                          0x08002f89   Thumb Code    58  uip.o(i.uip_add_rcv_nxt)
    i.uip_arp_arpin                          0x08002fcc   Section        0  uip_arp.o(i.uip_arp_arpin)
    i.uip_arp_out                            0x080030b4   Section        0  uip_arp.o(i.uip_arp_out)
    i.uip_arp_timer                          0x08003254   Section        0  uip_arp.o(i.uip_arp_timer)
    i.uip_arp_update                         0x080032ac   Section        0  uip_arp.o(i.uip_arp_update)
    uip_arp_update                           0x080032ad   Thumb Code   272  uip_arp.o(i.uip_arp_update)
    i.uip_init                               0x080033d0   Section        0  uip.o(i.uip_init)
    i.uip_ipchksum                           0x0800343c   Section        0  uip.o(i.uip_ipchksum)
    i.uip_listen                             0x08003460   Section        0  uip.o(i.uip_listen)
    i.uip_log                                0x080034a0   Section        0  tcp_demo.o(i.uip_log)
    i.uip_process                            0x080034c8   Section        0  uip.o(i.uip_process)
    i.uip_send                               0x08004474   Section        0  uip.o(i.uip_send)
    i.uip_tcpchksum                          0x080044a4   Section        0  uip.o(i.uip_tcpchksum)
    i.upper_layer_chksum                     0x080044b0   Section        0  uip.o(i.upper_layer_chksum)
    upper_layer_chksum                       0x080044b1   Thumb Code    66  uip.o(i.upper_layer_chksum)
    .constdata                               0x080044f8   Section       20  system_stm32f10x.o(.constdata)
    .constdata                               0x0800450c   Section        8  uip.o(.constdata)
    all_ones_addr                            0x0800450c   Data           4  uip.o(.constdata)
    all_zeroes_addr                          0x08004510   Data           4  uip.o(.constdata)
    .constdata                               0x08004514   Section       10  uip_arp.o(.constdata)
    broadcast_ethaddr                        0x08004514   Data           6  uip_arp.o(.constdata)
    broadcast_ipaddr                         0x0800451a   Data           4  uip_arp.o(.constdata)
    .constdata                               0x08004520   Section      110  httpd-cgi.o(.constdata)
    file                                     0x08004520   Data           8  httpd-cgi.o(.constdata)
    tcp                                      0x08004528   Data           8  httpd-cgi.o(.constdata)
    net                                      0x08004530   Data           8  httpd-cgi.o(.constdata)
    closed                                   0x08004538   Data           7  httpd-cgi.o(.constdata)
    syn_rcvd                                 0x0800453f   Data           9  httpd-cgi.o(.constdata)
    syn_sent                                 0x08004548   Data           9  httpd-cgi.o(.constdata)
    established                              0x08004551   Data          12  httpd-cgi.o(.constdata)
    fin_wait_1                               0x0800455d   Data          11  httpd-cgi.o(.constdata)
    fin_wait_2                               0x08004568   Data          11  httpd-cgi.o(.constdata)
    closing                                  0x08004573   Data           8  httpd-cgi.o(.constdata)
    time_wait                                0x0800457b   Data          10  httpd-cgi.o(.constdata)
    last_ack                                 0x08004585   Data           9  httpd-cgi.o(.constdata)
    .constdata                               0x08004590   Section     6096  httpd-fs.o(.constdata)
    data_processes_shtml                     0x08004590   Data         226  httpd-fs.o(.constdata)
    data_404_html                            0x08004672   Data         171  httpd-fs.o(.constdata)
    data_files_shtml                         0x0800471d   Data        1267  httpd-fs.o(.constdata)
    data_footer_html                         0x08004c10   Data          31  httpd-fs.o(.constdata)
    data_header_html                         0x08004c2f   Data         642  httpd-fs.o(.constdata)
    data_index_html                          0x08004eb1   Data        1269  httpd-fs.o(.constdata)
    data_style_css                           0x080053a6   Data        1026  httpd-fs.o(.constdata)
    data_tcp_shtml                           0x080057a8   Data         222  httpd-fs.o(.constdata)
    data_fade_png                            0x08005886   Data         207  httpd-fs.o(.constdata)
    data_stats_shtml                         0x08005955   Data         835  httpd-fs.o(.constdata)
    .constdata                               0x08005d60   Section      586  http-strings.o(.constdata)
    .conststring                             0x08005fac   Section      134  httpd-cgi.o(.conststring)
    .data                                    0x20000000   Section       17  main.o(.data)
    periodic_timer                           0x20000000   Data           8  main.o(.data)
    arp_timer                                0x20000008   Data           8  main.o(.data)
    timer_ok                                 0x20000010   Data           1  main.o(.data)
    .data                                    0x20000012   Section        4  usart_printf.o(.data)
    .data                                    0x20000018   Section        5  systick.o(.data)
    s_count                                  0x2000001c   Data           1  systick.o(.data)
    .data                                    0x2000001d   Section       20  stm32f10x_rcc.o(.data)
    APBAHBPrescTable                         0x2000001d   Data          16  stm32f10x_rcc.o(.data)
    ADCPrescTable                            0x2000002d   Data           4  stm32f10x_rcc.o(.data)
    .data                                    0x20000034   Section       56  uip.o(.data)
    ipid                                     0x2000005c   Data           2  uip.o(.data)
    iss                                      0x2000005e   Data           4  uip.o(.data)
    lastport                                 0x20000062   Data           2  uip.o(.data)
    c                                        0x20000068   Data           1  uip.o(.data)
    opt                                      0x20000069   Data           1  uip.o(.data)
    tmp16                                    0x2000006a   Data           2  uip.o(.data)
    .data                                    0x2000006c   Section        8  uip_arp.o(.data)
    ipaddr                                   0x2000006c   Data           4  uip_arp.o(.data)
    i                                        0x20000070   Data           1  uip_arp.o(.data)
    c                                        0x20000071   Data           1  uip_arp.o(.data)
    arptime                                  0x20000072   Data           1  uip_arp.o(.data)
    tmpage                                   0x20000073   Data           1  uip_arp.o(.data)
    .data                                    0x20000074   Section       52  httpd-cgi.o(.data)
    calls                                    0x20000074   Data          16  httpd-cgi.o(.data)
    states                                   0x20000084   Data          36  httpd-cgi.o(.data)
    .data                                    0x200000a8   Section        8  enc28j60.o(.data)
    Enc28j60Bank                             0x200000a8   Data           1  enc28j60.o(.data)
    NextPacketPtr                            0x200000ac   Data           4  enc28j60.o(.data)
    .data                                    0x200000b0   Section       21  ip_arp_udp_tcp.o(.data)
    wwwport                                  0x200000b0   Data           1  ip_arp_udp_tcp.o(.data)
    macaddr                                  0x200000b1   Data           6  ip_arp_udp_tcp.o(.data)
    ipaddr                                   0x200000b7   Data           4  ip_arp_udp_tcp.o(.data)
    info_hdr_len                             0x200000bc   Data           4  ip_arp_udp_tcp.o(.data)
    info_data_len                            0x200000c0   Data           4  ip_arp_udp_tcp.o(.data)
    seqnum                                   0x200000c4   Data           1  ip_arp_udp_tcp.o(.data)
    .data                                    0x200000c8   Section        8  tcp_demo.o(.data)
    sLen                                     0x200000cc   Data           4  tcp_demo.o(.data)
    .data                                    0x200000d0   Section       40  emc28j60_uip.o(.data)
    mymac                                    0x200000d0   Data           6  emc28j60_uip.o(.data)
    myip                                     0x200000d6   Data           4  emc28j60_uip.o(.data)
    baseurl                                  0x200000da   Data          21  emc28j60_uip.o(.data)
    mywwwport                                0x200000f0   Data           4  emc28j60_uip.o(.data)
    myudpport                                0x200000f4   Data           4  emc28j60_uip.o(.data)
    .data                                    0x200000f8   Section        4  stdout.o(.data)
    .bss                                     0x200000fc   Section      400  usart_printf.o(.bss)
    .bss                                     0x2000028c   Section       32  systick.o(.bss)
    .bss                                     0x200002ac   Section     5824  uip.o(.bss)
    .bss                                     0x2000196c   Section       96  uip_arp.o(.bss)
    arp_table                                0x2000196c   Data          96  uip_arp.o(.bss)
    .bss                                     0x200019cc   Section       20  httpd-fs.o(.bss)
    count                                    0x200019cc   Data          20  httpd-fs.o(.bss)
    .bss                                     0x200019e0   Section     2048  tcp_demo.o(.bss)
    test_data                                0x200019e0   Data        2048  tcp_demo.o(.bss)
    STACK                                    0x200021e0   Section     1024  startup_stm32f10x_hd.o(STACK)

    Global Symbols

    Symbol Name                              Value     Ov Type        Size  Object(Section)

    BuildAttributes$$THM_ISAv4$P$D$K$B$S$PE$A:L22UL41UL21$X:L11$S22US41US21$IEEE1$IW$USESV6$~STKCKD$USESV7$~SHL$OSPACE$ROPI$EBA8$MICROLIB$REQ8$PRES8$EABIv2 0x00000000   Number         0  anon$$obj.o ABSOLUTE
    __ARM_use_no_argv                        0x00000000   Number         0  main.o ABSOLUTE
    _printf_a                                0x00000000   Number         0  stubs.o ABSOLUTE
    _printf_c                                0x00000000   Number         0  stubs.o ABSOLUTE
    _printf_charcount                        0x00000000   Number         0  stubs.o ABSOLUTE
    _printf_d                                0x00000000   Number         0  stubs.o ABSOLUTE
    _printf_e                                0x00000000   Number         0  stubs.o ABSOLUTE
    _printf_f                                0x00000000   Number         0  stubs.o ABSOLUTE
    _printf_flags                            0x00000000   Number         0  stubs.o ABSOLUTE
    _printf_fp_dec                           0x00000000   Number         0  stubs.o ABSOLUTE
    _printf_fp_hex                           0x00000000   Number         0  stubs.o ABSOLUTE
    _printf_g                                0x00000000   Number         0  stubs.o ABSOLUTE
    _printf_i                                0x00000000   Number         0  stubs.o ABSOLUTE
    _printf_int_dec                          0x00000000   Number         0  stubs.o ABSOLUTE
    _printf_l                                0x00000000   Number         0  stubs.o ABSOLUTE
    _printf_lc                               0x00000000   Number         0  stubs.o ABSOLUTE
    _printf_ll                               0x00000000   Number         0  stubs.o ABSOLUTE
    _printf_lld                              0x00000000   Number         0  stubs.o ABSOLUTE
    _printf_lli                              0x00000000   Number         0  stubs.o ABSOLUTE
    _printf_llo                              0x00000000   Number         0  stubs.o ABSOLUTE
    _printf_llu                              0x00000000   Number         0  stubs.o ABSOLUTE
    _printf_llx                              0x00000000   Number         0  stubs.o ABSOLUTE
    _printf_longlong_dec                     0x00000000   Number         0  stubs.o ABSOLUTE
    _printf_longlong_hex                     0x00000000   Number         0  stubs.o ABSOLUTE
    _printf_longlong_oct                     0x00000000   Number         0  stubs.o ABSOLUTE
    _printf_ls                               0x00000000   Number         0  stubs.o ABSOLUTE
    _printf_mbtowc                           0x00000000   Number         0  stubs.o ABSOLUTE
    _printf_n                                0x00000000   Number         0  stubs.o ABSOLUTE
    _printf_o                                0x00000000   Number         0  stubs.o ABSOLUTE
    _printf_p                                0x00000000   Number         0  stubs.o ABSOLUTE
    _printf_percent                          0x00000000   Number         0  stubs.o ABSOLUTE
    _printf_pre_padding                      0x00000000   Number         0  stubs.o ABSOLUTE
    _printf_return_value                     0x00000000   Number         0  stubs.o ABSOLUTE
    _printf_s                                0x00000000   Number         0  stubs.o ABSOLUTE
    _printf_sizespec                         0x00000000   Number         0  stubs.o ABSOLUTE
    _printf_str                              0x00000000   Number         0  stubs.o ABSOLUTE
    _printf_truncate_signed                  0x00000000   Number         0  stubs.o ABSOLUTE
    _printf_truncate_unsigned                0x00000000   Number         0  stubs.o ABSOLUTE
    _printf_u                                0x00000000   Number         0  stubs.o ABSOLUTE
    _printf_wc                               0x00000000   Number         0  stubs.o ABSOLUTE
    _printf_wctomb                           0x00000000   Number         0  stubs.o ABSOLUTE
    _printf_widthprec                        0x00000000   Number         0  stubs.o ABSOLUTE
    _printf_x                                0x00000000   Number         0  stubs.o ABSOLUTE
    __cpp_initialize__aeabi_                  - Undefined Weak Reference
    __cxa_finalize                            - Undefined Weak Reference
    __decompress                              - Undefined Weak Reference
    _clock_init                               - Undefined Weak Reference
    _microlib_exit                            - Undefined Weak Reference
    __Vectors_Size                           0x00000130   Number         0  startup_stm32f10x_hd.o ABSOLUTE
    __Vectors                                0x08000000   Data           4  startup_stm32f10x_hd.o(RESET)
    __Vectors_End                            0x08000130   Data           0  startup_stm32f10x_hd.o(RESET)
    __main                                   0x08000131   Thumb Code     0  entry.o(.ARM.Collect$$$$00000000)
    _main_stk                                0x08000131   Thumb Code     0  entry2.o(.ARM.Collect$$$$00000001)
    _main_scatterload                        0x08000135   Thumb Code     0  entry5.o(.ARM.Collect$$$$00000004)
    __main_after_scatterload                 0x08000139   Thumb Code     0  entry5.o(.ARM.Collect$$$$00000004)
    _main_clock                              0x08000139   Thumb Code     0  entry7b.o(.ARM.Collect$$$$00000008)
    _main_cpp_init                           0x08000139   Thumb Code     0  entry8b.o(.ARM.Collect$$$$0000000A)
    _main_init                               0x08000139   Thumb Code     0  entry9a.o(.ARM.Collect$$$$0000000B)
    __rt_final_cpp                           0x08000141   Thumb Code     0  entry10a.o(.ARM.Collect$$$$0000000D)
    __rt_final_exit                          0x08000141   Thumb Code     0  entry11a.o(.ARM.Collect$$$$0000000F)
    SystemInit_ExtMemCtl                     0x08000145   Thumb Code     2  startup_stm32f10x_hd.o(.text)
    Reset_Handler                            0x08000147   Thumb Code    14  startup_stm32f10x_hd.o(.text)
    ADC1_2_IRQHandler                        0x08000167   Thumb Code     0  startup_stm32f10x_hd.o(.text)
    ADC3_IRQHandler                          0x08000167   Thumb Code     0  startup_stm32f10x_hd.o(.text)
    CAN1_RX1_IRQHandler                      0x08000167   Thumb Code     0  startup_stm32f10x_hd.o(.text)
    CAN1_SCE_IRQHandler                      0x08000167   Thumb Code     0  startup_stm32f10x_hd.o(.text)
    DMA1_Channel1_IRQHandler                 0x08000167   Thumb Code     0  startup_stm32f10x_hd.o(.text)
    DMA1_Channel2_IRQHandler                 0x08000167   Thumb Code     0  startup_stm32f10x_hd.o(.text)
    DMA1_Channel3_IRQHandler                 0x08000167   Thumb Code     0  startup_stm32f10x_hd.o(.text)
    DMA1_Channel4_IRQHandler                 0x08000167   Thumb Code     0  startup_stm32f10x_hd.o(.text)
    DMA1_Channel5_IRQHandler                 0x08000167   Thumb Code     0  startup_stm32f10x_hd.o(.text)
    DMA1_Channel6_IRQHandler                 0x08000167   Thumb Code     0  startup_stm32f10x_hd.o(.text)
    DMA1_Channel7_IRQHandler                 0x08000167   Thumb Code     0  startup_stm32f10x_hd.o(.text)
    DMA2_Channel1_IRQHandler                 0x08000167   Thumb Code     0  startup_stm32f10x_hd.o(.text)
    DMA2_Channel2_IRQHandler                 0x08000167   Thumb Code     0  startup_stm32f10x_hd.o(.text)
    DMA2_Channel3_IRQHandler                 0x08000167   Thumb Code     0  startup_stm32f10x_hd.o(.text)
    DMA2_Channel4_5_IRQHandler               0x08000167   Thumb Code     0  startup_stm32f10x_hd.o(.text)
    EXTI0_IRQHandler                         0x08000167   Thumb Code     0  startup_stm32f10x_hd.o(.text)
    EXTI15_10_IRQHandler                     0x08000167   Thumb Code     0  startup_stm32f10x_hd.o(.text)
    EXTI1_IRQHandler                         0x08000167   Thumb Code     0  startup_stm32f10x_hd.o(.text)
    EXTI2_IRQHandler                         0x08000167   Thumb Code     0  startup_stm32f10x_hd.o(.text)
    EXTI3_IRQHandler                         0x08000167   Thumb Code     0  startup_stm32f10x_hd.o(.text)
    EXTI4_IRQHandler                         0x08000167   Thumb Code     0  startup_stm32f10x_hd.o(.text)
    EXTI9_5_IRQHandler                       0x08000167   Thumb Code     0  startup_stm32f10x_hd.o(.text)
    FLASH_IRQHandler                         0x08000167   Thumb Code     0  startup_stm32f10x_hd.o(.text)
    FSMC_IRQHandler                          0x08000167   Thumb Code     0  startup_stm32f10x_hd.o(.text)
    I2C1_ER_IRQHandler                       0x08000167   Thumb Code     0  startup_stm32f10x_hd.o(.text)
    I2C1_EV_IRQHandler                       0x08000167   Thumb Code     0  startup_stm32f10x_hd.o(.text)
    I2C2_ER_IRQHandler                       0x08000167   Thumb Code     0  startup_stm32f10x_hd.o(.text)
    I2C2_EV_IRQHandler                       0x08000167   Thumb Code     0  startup_stm32f10x_hd.o(.text)
    PVD_IRQHandler                           0x08000167   Thumb Code     0  startup_stm32f10x_hd.o(.text)
    RCC_IRQHandler                           0x08000167   Thumb Code     0  startup_stm32f10x_hd.o(.text)
    RTCAlarm_IRQHandler                      0x08000167   Thumb Code     0  startup_stm32f10x_hd.o(.text)
    RTC_IRQHandler                           0x08000167   Thumb Code     0  startup_stm32f10x_hd.o(.text)
    SDIO_IRQHandler                          0x08000167   Thumb Code     0  startup_stm32f10x_hd.o(.text)
    SPI1_IRQHandler                          0x08000167   Thumb Code     0  startup_stm32f10x_hd.o(.text)
    SPI2_IRQHandler                          0x08000167   Thumb Code     0  startup_stm32f10x_hd.o(.text)
    SPI3_IRQHandler                          0x08000167   Thumb Code     0  startup_stm32f10x_hd.o(.text)
    TAMPER_IRQHandler                        0x08000167   Thumb Code     0  startup_stm32f10x_hd.o(.text)
    TIM1_BRK_IRQHandler                      0x08000167   Thumb Code     0  startup_stm32f10x_hd.o(.text)
    TIM1_CC_IRQHandler                       0x08000167   Thumb Code     0  startup_stm32f10x_hd.o(.text)
    TIM1_TRG_COM_IRQHandler                  0x08000167   Thumb Code     0  startup_stm32f10x_hd.o(.text)
    TIM1_UP_IRQHandler                       0x08000167   Thumb Code     0  startup_stm32f10x_hd.o(.text)
    TIM2_IRQHandler                          0x08000167   Thumb Code     0  startup_stm32f10x_hd.o(.text)
    TIM3_IRQHandler                          0x08000167   Thumb Code     0  startup_stm32f10x_hd.o(.text)
    TIM4_IRQHandler                          0x08000167   Thumb Code     0  startup_stm32f10x_hd.o(.text)
    TIM5_IRQHandler                          0x08000167   Thumb Code     0  startup_stm32f10x_hd.o(.text)
    TIM6_IRQHandler                          0x08000167   Thumb Code     0  startup_stm32f10x_hd.o(.text)
    TIM7_IRQHandler                          0x08000167   Thumb Code     0  startup_stm32f10x_hd.o(.text)
    TIM8_BRK_IRQHandler                      0x08000167   Thumb Code     0  startup_stm32f10x_hd.o(.text)
    TIM8_CC_IRQHandler                       0x08000167   Thumb Code     0  startup_stm32f10x_hd.o(.text)
    TIM8_TRG_COM_IRQHandler                  0x08000167   Thumb Code     0  startup_stm32f10x_hd.o(.text)
    TIM8_UP_IRQHandler                       0x08000167   Thumb Code     0  startup_stm32f10x_hd.o(.text)
    UART4_IRQHandler                         0x08000167   Thumb Code     0  startup_stm32f10x_hd.o(.text)
    UART5_IRQHandler                         0x08000167   Thumb Code     0  startup_stm32f10x_hd.o(.text)
    USART2_IRQHandler                        0x08000167   Thumb Code     0  startup_stm32f10x_hd.o(.text)
    USART3_IRQHandler                        0x08000167   Thumb Code     0  startup_stm32f10x_hd.o(.text)
    USBWakeUp_IRQHandler                     0x08000167   Thumb Code     0  startup_stm32f10x_hd.o(.text)
    USB_HP_CAN1_TX_IRQHandler                0x08000167   Thumb Code     0  startup_stm32f10x_hd.o(.text)
    USB_LP_CAN1_RX0_IRQHandler               0x08000167   Thumb Code     0  startup_stm32f10x_hd.o(.text)
    WWDG_IRQHandler                          0x08000167   Thumb Code     0  startup_stm32f10x_hd.o(.text)
    __aeabi_memcpy                           0x08000175   Thumb Code    36  memcpya.o(.text)
    __aeabi_memcpy4                          0x08000175   Thumb Code     0  memcpya.o(.text)
    __aeabi_memcpy8                          0x08000175   Thumb Code     0  memcpya.o(.text)
    __aeabi_memset                           0x08000199   Thumb Code    14  memseta.o(.text)
    __aeabi_memset4                          0x08000199   Thumb Code     0  memseta.o(.text)
    __aeabi_memset8                          0x08000199   Thumb Code     0  memseta.o(.text)
    __aeabi_memclr                           0x080001a7   Thumb Code     4  memseta.o(.text)
    __aeabi_memclr4                          0x080001a7   Thumb Code     0  memseta.o(.text)
    __aeabi_memclr8                          0x080001a7   Thumb Code     0  memseta.o(.text)
    _memset$wrapper                          0x080001ab   Thumb Code    18  memseta.o(.text)
    strncpy                                  0x080001bd   Thumb Code    24  strncpy.o(.text)
    strchr                                   0x080001d5   Thumb Code    20  strchr.o(.text)
    strlen                                   0x080001e9   Thumb Code    14  strlen.o(.text)
    memcmp                                   0x080001f7   Thumb Code    26  memcmp.o(.text)
    strcpy                                   0x08000211   Thumb Code    18  strcpy.o(.text)
    strncmp                                  0x08000223   Thumb Code    30  strncmp.o(.text)
    strrchr                                  0x08000241   Thumb Code    32  strrchr.o(.text)
    __aeabi_uldivmod                         0x08000261   Thumb Code    98  uldiv.o(.text)
    __scatterload                            0x080002c5   Thumb Code    28  init.o(.text)
    __scatterload_rt2                        0x080002c5   Thumb Code     0  init.o(.text)
    __aeabi_llsl                             0x080002e9   Thumb Code    30  llshl.o(.text)
    _ll_shift_l                              0x080002e9   Thumb Code     0  llshl.o(.text)
    __aeabi_llsr                             0x08000307   Thumb Code    32  llushr.o(.text)
    _ll_ushift_r                             0x08000307   Thumb Code     0  llushr.o(.text)
    BusFault_Handler                         0x08000327   Thumb Code     4  stm32f10x_it.o(i.BusFault_Handler)
    DebugMon_Handler                         0x0800032b   Thumb Code     2  stm32f10x_it.o(i.DebugMon_Handler)
    Delay                                    0x0800032d   Thumb Code    18  main.o(i.Delay)
    GPIO_Configuration                       0x08000369   Thumb Code   110  main.o(i.GPIO_Configuration)
    GPIO_Init                                0x080003e1   Thumb Code   278  stm32f10x_gpio.o(i.GPIO_Init)
    GPIO_ResetBits                           0x080004f7   Thumb Code     4  stm32f10x_gpio.o(i.GPIO_ResetBits)
    GPIO_SetBits                             0x080004fb   Thumb Code     4  stm32f10x_gpio.o(i.GPIO_SetBits)
    GetRunTime                               0x08000501   Thumb Code    24  systick.o(i.GetRunTime)
    HardFault_Handler                        0x0800051d   Thumb Code     4  stm32f10x_it.o(i.HardFault_Handler)
    InitNet                                  0x08000521   Thumb Code   148  main.o(i.InitNet)
    MemManage_Handler                        0x080006a5   Thumb Code     4  stm32f10x_it.o(i.MemManage_Handler)
    NMI_Handler                              0x080006a9   Thumb Code     2  stm32f10x_it.o(i.NMI_Handler)
    NVIC_Init                                0x080006ad   Thumb Code   100  misc.o(i.NVIC_Init)
    PendSV_Handler                           0x0800071d   Thumb Code     2  stm32f10x_it.o(i.PendSV_Handler)
    PrintfLogo                               0x08000721   Thumb Code    66  usart_printf.o(i.PrintfLogo)
    RCC_APB1PeriphClockCmd                   0x08000855   Thumb Code    26  stm32f10x_rcc.o(i.RCC_APB1PeriphClockCmd)
    RCC_APB1PeriphResetCmd                   0x08000875   Thumb Code    26  stm32f10x_rcc.o(i.RCC_APB1PeriphResetCmd)
    RCC_APB2PeriphClockCmd                   0x08000895   Thumb Code    26  stm32f10x_rcc.o(i.RCC_APB2PeriphClockCmd)
    RCC_APB2PeriphResetCmd                   0x080008b5   Thumb Code    26  stm32f10x_rcc.o(i.RCC_APB2PeriphResetCmd)
    RCC_GetClocksFreq                        0x080008d5   Thumb Code   192  stm32f10x_rcc.o(i.RCC_GetClocksFreq)
    SPI1_ReadWrite                           0x080009a9   Thumb Code    50  spi.o(i.SPI1_ReadWrite)
    SPI2_Init                                0x080009e1   Thumb Code   154  spi.o(i.SPI2_Init)
    SPI_Cmd                                  0x08000a85   Thumb Code    24  stm32f10x_spi.o(i.SPI_Cmd)
    SPI_I2S_GetFlagStatus                    0x08000a9d   Thumb Code    18  stm32f10x_spi.o(i.SPI_I2S_GetFlagStatus)
    SPI_I2S_ReceiveData                      0x08000aaf   Thumb Code     6  stm32f10x_spi.o(i.SPI_I2S_ReceiveData)
    SPI_I2S_SendData                         0x08000ab5   Thumb Code     4  stm32f10x_spi.o(i.SPI_I2S_SendData)
    SPI_Init                                 0x08000ab9   Thumb Code    60  stm32f10x_spi.o(i.SPI_Init)
    SVC_Handler                              0x08000af5   Thumb Code     2  stm32f10x_it.o(i.SVC_Handler)
    SysTick_Handler                          0x08000bfb   Thumb Code     8  stm32f10x_it.o(i.SysTick_Handler)
    SysTick_ISR                              0x08000c05   Thumb Code    70  systick.o(i.SysTick_ISR)
    SystemInit                               0x08000c59   Thumb Code    70  system_stm32f10x.o(i.SystemInit)
    TCP_Cmd                                  0x08000cad   Thumb Code   328  tcp_demo.o(i.TCP_Cmd)
    USART1_IRQHandler                        0x08000e71   Thumb Code    94  usart_printf.o(i.USART1_IRQHandler)
    USART2_Configuration                     0x08000ee5   Thumb Code   132  usart_printf.o(i.USART2_Configuration)
    USART_ClearFlag                          0x08000f71   Thumb Code    18  stm32f10x_usart.o(i.USART_ClearFlag)
    USART_ClearITPendingBit                  0x08000f83   Thumb Code    30  stm32f10x_usart.o(i.USART_ClearITPendingBit)
    USART_Cmd                                0x08000fa1   Thumb Code    24  stm32f10x_usart.o(i.USART_Cmd)
    USART_DeInit                             0x08000fb9   Thumb Code   134  stm32f10x_usart.o(i.USART_DeInit)
    USART_GetFlagStatus                      0x08001055   Thumb Code    26  stm32f10x_usart.o(i.USART_GetFlagStatus)
    USART_GetITStatus                        0x0800106f   Thumb Code    84  stm32f10x_usart.o(i.USART_GetITStatus)
    USART_ITConfig                           0x080010c3   Thumb Code    74  stm32f10x_usart.o(i.USART_ITConfig)
    USART_Init                               0x0800110d   Thumb Code   156  stm32f10x_usart.o(i.USART_Init)
    USART_ReceiveData                        0x080011ad   Thumb Code    10  stm32f10x_usart.o(i.USART_ReceiveData)
    USART_SendData                           0x080011b7   Thumb Code     8  stm32f10x_usart.o(i.USART_SendData)
    Uart1ASendStr                            0x080011c1   Thumb Code    44  usart_printf.o(i.Uart1ASendStr)
    Uart2ASendStr                            0x080011f1   Thumb Code    44  usart_printf.o(i.Uart2ASendStr)
    UipPro                                   0x08001221   Thumb Code   208  main.o(i.UipPro)
    UsageFault_Handler                       0x0800130d   Thumb Code     4  stm32f10x_it.o(i.UsageFault_Handler)
    __0printf$8                              0x08001311   Thumb Code    22  printf8.o(i.__0printf$8)
    __1printf$8                              0x08001311   Thumb Code     0  printf8.o(i.__0printf$8)
    __2printf                                0x08001311   Thumb Code     0  printf8.o(i.__0printf$8)
    __0snprintf$8                            0x08001331   Thumb Code    36  printf8.o(i.__0snprintf$8)
    __1snprintf$8                            0x08001331   Thumb Code     0  printf8.o(i.__0snprintf$8)
    __2snprintf                              0x08001331   Thumb Code     0  printf8.o(i.__0snprintf$8)
    __scatterload_copy                       0x08001359   Thumb Code    14  handlers.o(i.__scatterload_copy)
    __scatterload_null                       0x08001367   Thumb Code     2  handlers.o(i.__scatterload_null)
    __scatterload_zeroinit                   0x08001369   Thumb Code    14  handlers.o(i.__scatterload_zeroinit)
    clock_time                               0x080018db   Thumb Code     8  clock-arch.o(i.clock_time)
    enc28j60Init                             0x08001985   Thumb Code   418  enc28j60.o(i.enc28j60Init)
    enc28j60PacketReceive                    0x08001b91   Thumb Code   188  enc28j60.o(i.enc28j60PacketReceive)
    enc28j60PacketSend                       0x08001c51   Thumb Code   102  enc28j60.o(i.enc28j60PacketSend)
    enc28j60PhyWrite                         0x08001cb7   Thumb Code    50  enc28j60.o(i.enc28j60PhyWrite)
    enc28j60Read                             0x08001ce9   Thumb Code    20  enc28j60.o(i.enc28j60Read)
    enc28j60ReadBuffer                       0x08001cfd   Thumb Code    50  enc28j60.o(i.enc28j60ReadBuffer)
    enc28j60ReadOp                           0x08001d35   Thumb Code    62  enc28j60.o(i.enc28j60ReadOp)
    enc28j60SetBank                          0x08001d79   Thumb Code    48  enc28j60.o(i.enc28j60SetBank)
    enc28j60Write                            0x08001dad   Thumb Code    24  enc28j60.o(i.enc28j60Write)
    enc28j60WriteBuffer                      0x08001dc5   Thumb Code    44  enc28j60.o(i.enc28j60WriteBuffer)
    enc28j60WriteOp                          0x08001df5   Thumb Code    52  enc28j60.o(i.enc28j60WriteOp)
    enc28j60clkout                           0x08001e2d   Thumb Code    16  enc28j60.o(i.enc28j60clkout)
    etherdev_init                            0x08001e3d   Thumb Code    58  emc28j60_uip.o(i.etherdev_init)
    fputc                                    0x08001ed9   Thumb Code    32  usart_printf.o(i.fputc)
    htons                                    0x080024a9   Thumb Code    12  uip.o(i.htons)
    httpd_appcall                            0x080024b5   Thumb Code   154  httpd.o(i.httpd_appcall)
    httpd_cgi                                0x08002559   Thumb Code    50  httpd-cgi.o(i.httpd_cgi)
    httpd_fs_count                           0x08002595   Thumb Code    42  httpd-fs.o(i.httpd_fs_count)
    httpd_fs_open                            0x080025c9   Thumb Code    66  httpd-fs.o(i.httpd_fs_open)
    init_ip_arp_udp_tcp                      0x08002645   Thumb Code    46  ip_arp_udp_tcp.o(i.init_ip_arp_udp_tcp)
    main                                     0x08002681   Thumb Code    40  main.o(i.main)
    psock_datalen                            0x080027c3   Thumb Code    12  psock.o(i.psock_datalen)
    psock_generator_send                     0x080027d1   Thumb Code   134  psock.o(i.psock_generator_send)
    psock_init                               0x08002861   Thumb Code    40  psock.o(i.psock_init)
    psock_newdata                            0x08002889   Thumb Code    48  psock.o(i.psock_newdata)
    psock_readto                             0x080028bd   Thumb Code   142  psock.o(i.psock_readto)
    psock_send                               0x08002955   Thumb Code   112  psock.o(i.psock_send)
    tapdev_init                              0x08002cd1   Thumb Code     8  tapdev.o(i.tapdev_init)
    tapdev_read                              0x08002cd9   Thumb Code    16  tapdev.o(i.tapdev_read)
    tapdev_send                              0x08002ced   Thumb Code    14  tapdev.o(i.tapdev_send)
    tcp_demo_appcall                         0x08002d05   Thumb Code   142  tcp_demo.o(i.tcp_demo_appcall)
    tcp_server_appcall                       0x08002d99   Thumb Code    40  emc28j60_uip.o(i.tcp_server_appcall)
    timer_expired                            0x08002e3b   Thumb Code    26  timer.o(i.timer_expired)
    timer_reset                              0x08002e55   Thumb Code    10  timer.o(i.timer_reset)
    timer_set                                0x08002e5f   Thumb Code    16  timer.o(i.timer_set)
    uart_init                                0x08002e71   Thumb Code   160  usart_printf.o(i.uart_init)
    uip_add32                                0x08002f19   Thumb Code   106  uip.o(i.uip_add32)
    uip_arp_arpin                            0x08002fcd   Thumb Code   216  uip_arp.o(i.uip_arp_arpin)
    uip_arp_out                              0x080030b5   Thumb Code   366  uip_arp.o(i.uip_arp_out)
    uip_arp_timer                            0x08003255   Thumb Code    76  uip_arp.o(i.uip_arp_timer)
    uip_init                                 0x080033d1   Thumb Code    92  uip.o(i.uip_init)
    uip_ipchksum                             0x0800343d   Thumb Code    30  uip.o(i.uip_ipchksum)
    uip_listen                               0x08003461   Thumb Code    54  uip.o(i.uip_listen)
    uip_log                                  0x080034a1   Thumb Code    14  tcp_demo.o(i.uip_log)
    uip_process                              0x080034c9   Thumb Code  3988  uip.o(i.uip_process)
    uip_send                                 0x08004475   Thumb Code    38  uip.o(i.uip_send)
    uip_tcpchksum                            0x080044a5   Thumb Code    10  uip.o(i.uip_tcpchksum)
    SystemFrequency                          0x080044f8   Data           4  system_stm32f10x.o(.constdata)
    SystemFrequency_SysClk                   0x080044fc   Data           4  system_stm32f10x.o(.constdata)
    SystemFrequency_AHBClk                   0x08004500   Data           4  system_stm32f10x.o(.constdata)
    SystemFrequency_APB1Clk                  0x08004504   Data           4  system_stm32f10x.o(.constdata)
    SystemFrequency_APB2Clk                  0x08004508   Data           4  system_stm32f10x.o(.constdata)
    file_processes_shtml                     0x08005c98   Data          20  httpd-fs.o(.constdata)
    file_404_html                            0x08005cac   Data          20  httpd-fs.o(.constdata)
    file_files_shtml                         0x08005cc0   Data          20  httpd-fs.o(.constdata)
    file_footer_html                         0x08005cd4   Data          20  httpd-fs.o(.constdata)
    file_header_html                         0x08005ce8   Data          20  httpd-fs.o(.constdata)
    file_index_html                          0x08005cfc   Data          20  httpd-fs.o(.constdata)
    file_style_css                           0x08005d10   Data          20  httpd-fs.o(.constdata)
    file_tcp_shtml                           0x08005d24   Data          20  httpd-fs.o(.constdata)
    file_fade_png                            0x08005d38   Data          20  httpd-fs.o(.constdata)
    file_stats_shtml                         0x08005d4c   Data          20  httpd-fs.o(.constdata)
    http_http                                0x08005d60   Data           8  http-strings.o(.constdata)
    http_200                                 0x08005d68   Data           5  http-strings.o(.constdata)
    http_301                                 0x08005d6d   Data           5  http-strings.o(.constdata)
    http_302                                 0x08005d72   Data           5  http-strings.o(.constdata)
    http_get                                 0x08005d77   Data           5  http-strings.o(.constdata)
    http_10                                  0x08005d7c   Data           9  http-strings.o(.constdata)
    http_11                                  0x08005d85   Data           9  http-strings.o(.constdata)
    http_content_type                        0x08005d8e   Data          15  http-strings.o(.constdata)
    http_texthtml                            0x08005d9d   Data          10  http-strings.o(.constdata)
    http_location                            0x08005da7   Data          11  http-strings.o(.constdata)
    http_host                                0x08005db2   Data           7  http-strings.o(.constdata)
    http_crnl                                0x08005db9   Data           3  http-strings.o(.constdata)
    http_index_html                          0x08005dbc   Data          12  http-strings.o(.constdata)
    http_404_html                            0x08005dc8   Data          10  http-strings.o(.constdata)
    http_referer                             0x08005dd2   Data           9  http-strings.o(.constdata)
    http_header_200                          0x08005ddb   Data          84  http-strings.o(.constdata)
    http_header_404                          0x08005e2f   Data          91  http-strings.o(.constdata)
    http_content_type_plain                  0x08005e8a   Data          29  http-strings.o(.constdata)
    http_content_type_html                   0x08005ea7   Data          28  http-strings.o(.constdata)
    http_content_type_css                    0x08005ec3   Data          27  http-strings.o(.constdata)
    http_content_type_text                   0x08005ede   Data          28  http-strings.o(.constdata)
    http_content_type_png                    0x08005efa   Data          28  http-strings.o(.constdata)
    http_content_type_gif                    0x08005f16   Data          28  http-strings.o(.constdata)
    http_content_type_jpg                    0x08005f32   Data          29  http-strings.o(.constdata)
    http_content_type_binary                 0x08005f4f   Data          43  http-strings.o(.constdata)
    http_html                                0x08005f7a   Data           6  http-strings.o(.constdata)
    http_shtml                               0x08005f80   Data           7  http-strings.o(.constdata)
    http_htm                                 0x08005f87   Data           5  http-strings.o(.constdata)
    http_css                                 0x08005f8c   Data           5  http-strings.o(.constdata)
    http_png                                 0x08005f91   Data           5  http-strings.o(.constdata)
    http_gif                                 0x08005f96   Data           5  http-strings.o(.constdata)
    http_jpg                                 0x08005f9b   Data           5  http-strings.o(.constdata)
    http_text                                0x08005fa0   Data           5  http-strings.o(.constdata)
    http_txt                                 0x08005fa5   Data           5  http-strings.o(.constdata)
    Region$$Table$$Base                      0x08006034   Number         0  anon$$obj.o(Region$$Table)
    Region$$Table$$Limit                     0x08006054   Number         0  anon$$obj.o(Region$$Table)
    USART_RX_STA                             0x20000012   Data           2  usart_printf.o(.data)
    USART2_RX_STA                            0x20000014   Data           2  usart_printf.o(.data)
    g_RunTime                                0x20000018   Data           4  systick.o(.data)
    uip_hostaddr                             0x20000034   Data           4  uip.o(.data)
    uip_draddr                               0x20000038   Data           4  uip.o(.data)
    uip_netmask                              0x2000003c   Data           4  uip.o(.data)
    uip_ethaddr                              0x20000040   Data           6  uip.o(.data)
    uip_appdata                              0x20000048   Data           4  uip.o(.data)
    uip_sappdata                             0x2000004c   Data           4  uip.o(.data)
    uip_len                                  0x20000050   Data           2  uip.o(.data)
    uip_slen                                 0x20000052   Data           2  uip.o(.data)
    uip_flags                                0x20000054   Data           1  uip.o(.data)
    uip_conn                                 0x20000058   Data           4  uip.o(.data)
    uip_acc32                                0x20000064   Data           4  uip.o(.data)
    data                                     0x200000c8   Data           4  tcp_demo.o(.data)
    __stdout                                 0x200000f8   Data           4  stdout.o(.data)
    USART_RX_BUF                             0x200000fc   Data         200  usart_printf.o(.bss)
    USART2_RX_BUF                            0x200001c4   Data         200  usart_printf.o(.bss)
    g_Tmr                                    0x2000028c   Data          32  systick.o(.bss)
    uip_buf                                  0x200002ac   Data        4098  uip.o(.bss)
    uip_conns                                0x200012b0   Data        1600  uip.o(.bss)
    uip_listenports                          0x200018f0   Data          80  uip.o(.bss)
    uip_stat                                 0x20001940   Data          44  uip.o(.bss)
    __initial_sp                             0x200025e0   Data           0  startup_stm32f10x_hd.o(STACK)



==============================================================================

Memory Map of the image

  Image Entry point : 0x08000131

  Load Region LR_IROM1 (Base: 0x08000000, Size: 0x00006150, Max: 0x00010000, ABSOLUTE)

    Execution Region ER_IROM1 (Base: 0x08000000, Size: 0x00006054, Max: 0x00010000, ABSOLUTE)

    Base Addr    Size         Type   Attr      Idx    E Section Name        Object

    0x08000000   0x00000130   Data   RO          504    RESET               startup_stm32f10x_hd.o
    0x08000130   0x00000000   Code   RO         2259  * .ARM.Collect$$$$00000000  mc_w.l(entry.o)
    0x08000130   0x00000004   Code   RO         2543    .ARM.Collect$$$$00000001  mc_w.l(entry2.o)
    0x08000134   0x00000004   Code   RO         2546    .ARM.Collect$$$$00000004  mc_w.l(entry5.o)
    0x08000138   0x00000000   Code   RO         2548    .ARM.Collect$$$$00000008  mc_w.l(entry7b.o)
    0x08000138   0x00000000   Code   RO         2550    .ARM.Collect$$$$0000000A  mc_w.l(entry8b.o)
    0x08000138   0x00000008   Code   RO         2551    .ARM.Collect$$$$0000000B  mc_w.l(entry9a.o)
    0x08000140   0x00000000   Code   RO         2553    .ARM.Collect$$$$0000000D  mc_w.l(entry10a.o)
    0x08000140   0x00000000   Code   RO         2555    .ARM.Collect$$$$0000000F  mc_w.l(entry11a.o)
    0x08000140   0x00000004   Code   RO         2544    .ARM.Collect$$$$00002712  mc_w.l(entry2.o)
    0x08000144   0x00000030   Code   RO          505    .text               startup_stm32f10x_hd.o
    0x08000174   0x00000024   Code   RO         2262    .text               mc_w.l(memcpya.o)
    0x08000198   0x00000024   Code   RO         2264    .text               mc_w.l(memseta.o)
    0x080001bc   0x00000018   Code   RO         2266    .text               mc_w.l(strncpy.o)
    0x080001d4   0x00000014   Code   RO         2268    .text               mc_w.l(strchr.o)
    0x080001e8   0x0000000e   Code   RO         2270    .text               mc_w.l(strlen.o)
    0x080001f6   0x0000001a   Code   RO         2272    .text               mc_w.l(memcmp.o)
    0x08000210   0x00000012   Code   RO         2274    .text               mc_w.l(strcpy.o)
    0x08000222   0x0000001e   Code   RO         2276    .text               mc_w.l(strncmp.o)
    0x08000240   0x00000020   Code   RO         2278    .text               mc_w.l(strrchr.o)
    0x08000260   0x00000062   Code   RO         2560    .text               mc_w.l(uldiv.o)
    0x080002c2   0x00000002   PAD
    0x080002c4   0x00000024   Code   RO         2573    .text               mc_w.l(init.o)
    0x080002e8   0x0000001e   Code   RO         2575    .text               mc_w.l(llshl.o)
    0x08000306   0x00000020   Code   RO         2577    .text               mc_w.l(llushr.o)
    0x08000326   0x00000004   Code   RO          198    i.BusFault_Handler  stm32f10x_it.o
    0x0800032a   0x00000002   Code   RO          199    i.DebugMon_Handler  stm32f10x_it.o
    0x0800032c   0x00000012   Code   RO            1    i.Delay             main.o
    0x0800033e   0x00000002   PAD
    0x08000340   0x00000028   Code   RO            2    i.DispLogo          main.o
    0x08000368   0x00000078   Code   RO            3    i.GPIO_Configuration  main.o
    0x080003e0   0x00000116   Code   RO          920    i.GPIO_Init         stm32f10x_gpio.o
    0x080004f6   0x00000004   Code   RO          927    i.GPIO_ResetBits    stm32f10x_gpio.o
    0x080004fa   0x00000004   Code   RO          928    i.GPIO_SetBits      stm32f10x_gpio.o
    0x080004fe   0x00000002   PAD
    0x08000500   0x0000001c   Code   RO          363    i.GetRunTime        systick.o
    0x0800051c   0x00000004   Code   RO          200    i.HardFault_Handler  stm32f10x_it.o
    0x08000520   0x00000110   Code   RO            4    i.InitNet           main.o
    0x08000630   0x00000074   Code   RO            5    i.Init_fd           main.o
    0x080006a4   0x00000004   Code   RO          201    i.MemManage_Handler  stm32f10x_it.o
    0x080006a8   0x00000002   Code   RO          202    i.NMI_Handler       stm32f10x_it.o
    0x080006aa   0x00000002   PAD
    0x080006ac   0x00000070   Code   RO          710    i.NVIC_Init         misc.o
    0x0800071c   0x00000002   Code   RO          203    i.PendSV_Handler    stm32f10x_it.o
    0x0800071e   0x00000002   PAD
    0x08000720   0x00000134   Code   RO          267    i.PrintfLogo        usart_printf.o
    0x08000854   0x00000020   Code   RO          512    i.RCC_APB1PeriphClockCmd  stm32f10x_rcc.o
    0x08000874   0x00000020   Code   RO          513    i.RCC_APB1PeriphResetCmd  stm32f10x_rcc.o
    0x08000894   0x00000020   Code   RO          514    i.RCC_APB2PeriphClockCmd  stm32f10x_rcc.o
    0x080008b4   0x00000020   Code   RO          515    i.RCC_APB2PeriphResetCmd  stm32f10x_rcc.o
    0x080008d4   0x000000d4   Code   RO          522    i.RCC_GetClocksFreq  stm32f10x_rcc.o
    0x080009a8   0x00000038   Code   RO          409    i.SPI1_ReadWrite    spi.o
    0x080009e0   0x000000a4   Code   RO          410    i.SPI2_Init         spi.o
    0x08000a84   0x00000018   Code   RO         1153    i.SPI_Cmd           stm32f10x_spi.o
    0x08000a9c   0x00000012   Code   RO         1161    i.SPI_I2S_GetFlagStatus  stm32f10x_spi.o
    0x08000aae   0x00000006   Code   RO         1164    i.SPI_I2S_ReceiveData  stm32f10x_spi.o
    0x08000ab4   0x00000004   Code   RO         1165    i.SPI_I2S_SendData  stm32f10x_spi.o
    0x08000ab8   0x0000003c   Code   RO         1166    i.SPI_Init          stm32f10x_spi.o
    0x08000af4   0x00000002   Code   RO          204    i.SVC_Handler       stm32f10x_it.o
    0x08000af6   0x00000008   Code   RO         1302    i.SetSysClock       system_stm32f10x.o
    0x08000afe   0x00000002   PAD
    0x08000b00   0x000000e4   Code   RO         1303    i.SetSysClockTo72   system_stm32f10x.o
    0x08000be4   0x00000016   Code   RO          364    i.SoftTimerDec      systick.o
    0x08000bfa   0x00000008   Code   RO          205    i.SysTick_Handler   stm32f10x_it.o
    0x08000c02   0x00000002   PAD
    0x08000c04   0x00000054   Code   RO          366    i.SysTick_ISR       systick.o
    0x08000c58   0x00000054   Code   RO         1304    i.SystemInit        system_stm32f10x.o
    0x08000cac   0x000001c4   Code   RO         2119    i.TCP_Cmd           tcp_demo.o
    0x08000e70   0x00000074   Code   RO          268    i.USART1_IRQHandler  usart_printf.o
    0x08000ee4   0x0000008c   Code   RO          270    i.USART2_Configuration  usart_printf.o
    0x08000f70   0x00000012   Code   RO          746    i.USART_ClearFlag   stm32f10x_usart.o
    0x08000f82   0x0000001e   Code   RO          747    i.USART_ClearITPendingBit  stm32f10x_usart.o
    0x08000fa0   0x00000018   Code   RO          750    i.USART_Cmd         stm32f10x_usart.o
    0x08000fb8   0x0000009c   Code   RO          752    i.USART_DeInit      stm32f10x_usart.o
    0x08001054   0x0000001a   Code   RO          753    i.USART_GetFlagStatus  stm32f10x_usart.o
    0x0800106e   0x00000054   Code   RO          754    i.USART_GetITStatus  stm32f10x_usart.o
    0x080010c2   0x0000004a   Code   RO          756    i.USART_ITConfig    stm32f10x_usart.o
    0x0800110c   0x000000a0   Code   RO          757    i.USART_Init        stm32f10x_usart.o
    0x080011ac   0x0000000a   Code   RO          762    i.USART_ReceiveData  stm32f10x_usart.o
    0x080011b6   0x00000008   Code   RO          765    i.USART_SendData    stm32f10x_usart.o
    0x080011be   0x00000002   PAD
    0x080011c0   0x00000030   Code   RO          271    i.Uart1ASendStr     usart_printf.o
    0x080011f0   0x00000030   Code   RO          272    i.Uart2ASendStr     usart_printf.o
    0x08001220   0x000000ec   Code   RO            6    i.UipPro            main.o
    0x0800130c   0x00000004   Code   RO          206    i.UsageFault_Handler  stm32f10x_it.o
    0x08001310   0x00000020   Code   RO         2489    i.__0printf$8       mc_w.l(printf8.o)
    0x08001330   0x00000028   Code   RO         2490    i.__0snprintf$8     mc_w.l(printf8.o)
    0x08001358   0x0000000e   Code   RO         2585    i.__scatterload_copy  mc_w.l(handlers.o)
    0x08001366   0x00000002   Code   RO         2586    i.__scatterload_null  mc_w.l(handlers.o)
    0x08001368   0x0000000e   Code   RO         2587    i.__scatterload_zeroinit  mc_w.l(handlers.o)
    0x08001376   0x00000002   PAD
    0x08001378   0x00000408   Code   RO         2496    i._printf_core      mc_w.l(printf8.o)
    0x08001780   0x00000024   Code   RO         2497    i._printf_post_padding  mc_w.l(printf8.o)
    0x080017a4   0x0000002e   Code   RO         2498    i._printf_pre_padding  mc_w.l(printf8.o)
    0x080017d2   0x00000016   Code   RO         2499    i._snputc           mc_w.l(printf8.o)
    0x080017e8   0x00000002   Code   RO         2120    i.aborted           tcp_demo.o
    0x080017ea   0x00000002   PAD
    0x080017ec   0x0000003c   Code   RO         2121    i.acked             tcp_demo.o
    0x08001828   0x00000066   Code   RO         1331    i.buf_bufto         psock.o
    0x0800188e   0x00000006   Code   RO         1332    i.buf_setup         psock.o
    0x08001894   0x00000046   Code   RO         1436    i.chksum            uip.o
    0x080018da   0x00000008   Code   RO         2247    i.clock_time        clock-arch.o
    0x080018e2   0x00000002   Code   RO         2122    i.closed            tcp_demo.o
    0x080018e4   0x00000044   Code   RO         2123    i.connected         tcp_demo.o
    0x08001928   0x0000005c   Code   RO         1333    i.data_acked        psock.o
    0x08001984   0x0000020c   Code   RO         1908    i.enc28j60Init      enc28j60.o
    0x08001b90   0x000000c0   Code   RO         1909    i.enc28j60PacketReceive  enc28j60.o
    0x08001c50   0x00000066   Code   RO         1910    i.enc28j60PacketSend  enc28j60.o
    0x08001cb6   0x00000032   Code   RO         1911    i.enc28j60PhyWrite  enc28j60.o
    0x08001ce8   0x00000014   Code   RO         1912    i.enc28j60Read      enc28j60.o
    0x08001cfc   0x00000038   Code   RO         1913    i.enc28j60ReadBuffer  enc28j60.o
    0x08001d34   0x00000044   Code   RO         1914    i.enc28j60ReadOp    enc28j60.o
    0x08001d78   0x00000034   Code   RO         1915    i.enc28j60SetBank   enc28j60.o
    0x08001dac   0x00000018   Code   RO         1916    i.enc28j60Write     enc28j60.o
    0x08001dc4   0x00000030   Code   RO         1917    i.enc28j60WriteBuffer  enc28j60.o
    0x08001df4   0x00000038   Code   RO         1918    i.enc28j60WriteOp   enc28j60.o
    0x08001e2c   0x00000010   Code   RO         1919    i.enc28j60clkout    enc28j60.o
    0x08001e3c   0x0000004c   Code   RO         2182    i.etherdev_init     emc28j60_uip.o
    0x08001e88   0x00000050   Code   RO         1811    i.file_stats        httpd-cgi.o
    0x08001ed8   0x00000024   Code   RO          274    i.fputc             usart_printf.o
    0x08001efc   0x0000002c   Code   RO         1812    i.generate_file_stats  httpd-cgi.o
    0x08001f28   0x00000034   Code   RO         1813    i.generate_net_stats  httpd-cgi.o
    0x08001f5c   0x00000048   Code   RO         1737    i.generate_part_of_file  httpd.o
    0x08001fa4   0x000000b4   Code   RO         1814    i.generate_tcp_stats  httpd-cgi.o
    0x08002058   0x0000001a   Code   RO         1738    i.handle_connection  httpd.o
    0x08002072   0x00000002   PAD
    0x08002074   0x000001a4   Code   RO         1739    i.handle_input      httpd.o
    0x08002218   0x00000110   Code   RO         1740    i.handle_output     httpd.o
    0x08002328   0x00000180   Code   RO         1741    i.handle_script     httpd.o
    0x080024a8   0x0000000c   Code   RO         1437    i.htons             uip.o
    0x080024b4   0x000000a4   Code   RO         1742    i.httpd_appcall     httpd.o
    0x08002558   0x0000003c   Code   RO         1815    i.httpd_cgi         httpd-cgi.o
    0x08002594   0x00000034   Code   RO         1862    i.httpd_fs_count    httpd-fs.o
    0x080025c8   0x0000004c   Code   RO         1864    i.httpd_fs_open     httpd-fs.o
    0x08002614   0x00000030   Code   RO         1865    i.httpd_fs_strcmp   httpd-fs.o
    0x08002644   0x0000003c   Code   RO         2007    i.init_ip_arp_udp_tcp  ip_arp_udp_tcp.o
    0x08002680   0x00000028   Code   RO            7    i.main              main.o
    0x080026a8   0x0000005c   Code   RO         1816    i.net_stats         httpd-cgi.o
    0x08002704   0x00000084   Code   RO         2124    i.newdata           tcp_demo.o
    0x08002788   0x00000022   Code   RO         1744    i.next_scriptstate  httpd.o
    0x080027aa   0x00000018   Code   RO         1817    i.nullfunction      httpd-cgi.o
    0x080027c2   0x0000000c   Code   RO         1334    i.psock_datalen     psock.o
    0x080027ce   0x00000002   PAD
    0x080027d0   0x00000090   Code   RO         1335    i.psock_generator_send  psock.o
    0x08002860   0x00000028   Code   RO         1336    i.psock_init        psock.o
    0x08002888   0x00000034   Code   RO         1337    i.psock_newdata     psock.o
    0x080028bc   0x00000098   Code   RO         1339    i.psock_readto      psock.o
    0x08002954   0x00000070   Code   RO         1340    i.psock_send        psock.o
    0x080029c4   0x00000050   Code   RO         1341    i.send_data         psock.o
    0x08002a14   0x00000064   Code   RO         1745    i.send_file         httpd.o
    0x08002a78   0x000001f8   Code   RO         1746    i.send_headers      httpd.o
    0x08002c70   0x0000003e   Code   RO         1747    i.send_part_of_file  httpd.o
    0x08002cae   0x00000002   PAD
    0x08002cb0   0x00000020   Code   RO         2125    i.senddata          tcp_demo.o
    0x08002cd0   0x00000008   Code   RO         2220    i.tapdev_init       tapdev.o
    0x08002cd8   0x00000014   Code   RO         2221    i.tapdev_read       tapdev.o
    0x08002cec   0x00000018   Code   RO         2222    i.tapdev_send       tapdev.o
    0x08002d04   0x00000094   Code   RO         2126    i.tcp_demo_appcall  tcp_demo.o
    0x08002d98   0x0000002c   Code   RO         2186    i.tcp_server_appcall  emc28j60_uip.o
    0x08002dc4   0x00000074   Code   RO         1818    i.tcp_stats         httpd-cgi.o
    0x08002e38   0x00000002   Code   RO         2127    i.timedout          tcp_demo.o
    0x08002e3a   0x0000001a   Code   RO         1406    i.timer_expired     timer.o
    0x08002e54   0x0000000a   Code   RO         1407    i.timer_reset       timer.o
    0x08002e5e   0x00000010   Code   RO         1409    i.timer_set         timer.o
    0x08002e6e   0x00000002   PAD
    0x08002e70   0x000000a8   Code   RO          276    i.uart_init         usart_printf.o
    0x08002f18   0x00000070   Code   RO         1438    i.uip_add32         uip.o
    0x08002f88   0x00000044   Code   RO         1439    i.uip_add_rcv_nxt   uip.o
    0x08002fcc   0x000000e8   Code   RO         1553    i.uip_arp_arpin     uip_arp.o
    0x080030b4   0x000001a0   Code   RO         1555    i.uip_arp_out       uip_arp.o
    0x08003254   0x00000058   Code   RO         1556    i.uip_arp_timer     uip_arp.o
    0x080032ac   0x00000124   Code   RO         1557    i.uip_arp_update    uip_arp.o
    0x080033d0   0x0000006c   Code   RO         1442    i.uip_init          uip.o
    0x0800343c   0x00000024   Code   RO         1443    i.uip_ipchksum      uip.o
    0x08003460   0x00000040   Code   RO         1444    i.uip_listen        uip.o
    0x080034a0   0x00000028   Code   RO         2128    i.uip_log           tcp_demo.o
    0x080034c8   0x00000fac   Code   RO         1445    i.uip_process       uip.o
    0x08004474   0x00000030   Code   RO         1446    i.uip_send          uip.o
    0x080044a4   0x0000000a   Code   RO         1448    i.uip_tcpchksum     uip.o
    0x080044ae   0x00000002   PAD
    0x080044b0   0x00000048   Code   RO         1451    i.upper_layer_chksum  uip.o
    0x080044f8   0x00000014   Data   RO         1305    .constdata          system_stm32f10x.o
    0x0800450c   0x00000008   Data   RO         1453    .constdata          uip.o
    0x08004514   0x0000000a   Data   RO         1559    .constdata          uip_arp.o
    0x0800451e   0x00000002   PAD
    0x08004520   0x0000006e   Data   RO         1819    .constdata          httpd-cgi.o
    0x0800458e   0x00000002   PAD
    0x08004590   0x000017d0   Data   RO         1867    .constdata          httpd-fs.o
    0x08005d60   0x0000024a   Data   RO         1901    .constdata          http-strings.o
    0x08005faa   0x00000002   PAD
    0x08005fac   0x00000086   Data   RO         1820    .conststring        httpd-cgi.o
    0x08006032   0x00000002   PAD
    0x08006034   0x00000020   Data   RO         2583    Region$$Table       anon$$obj.o


    Execution Region RW_IRAM1 (Base: 0x20000000, Size: 0x000025e0, Max: 0x00005000, ABSOLUTE)

    Base Addr    Size         Type   Attr      Idx    E Section Name        Object

    0x20000000   0x00000011   Data   RW            8    .data               main.o
    0x20000011   0x00000001   PAD
    0x20000012   0x00000004   Data   RW          278    .data               usart_printf.o
    0x20000016   0x00000002   PAD
    0x20000018   0x00000005   Data   RW          368    .data               systick.o
    0x2000001d   0x00000014   Data   RW          542    .data               stm32f10x_rcc.o
    0x20000031   0x00000003   PAD
    0x20000034   0x00000038   Data   RW         1454    .data               uip.o
    0x2000006c   0x00000008   Data   RW         1560    .data               uip_arp.o
    0x20000074   0x00000034   Data   RW         1821    .data               httpd-cgi.o
    0x200000a8   0x00000008   Data   RW         1921    .data               enc28j60.o
    0x200000b0   0x00000015   Data   RW         2018    .data               ip_arp_udp_tcp.o
    0x200000c5   0x00000003   PAD
    0x200000c8   0x00000008   Data   RW         2130    .data               tcp_demo.o
    0x200000d0   0x00000028   Data   RW         2187    .data               emc28j60_uip.o
    0x200000f8   0x00000004   Data   RW         2557    .data               mc_w.l(stdout.o)
    0x200000fc   0x00000190   Zero   RW          277    .bss                usart_printf.o
    0x2000028c   0x00000020   Zero   RW          367    .bss                systick.o
    0x200002ac   0x000016c0   Zero   RW         1452    .bss                uip.o
    0x2000196c   0x00000060   Zero   RW         1558    .bss                uip_arp.o
    0x200019cc   0x00000014   Zero   RW         1866    .bss                httpd-fs.o
    0x200019e0   0x00000800   Zero   RW         2129    .bss                tcp_demo.o
    0x200021e0   0x00000400   Zero   RW          502    STACK               startup_stm32f10x_hd.o


==============================================================================

Image component sizes


      Code (inc. data)   RO Data    RW Data    ZI Data      Debug   Object Name

         8          0          0          0          0        501   clock-arch.o
       120         22          0         40          0       2081   emc28j60_uip.o
      1208        134          0          8          0       7739   enc28j60.o
         0          0        586          0          0       2245   http-strings.o
       648         74        244         52          0       6172   httpd-cgi.o
       176         20       6096          0         20       4762   httpd-fs.o
      2038        130          0          0          0       7992   httpd.o
        60         14          0         21          0       1526   ip_arp_udp_tcp.o
       842        202          0         17          0     254973   main.o
       112         12          0          0          0       1112   misc.o
       792         44          0          0          0       6972   psock.o
       220         16          0          0          0       8313   spi.o
        48         12        304          0       1024        936   startup_stm32f10x_hd.o
       286          0          0          0          0       3192   stm32f10x_gpio.o
        32          0          0          0          0       3918   stm32f10x_it.o
       340         44          0         20          0       5820   stm32f10x_rcc.o
       112          0          0          0          0       4038   stm32f10x_spi.o
       590         26          0          0          0       8192   stm32f10x_usart.o
       320         22         20          0          0       2505   system_stm32f10x.o
       134         18          0          5         32       7033   systick.o
        52         14          0          0          0       1422   tapdev.o
       938        234          0          8       2048       5714   tcp_demo.o
        52          0          0          0          0       1898   timer.o
      4612        548          8         56       5824      16584   uip.o
      1028         98         10          8         96       3914   uip_arp.o
       864        292          0          4        400       6816   usart_printf.o
         0          0          0          0          0       1048   web_server.o

    ----------------------------------------------------------------------
     15658       1976       7308        248       9444     377418   Object Totals
         0          0         32          0          0          0   (incl. Generated)
        26          0          8          9          0          0   (incl. Padding)

    ----------------------------------------------------------------------

      Code (inc. data)   RO Data    RW Data    ZI Data      Debug   Library Member Name

         0          0          0          0          0          0   entry.o
         0          0          0          0          0          0   entry10a.o
         0          0          0          0          0          0   entry11a.o
         8          4          0          0          0          0   entry2.o
         4          0          0          0          0          0   entry5.o
         0          0          0          0          0          0   entry7b.o
         0          0          0          0          0          0   entry8b.o
         8          4          0          0          0          0   entry9a.o
        30          0          0          0          0          0   handlers.o
        36          8          0          0          0         68   init.o
        30          0          0          0          0         68   llshl.o
        32          0          0          0          0         68   llushr.o
        26          0          0          0          0         80   memcmp.o
        36          0          0          0          0         68   memcpya.o
        36          0          0          0          0        108   memseta.o
      1208         58          0          0          0        504   printf8.o
         0          0          0          4          0          0   stdout.o
        20          0          0          0          0         68   strchr.o
        18          0          0          0          0         68   strcpy.o
        14          0          0          0          0         68   strlen.o
        30          0          0          0          0         80   strncmp.o
        24          0          0          0          0         76   strncpy.o
        32          0          0          0          0         68   strrchr.o
        98          0          0          0          0         92   uldiv.o

    ----------------------------------------------------------------------
      1694         74          0          4          0       1484   Library Totals
         4          0          0          0          0          0   (incl. Padding)

    ----------------------------------------------------------------------

      Code (inc. data)   RO Data    RW Data    ZI Data      Debug   Library Name

      1690         74          0          4          0       1484   mc_w.l

    ----------------------------------------------------------------------
      1694         74          0          4          0       1484   Library Totals

    ----------------------------------------------------------------------

==============================================================================


      Code (inc. data)   RO Data    RW Data    ZI Data      Debug   

     17352       2050       7308        252       9444     371566   Grand Totals
     17352       2050       7308        252       9444     371566   ELF Image Totals
     17352       2050       7308        252          0          0   ROM Totals

==============================================================================

    Total RO  Size (Code + RO Data)                24660 (  24.08kB)
    Total RW  Size (RW Data + ZI Data)              9696 (   9.47kB)
    Total ROM Size (Code + RO Data + RW Data)      24912 (  24.33kB)

==============================================================================

