Product: MDK-ARM Standard 5.10
Component: ARM Compiler 5.04 update 1 (build 49)
Tool: armlink [5040049]

==============================================================================

Section Cross References

    main.o(i.DispLogo) refers to usart_printf.o(i.PrintfLogo) for PrintfLogo
    main.o(i.GPIO_Configuration) refers to stm32f10x_rcc.o(i.RCC_APB2PeriphClockCmd) for RCC_APB2PeriphClockCmd
    main.o(i.GPIO_Configuration) refers to stm32f10x_gpio.o(i.GPIO_Init) for GPIO_Init
    main.o(i.GPIO_Configuration) refers to stm32f10x_gpio.o(i.GPIO_ResetBits) for GPIO_ResetBits
    main.o(i.GPIO_Configuration) refers to main.o(i.Delay) for Delay
    main.o(i.GPIO_Configuration) refers to stm32f10x_gpio.o(i.GPIO_SetBits) for GPIO_SetBits
    main.o(i.InitNet) refers to tapdev.o(i.tapdev_init) for tapdev_init
    main.o(i.InitNet) refers to printf8.o(i.__0printf$8) for __2printf
    main.o(i.InitNet) refers to uip.o(i.uip_init) for uip_init
    main.o(i.InitNet) refers to uip.o(.data) for uip_hostaddr
    main.o(i.Init_fd) refers to system_stm32f10x.o(i.SystemInit) for SystemInit
    main.o(i.Init_fd) refers to main.o(i.GPIO_Configuration) for GPIO_Configuration
    main.o(i.Init_fd) refers to usart_printf.o(i.USART_Configuration) for USART_Configuration
    main.o(i.Init_fd) refers to system_stm32f10x.o(.constdata) for SystemFrequency
    main.o(i.UipPro) refers to timer.o(i.timer_set) for timer_set
    main.o(i.UipPro) refers to tapdev.o(i.tapdev_read) for tapdev_read
    main.o(i.UipPro) refers to uip.o(i.htons) for htons
    main.o(i.UipPro) refers to uip.o(i.uip_process) for uip_process
    main.o(i.UipPro) refers to uip_arp.o(i.uip_arp_out) for uip_arp_out
    main.o(i.UipPro) refers to tapdev.o(i.tapdev_send) for tapdev_send
    main.o(i.UipPro) refers to uip_arp.o(i.uip_arp_arpin) for uip_arp_arpin
    main.o(i.UipPro) refers to timer.o(i.timer_expired) for timer_expired
    main.o(i.UipPro) refers to timer.o(i.timer_reset) for timer_reset
    main.o(i.UipPro) refers to uip_arp.o(i.uip_arp_timer) for uip_arp_timer
    main.o(i.UipPro) refers to main.o(.data) for timer_ok
    main.o(i.UipPro) refers to uip.o(.data) for uip_len
    main.o(i.UipPro) refers to uip.o(.bss) for uip_buf
    main.o(i.main) refers to main.o(i.Init_fd) for Init_fd
    main.o(i.main) refers to main.o(i.DispLogo) for DispLogo
    main.o(i.main) refers to spi.o(i.SPI2_Init) for SPI2_Init
    main.o(i.main) refers to main.o(i.InitNet) for InitNet
    main.o(i.main) refers to uip.o(i.uip_listen) for uip_listen
    main.o(i.main) refers to main.o(i.UipPro) for UipPro
    stm32f10x_it.o(i.SysTick_Handler) refers to systick.o(i.SysTick_ISR) for SysTick_ISR
    usart_printf.o(i.PrintfLogo) refers to printf8.o(i.__0printf$8) for __2printf
    usart_printf.o(i.USART_Configuration) refers to stm32f10x_rcc.o(i.RCC_APB2PeriphClockCmd) for RCC_APB2PeriphClockCmd
    usart_printf.o(i.USART_Configuration) refers to stm32f10x_rcc.o(i.RCC_APB1PeriphClockCmd) for RCC_APB1PeriphClockCmd
    usart_printf.o(i.USART_Configuration) refers to stm32f10x_gpio.o(i.GPIO_Init) for GPIO_Init
    usart_printf.o(i.USART_Configuration) refers to stm32f10x_usart.o(i.USART_Init) for USART_Init
    usart_printf.o(i.USART_Configuration) refers to stm32f10x_usart.o(i.USART_Cmd) for USART_Cmd
    usart_printf.o(i.USART_Configuration) refers to stm32f10x_usart.o(i.USART_ClearFlag) for USART_ClearFlag
    usart_printf.o(i.fgetc) refers to stm32f10x_usart.o(i.USART_GetFlagStatus) for USART_GetFlagStatus
    usart_printf.o(i.fgetc) refers to stm32f10x_usart.o(i.USART_ReceiveData) for USART_ReceiveData
    usart_printf.o(i.fputc) refers to stm32f10x_usart.o(i.USART_SendData) for USART_SendData
    usart_printf.o(i.fputc) refers to stm32f10x_usart.o(i.USART_GetFlagStatus) for USART_GetFlagStatus
    systick.o(i.CheckTimer) refers to systick.o(.bss) for g_Tmr
    systick.o(i.DelayMS) refers to systick.o(.bss) for g_Tmr
    systick.o(i.GetRunTime) refers to systick.o(.data) for g_RunTime
    systick.o(i.StartTimer) refers to systick.o(.bss) for g_Tmr
    systick.o(i.SysTick_ISR) refers to systick.o(i.SoftTimerDec) for SoftTimerDec
    systick.o(i.SysTick_ISR) refers to systick.o(.bss) for g_Tmr
    systick.o(i.SysTick_ISR) refers to systick.o(.data) for s_count
    spi.o(i.SPI1_ReadWrite) refers to stm32f10x_spi.o(i.SPI_I2S_GetFlagStatus) for SPI_I2S_GetFlagStatus
    spi.o(i.SPI1_ReadWrite) refers to stm32f10x_spi.o(i.SPI_I2S_SendData) for SPI_I2S_SendData
    spi.o(i.SPI1_ReadWrite) refers to stm32f10x_spi.o(i.SPI_I2S_ReceiveData) for SPI_I2S_ReceiveData
    spi.o(i.SPI2_Init) refers to stm32f10x_rcc.o(i.RCC_APB2PeriphClockCmd) for RCC_APB2PeriphClockCmd
    spi.o(i.SPI2_Init) refers to stm32f10x_gpio.o(i.GPIO_Init) for GPIO_Init
    spi.o(i.SPI2_Init) refers to stm32f10x_gpio.o(i.GPIO_SetBits) for GPIO_SetBits
    spi.o(i.SPI2_Init) refers to stm32f10x_spi.o(i.SPI_Init) for SPI_Init
    spi.o(i.SPI2_Init) refers to stm32f10x_spi.o(i.SPI_Cmd) for SPI_Cmd
[...]
    Removing timer.o(i.timer_restart), (12 bytes).
    Removing uip.o(i.uip_chksum), (24 bytes).
    Removing uip.o(i.uip_connect), (272 bytes).
    Removing uip.o(i.uip_setipid), (12 bytes).
    Removing uip.o(i.uip_udpchksum), (10 bytes).
    Removing uip.o(i.uip_unlisten), (68 bytes).
    Removing uip_arp.o(i.uip_arp_init), (56 bytes).
    Removing uip-fw.o(i.find_netif), (52 bytes).
    Removing uip-fw.o(i.fwcache_register), (116 bytes).
    Removing uip-fw.o(i.ipaddr_maskcmp), (44 bytes).
    Removing uip-fw.o(i.time_exceeded), (172 bytes).
    Removing uip-fw.o(i.uip_fw_default), (12 bytes).
    Removing uip-fw.o(i.uip_fw_forward), (240 bytes).
    Removing uip-fw.o(i.uip_fw_init), (44 bytes).
    Removing uip-fw.o(i.uip_fw_output), (40 bytes).
    Removing uip-fw.o(i.uip_fw_periodic), (32 bytes).
    Removing uip-fw.o(i.uip_fw_register), (16 bytes).
    Removing uip-fw.o(.bss), (28 bytes).
    Removing uip-fw.o(.data), (8 bytes).
    Removing uiplib.o(i.uiplib_ipaddrconv), (94 bytes).
    Removing uip-neighbor.o(i.find_entry), (68 bytes).
    Removing uip-neighbor.o(i.uip_neighbor_add), (208 bytes).
    Removing uip-neighbor.o(i.uip_neighbor_init), (32 bytes).
    Removing uip-neighbor.o(i.uip_neighbor_lookup), (22 bytes).
    Removing uip-neighbor.o(i.uip_neighbor_periodic), (56 bytes).
    Removing uip-neighbor.o(i.uip_neighbor_update), (20 bytes).
    Removing uip-neighbor.o(.bss), (96 bytes).
    Removing uip-neighbor.o(.conststring), (65 bytes).
    Removing uip-split.o(i.uip_split_output), (268 bytes).
    Removing httpd.o(i.httpd_init), (12 bytes).
    Removing httpd.o(.data), (4 bytes).
    Removing httpd-fs.o(i.httpd_fs_init), (28 bytes).
    Removing enc28j60.o(i.enc28j60getrev), (10 bytes).
    Removing ip_arp_udp_tcp.o(i.checksum), (84 bytes).
    Removing ip_arp_udp_tcp.o(i.eth_type_is_arp_and_my_ip), (68 bytes).
    Removing ip_arp_udp_tcp.o(i.eth_type_is_ip_and_my_ip), (76 bytes).
    Removing ip_arp_udp_tcp.o(i.fill_ip_hdr_checksum), (44 bytes).
    Removing ip_arp_udp_tcp.o(i.fill_tcp_data), (28 bytes).
    Removing ip_arp_udp_tcp.o(i.fill_tcp_data_p), (26 bytes).
    Removing ip_arp_udp_tcp.o(i.get_tcp_data_pointer), (28 bytes).
    Removing ip_arp_udp_tcp.o(i.init_len_info), (64 bytes).
    Removing ip_arp_udp_tcp.o(i.make_arp_answer_from_request), (100 bytes).
    Removing ip_arp_udp_tcp.o(i.make_echo_reply_from_request), (62 bytes).
    Removing ip_arp_udp_tcp.o(i.make_eth), (36 bytes).
    Removing ip_arp_udp_tcp.o(i.make_ip), (48 bytes).
    Removing ip_arp_udp_tcp.o(i.make_tcp_ack_from_any), (104 bytes).
    Removing ip_arp_udp_tcp.o(i.make_tcp_ack_with_data), (76 bytes).
    Removing ip_arp_udp_tcp.o(i.make_tcp_synack_from_syn), (76 bytes).
    Removing ip_arp_udp_tcp.o(i.make_tcphead), (172 bytes).
    Removing ip_arp_udp_tcp.o(i.make_udp_reply_from_request), (122 bytes).
    Removing emc28j60_uip.o(i.etherdev_poll), (4 bytes).
    Removing emc28j60_uip.o(i.etherdev_read), (18 bytes).
    Removing emc28j60_uip.o(i.etherdev_send), (16 bytes).
    Removing dadd.o(.text), (334 bytes).
    Removing dmul.o(.text), (228 bytes).
    Removing ddiv.o(.text), (222 bytes).
    Removing dfixul.o(.text), (48 bytes).
    Removing cdrcmple.o(.text), (40 bytes).
    Removing depilogue.o(.text), (182 bytes).

175 unused section(s) (total 10075 bytes) removed from the image.

==============================================================================

Image Symbol Table

    Local Symbols

    Symbol Name                              Value     Ov Type        Size  Object(Section)

    ../clib/microlib/division.c              0x00000000   Number         0  uldiv.o ABSOLUTE
    ../clib/microlib/division.c              0x00000000   Number         0  uidiv.o ABSOLUTE
    ../clib/microlib/init/entry.s            0x00000000   Number         0  entry7b.o ABSOLUTE
    ../clib/microlib/init/entry.s            0x00000000   Number         0  entry11b.o ABSOLUTE
    ../clib/microlib/init/entry.s            0x00000000   Number         0  entry11a.o ABSOLUTE
    ../clib/microlib/init/entry.s            0x00000000   Number         0  entry8a.o ABSOLUTE
    ../clib/microlib/init/entry.s            0x00000000   Number         0  entry10b.o ABSOLUTE
    ../clib/microlib/init/entry.s            0x00000000   Number         0  entry9a.o ABSOLUTE
    ../clib/microlib/init/entry.s            0x00000000   Number         0  entry8b.o ABSOLUTE
    ../clib/microlib/init/entry.s            0x00000000   Number         0  entry10a.o ABSOLUTE
    ../clib/microlib/init/entry.s            0x00000000   Number         0  entry9b.o ABSOLUTE
    ../clib/microlib/init/entry.s            0x00000000   Number         0  entry.o ABSOLUTE
    ../clib/microlib/init/entry.s            0x00000000   Number         0  entry2.o ABSOLUTE
    ../clib/microlib/init/entry.s            0x00000000   Number         0  entry5.o ABSOLUTE
    ../clib/microlib/init/entry.s            0x00000000   Number         0  entry7a.o ABSOLUTE
    ../clib/microlib/longlong.c              0x00000000   Number         0  llsshr.o ABSOLUTE
    ../clib/microlib/longlong.c              0x00000000   Number         0  llushr.o ABSOLUTE
    ../clib/microlib/longlong.c              0x00000000   Number         0  llshl.o ABSOLUTE
    ../clib/microlib/printf/printf.c         0x00000000   Number         0  printf2.o ABSOLUTE
    ../clib/microlib/printf/printf.c         0x00000000   Number         0  printfb.o ABSOLUTE
    ../clib/microlib/printf/printf.c         0x00000000   Number         0  printf0.o ABSOLUTE
    ../clib/microlib/printf/printf.c         0x00000000   Number         0  printf1.o ABSOLUTE
    ../clib/microlib/printf/printf.c         0x00000000   Number         0  printf3.o ABSOLUTE
    ../clib/microlib/printf/printf.c         0x00000000   Number         0  printf4.o ABSOLUTE
    ../clib/microlib/printf/printf.c         0x00000000   Number         0  printfa.o ABSOLUTE
    ../clib/microlib/printf/printf.c         0x00000000   Number         0  printf5.o ABSOLUTE
    ../clib/microlib/printf/printf.c         0x00000000   Number         0  printf6.o ABSOLUTE
    ../clib/microlib/printf/printf.c         0x00000000   Number         0  printf7.o ABSOLUTE
    ../clib/microlib/printf/printf.c         0x00000000   Number         0  printf8.o ABSOLUTE
    ../clib/microlib/printf/stubs.s          0x00000000   Number         0  stubs.o ABSOLUTE
    ../clib/microlib/stdio/streams.c         0x00000000   Number         0  stdout.o ABSOLUTE
    ../clib/microlib/string/memcmp.c         0x00000000   Number         0  memcmp.o ABSOLUTE
    ../clib/microlib/string/memcpy.c         0x00000000   Number         0  memcpya.o ABSOLUTE
    ../clib/microlib/string/memcpy.c         0x00000000   Number         0  memcpyb.o ABSOLUTE
    ../clib/microlib/string/memset.c         0x00000000   Number         0  memseta.o ABSOLUTE
    ../clib/microlib/string/strchr.c         0x00000000   Number         0  strchr.o ABSOLUTE
    ../clib/microlib/string/strcpy.c         0x00000000   Number         0  strcpy.o ABSOLUTE
    ../clib/microlib/string/strlen.c         0x00000000   Number         0  strlen.o ABSOLUTE
    ../clib/microlib/string/strncmp.c        0x00000000   Number         0  strncmp.o ABSOLUTE
    ../clib/microlib/string/strncpy.c        0x00000000   Number         0  strncpy.o ABSOLUTE
    ../clib/microlib/string/strrchr.c        0x00000000   Number         0  strrchr.o ABSOLUTE
    ../clib/microlib/stubs.s                 0x00000000   Number         0  iusefp.o ABSOLUTE
    ../fplib/microlib/fpadd.c                0x00000000   Number         0  dadd.o ABSOLUTE
    ../fplib/microlib/fpdiv.c                0x00000000   Number         0  ddiv.o ABSOLUTE
    ../fplib/microlib/fpepilogue.c           0x00000000   Number         0  depilogue.o ABSOLUTE
    ../fplib/microlib/fpfix.c                0x00000000   Number         0  dfixul.o ABSOLUTE
    ../fplib/microlib/fpmul.c                0x00000000   Number         0  dmul.o ABSOLUTE
    ..\..\Libraries\CMSIS\Core\CM3\core_cm3.c 0x00000000   Number         0  core_cm3.o ABSOLUTE
    ..\..\Libraries\CMSIS\Core\CM3\startup\arm\startup_stm32f10x_hd.s 0x00000000   Number         0  startup_stm32f10x_hd.o ABSOLUTE
    ..\..\Libraries\CMSIS\Core\CM3\system_stm32f10x.c 0x00000000   Number         0  system_stm32f10x.o ABSOLUTE
    ..\..\Libraries\STM32F10x_StdPeriph_Driver\src\misc.c 0x00000000   Number         0  misc.o ABSOLUTE
    ..\..\Libraries\STM32F10x_StdPeriph_Driver\src\stm32f10x_fsmc.c 0x00000000   Number         0  stm32f10x_fsmc.o ABSOLUTE
    ..\..\Libraries\STM32F10x_StdPeriph_Driver\src\stm32f10x_gpio.c 0x00000000   Number         0  stm32f10x_gpio.o ABSOLUTE
    ..\..\Libraries\STM32F10x_StdPeriph_Driver\src\stm32f10x_rcc.c 0x00000000   Number         0  stm32f10x_rcc.o ABSOLUTE
    ..\..\Libraries\STM32F10x_StdPeriph_Driver\src\stm32f10x_spi.c 0x00000000   Number         0  stm32f10x_spi.o ABSOLUTE
    ..\..\Libraries\STM32F10x_StdPeriph_Driver\src\stm32f10x_usart.c 0x00000000   Number         0  stm32f10x_usart.o ABSOLUTE
    ..\..\Libraries\uIP-1.0\apps\webserver\http-strings.c 0x00000000   Number         0  http-strings.o ABSOLUTE
    ..\..\Libraries\uIP-1.0\apps\webserver\httpd-cgi.c 0x00000000   Number         0  httpd-cgi.o ABSOLUTE
    ..\..\Libraries\uIP-1.0\apps\webserver\httpd-fs.c 0x00000000   Number         0  httpd-fs.o ABSOLUTE
    ..\..\Libraries\uIP-1.0\apps\webserver\httpd.c 0x00000000   Number         0  httpd.o ABSOLUTE
    ..\..\Libraries\uIP-1.0\uip\psock.c      0x00000000   Number         0  psock.o ABSOLUTE
    ..\..\Libraries\uIP-1.0\uip\timer.c      0x00000000   Number         0  timer.o ABSOLUTE
    ..\..\Libraries\uIP-1.0\uip\uip-fw.c     0x00000000   Number         0  uip-fw.o ABSOLUTE
    ..\..\Libraries\uIP-1.0\uip\uip-neighbor.c 0x00000000   Number         0  uip-neighbor.o ABSOLUTE
    ..\..\Libraries\uIP-1.0\uip\uip-split.c  0x00000000   Number         0  uip-split.o ABSOLUTE
    ..\..\Libraries\uIP-1.0\uip\uip.c        0x00000000   Number         0  uip.o ABSOLUTE
    ..\..\Libraries\uIP-1.0\uip\uip_arp.c    0x00000000   Number         0  uip_arp.o ABSOLUTE
    ..\..\Libraries\uIP-1.0\uip\uiplib.c     0x00000000   Number         0  uiplib.o ABSOLUTE
    ..\..\Source\src\main.c                  0x00000000   Number         0  main.o ABSOLUTE
    ..\..\Source\src\stm32f10x_it.c          0x00000000   Number         0  stm32f10x_it.o ABSOLUTE
    ..\..\Source\src\systick.c               0x00000000   Number         0  systick.o ABSOLUTE
    ..\..\Source\src\tcp_demo.c              0x00000000   Number         0  tcp_demo.o ABSOLUTE
    ..\..\Source\src\uIP_enc28j60\ENC28J60.C 0x00000000   Number         0  enc28j60.o ABSOLUTE
    ..\..\Source\src\uIP_enc28j60\SPI.C      0x00000000   Number         0  spi.o ABSOLUTE
    ..\..\Source\src\uIP_enc28j60\clock-arch.c 0x00000000   Number         0  clock-arch.o ABSOLUTE
    ..\..\Source\src\uIP_enc28j60\emc28j60_uip.c 0x00000000   Number         0  emc28j60_uip.o ABSOLUTE
    ..\..\Source\src\uIP_enc28j60\ip_arp_udp_tcp.c 0x00000000   Number         0  ip_arp_udp_tcp.o ABSOLUTE
    ..\..\Source\src\uIP_enc28j60\tapdev.c   0x00000000   Number         0  tapdev.o ABSOLUTE
    ..\..\Source\src\usart_printf.c          0x00000000   Number         0  usart_printf.o ABSOLUTE
    ..\\..\\Libraries\\CMSIS\\Core\\CM3\\core_cm3.c 0x00000000   Number         0  core_cm3.o ABSOLUTE
    cdrcmple.s                               0x00000000   Number         0  cdrcmple.o ABSOLUTE
    dc.s                                     0x00000000   Number         0  dc.o ABSOLUTE
    handlers.s                               0x00000000   Number         0  handlers.o ABSOLUTE
    init.s                                   0x00000000   Number         0  init.o ABSOLUTE
    RESET                                    0x08000000   Section      304  startup_stm32f10x_hd.o(RESET)
    .ARM.Collect$$$$00000000                 0x08000130   Section        0  entry.o(.ARM.Collect$$$$00000000)
    .ARM.Collect$$$$00000001                 0x08000130   Section        4  entry2.o(.ARM.Collect$$$$00000001)
    .ARM.Collect$$$$00000004                 0x08000134   Section        4  entry5.o(.ARM.Collect$$$$00000004)
    .ARM.Collect$$$$00000008                 0x08000138   Section        0  entry7b.o(.ARM.Collect$$$$00000008)
    .ARM.Collect$$$$0000000A                 0x08000138   Section        0  entry8b.o(.ARM.Collect$$$$0000000A)
    .ARM.Collect$$$$0000000B                 0x08000138   Section        8  entry9a.o(.ARM.Collect$$$$0000000B)
    .ARM.Collect$$$$0000000D                 0x08000140   Section        0  entry10a.o(.ARM.Collect$$$$0000000D)
    .ARM.Collect$$$$0000000F                 0x08000140   Section        0  entry11a.o(.ARM.Collect$$$$0000000F)
    .ARM.Collect$$$$00002712                 0x08000140   Section        4  entry2.o(.ARM.Collect$$$$00002712)
    __lit__00000000                          0x08000140   Data           4  entry2.o(.ARM.Collect$$$$00002712)
    .text                                    0x08000144   Section       48  startup_stm32f10x_hd.o(.text)
    .text                                    0x08000174   Section        0  memcpya.o(.text)
    .text                                    0x08000198   Section        0  memseta.o(.text)
    .text                                    0x080001bc   Section        0  strncpy.o(.text)
    .text                                    0x080001d4   Section        0  strchr.o(.text)
    .text                                    0x080001e8   Section        0  strlen.o(.text)
    .text                                    0x080001f6   Section        0  memcmp.o(.text)
    .text                                    0x08000210   Section        0  strcpy.o(.text)
    .text                                    0x08000222   Section        0  strncmp.o(.text)
    .text                                    0x08000240   Section        0  strrchr.o(.text)
    .text                                    0x08000260   Section        0  uldiv.o(.text)
    .text                                    0x080002c4   Section       36  init.o(.text)
    .text                                    0x080002e8   Section        0  llshl.o(.text)
    .text                                    0x08000306   Section        0  llushr.o(.text)
    i.BusFault_Handler                       0x08000326   Section        0  stm32f10x_it.o(i.BusFault_Handler)
    i.DebugMon_Handler                       0x0800032a   Section        0  stm32f10x_it.o(i.DebugMon_Handler)
    i.Delay                                  0x0800032c   Section        0  main.o(i.Delay)
    i.DispLogo                               0x08000340   Section        0  main.o(i.DispLogo)
    DispLogo                                 0x08000341   Thumb Code    12  main.o(i.DispLogo)
    i.GPIO_Configuration                     0x08000368   Section        0  main.o(i.GPIO_Configuration)
    i.GPIO_Init                              0x080003e0   Section        0  stm32f10x_gpio.o(i.GPIO_Init)
    i.GPIO_ResetBits                         0x080004f6   Section        0  stm32f10x_gpio.o(i.GPIO_ResetBits)
    i.GPIO_SetBits                           0x080004fa   Section        0  stm32f10x_gpio.o(i.GPIO_SetBits)
    i.GetRunTime                             0x08000500   Section        0  systick.o(i.GetRunTime)
    i.HardFault_Handler                      0x0800051c   Section        0  stm32f10x_it.o(i.HardFault_Handler)
    i.InitNet                                0x08000520   Section        0  main.o(i.InitNet)
    i.Init_fd                                0x08000630   Section        0  main.o(i.Init_fd)
    Init_fd                                  0x08000631   Thumb Code    96  main.o(i.Init_fd)
    i.MemManage_Handler                      0x0800069c   Section        0  stm32f10x_it.o(i.MemManage_Handler)
    i.NMI_Handler                            0x080006a0   Section        0  stm32f10x_it.o(i.NMI_Handler)
    i.PendSV_Handler                         0x080006a2   Section        0  stm32f10x_it.o(i.PendSV_Handler)
    i.PrintfLogo                             0x080006a4   Section        0  usart_printf.o(i.PrintfLogo)
    i.RCC_APB1PeriphClockCmd                 0x080007d8   Section        0  stm32f10x_rcc.o(i.RCC_APB1PeriphClockCmd)
    i.RCC_APB2PeriphClockCmd                 0x080007f8   Section        0  stm32f10x_rcc.o(i.RCC_APB2PeriphClockCmd)
    i.RCC_GetClocksFreq                      0x08000818   Section        0  stm32f10x_rcc.o(i.RCC_GetClocksFreq)
    i.SPI1_ReadWrite                         0x080008ec   Section        0  spi.o(i.SPI1_ReadWrite)
    i.SPI2_Init                              0x08000924   Section        0  spi.o(i.SPI2_Init)
    i.SPI_Cmd                                0x080009c8   Section        0  stm32f10x_spi.o(i.SPI_Cmd)
    i.SPI_I2S_GetFlagStatus                  0x080009e0   Section        0  stm32f10x_spi.o(i.SPI_I2S_GetFlagStatus)
    i.SPI_I2S_ReceiveData                    0x080009f2   Section        0  stm32f10x_spi.o(i.SPI_I2S_ReceiveData)
    i.SPI_I2S_SendData                       0x080009f8   Section        0  stm32f10x_spi.o(i.SPI_I2S_SendData)
    i.SPI_Init                               0x080009fc   Section        0  stm32f10x_spi.o(i.SPI_Init)
    i.SVC_Handler                            0x08000a38   Section        0  stm32f10x_it.o(i.SVC_Handler)
    i.SetSysClock                            0x08000a3a   Section        0  system_stm32f10x.o(i.SetSysClock)
    SetSysClock                              0x08000a3b   Thumb Code     8  system_stm32f10x.o(i.SetSysClock)
    i.SetSysClockTo72                        0x08000a44   Section        0  system_stm32f10x.o(i.SetSysClockTo72)
    SetSysClockTo72                          0x08000a45   Thumb Code   220  system_stm32f10x.o(i.SetSysClockTo72)
    i.SoftTimerDec                           0x08000b28   Section        0  systick.o(i.SoftTimerDec)
    SoftTimerDec                             0x08000b29   Thumb Code    22  systick.o(i.SoftTimerDec)
    i.SysTick_Handler                        0x08000b3e   Section        0  stm32f10x_it.o(i.SysTick_Handler)
    i.SysTick_ISR                            0x08000b48   Section        0  systick.o(i.SysTick_ISR)
    i.SystemInit                             0x08000b9c   Section        0  system_stm32f10x.o(i.SystemInit)
    i.TCP_Cmd                                0x08000bf0   Section        0  tcp_demo.o(i.TCP_Cmd)
    i.USART_ClearFlag                        0x08000da4   Section        0  stm32f10x_usart.o(i.USART_ClearFlag)
    i.USART_Cmd                              0x08000db6   Section        0  stm32f10x_usart.o(i.USART_Cmd)
    i.USART_Configuration                    0x08000dd0   Section        0  usart_printf.o(i.USART_Configuration)
    i.USART_GetFlagStatus                    0x08000e5c   Section        0  stm32f10x_usart.o(i.USART_GetFlagStatus)
    i.USART_Init                             0x08000e78   Section        0  stm32f10x_usart.o(i.USART_Init)
    i.USART_SendData                         0x08000f18   Section        0  stm32f10x_usart.o(i.USART_SendData)
    i.UipPro                                 0x08000f20   Section        0  main.o(i.UipPro)
    i.UsageFault_Handler                     0x0800100c   Section        0  stm32f10x_it.o(i.UsageFault_Handler)
    i.__0printf$8                            0x08001010   Section        0  printf8.o(i.__0printf$8)
    i.__0snprintf$8                          0x08001030   Section        0  printf8.o(i.__0snprintf$8)
    i.__scatterload_copy                     0x08001058   Section       14  handlers.o(i.__scatterload_copy)
    i.__scatterload_null                     0x08001066   Section        2  handlers.o(i.__scatterload_null)
    i.__scatterload_zeroinit                 0x08001068   Section       14  handlers.o(i.__scatterload_zeroinit)
    i._printf_core                           0x08001078   Section        0  printf8.o(i._printf_core)
    _printf_core                             0x08001079   Thumb Code   988  printf8.o(i._printf_core)
    i._printf_post_padding                   0x08001480   Section        0  printf8.o(i._printf_post_padding)
    _printf_post_padding                     0x08001481   Thumb Code    36  printf8.o(i._printf_post_padding)
    i._printf_pre_padding                    0x080014a4   Section        0  printf8.o(i._printf_pre_padding)
    _printf_pre_padding                      0x080014a5   Thumb Code    46  printf8.o(i._printf_pre_padding)
    i._snputc                                0x080014d2   Section        0  printf8.o(i._snputc)
    _snputc                                  0x080014d3   Thumb Code    22  printf8.o(i._snputc)
    i.aborted                                0x080014e8   Section        0  tcp_demo.o(i.aborted)
    aborted                                  0x080014e9   Thumb Code     2  tcp_demo.o(i.aborted)
    i.acked                                  0x080014ec   Section        0  tcp_demo.o(i.acked)
    acked                                    0x080014ed   Thumb Code    58  tcp_demo.o(i.acked)
    i.buf_bufto                              0x08001540   Section        0  psock.o(i.buf_bufto)
    buf_bufto                                0x08001541   Thumb Code   102  psock.o(i.buf_bufto)
    i.buf_setup                              0x080015a6   Section        0  psock.o(i.buf_setup)
    buf_setup                                0x080015a7   Thumb Code     6  psock.o(i.buf_setup)
    i.chksum                                 0x080015ac   Section        0  uip.o(i.chksum)
    chksum                                   0x080015ad   Thumb Code    70  uip.o(i.chksum)
    i.clock_time                             0x080015f2   Section        0  clock-arch.o(i.clock_time)
    i.closed                                 0x080015fa   Section        0  tcp_demo.o(i.closed)
    closed                                   0x080015fb   Thumb Code     2  tcp_demo.o(i.closed)
    i.connected                              0x080015fc   Section        0  tcp_demo.o(i.connected)
    connected                                0x080015fd   Thumb Code    30  tcp_demo.o(i.connected)
    i.data_acked                             0x08001640   Section        0  psock.o(i.data_acked)
    data_acked                               0x08001641   Thumb Code    82  psock.o(i.data_acked)
    i.enc28j60Init                           0x0800169c   Section        0  enc28j60.o(i.enc28j60Init)
    i.enc28j60PacketReceive                  0x080018a8   Section        0  enc28j60.o(i.enc28j60PacketReceive)
    i.enc28j60PacketSend                     0x08001968   Section        0  enc28j60.o(i.enc28j60PacketSend)
    i.enc28j60PhyWrite                       0x080019ce   Section        0  enc28j60.o(i.enc28j60PhyWrite)
    i.enc28j60Read                           0x08001a00   Section        0  enc28j60.o(i.enc28j60Read)
    i.enc28j60ReadBuffer                     0x08001a14   Section        0  enc28j60.o(i.enc28j60ReadBuffer)
    i.enc28j60ReadOp                         0x08001a4c   Section        0  enc28j60.o(i.enc28j60ReadOp)
    i.enc28j60SetBank                        0x08001a90   Section        0  enc28j60.o(i.enc28j60SetBank)
    i.enc28j60Write                          0x08001ac4   Section        0  enc28j60.o(i.enc28j60Write)
    i.enc28j60WriteBuffer                    0x08001adc   Section        0  enc28j60.o(i.enc28j60WriteBuffer)
    i.enc28j60WriteOp                        0x08001b0c   Section        0  enc28j60.o(i.enc28j60WriteOp)
    i.enc28j60clkout                         0x08001b44   Section        0  enc28j60.o(i.enc28j60clkout)
    i.etherdev_init                          0x08001b54   Section        0  emc28j60_uip.o(i.etherdev_init)
    i.file_stats                             0x08001ba0   Section        0  httpd-cgi.o(i.file_stats)
    file_stats                               0x08001ba1   Thumb Code    74  httpd-cgi.o(i.file_stats)
    i.fputc                                  0x08001bf0   Section        0  usart_printf.o(i.fputc)
    i.generate_file_stats                    0x08001c14   Section        0  httpd-cgi.o(i.generate_file_stats)
    generate_file_stats                      0x08001c15   Thumb Code    34  httpd-cgi.o(i.generate_file_stats)
    i.generate_net_stats                     0x08001c40   Section        0  httpd-cgi.o(i.generate_net_stats)
    generate_net_stats                       0x08001c41   Thumb Code    34  httpd-cgi.o(i.generate_net_stats)
    i.generate_part_of_file                  0x08001c74   Section        0  httpd.o(i.generate_part_of_file)
    generate_part_of_file                    0x08001c75   Thumb Code    62  httpd.o(i.generate_part_of_file)
    i.generate_tcp_stats                     0x08001cbc   Section        0  httpd-cgi.o(i.generate_tcp_stats)
    generate_tcp_stats                       0x08001cbd   Thumb Code   164  httpd-cgi.o(i.generate_tcp_stats)
    i.handle_connection                      0x08001d70   Section        0  httpd.o(i.handle_connection)
    handle_connection                        0x08001d71   Thumb Code    26  httpd.o(i.handle_connection)
    i.handle_input                           0x08001d8c   Section        0  httpd.o(i.handle_input)
    handle_input                             0x08001d8d   Thumb Code   396  httpd.o(i.handle_input)
    i.handle_output                          0x08001f30   Section        0  httpd.o(i.handle_output)
    handle_output                            0x08001f31   Thumb Code   250  httpd.o(i.handle_output)
    i.handle_script                          0x08002040   Section        0  httpd.o(i.handle_script)
    handle_script                            0x08002041   Thumb Code   380  httpd.o(i.handle_script)
    i.htons                                  0x080021c0   Section        0  uip.o(i.htons)
    i.httpd_appcall                          0x080021cc   Section        0  httpd.o(i.httpd_appcall)
    i.httpd_cgi                              0x08002270   Section        0  httpd-cgi.o(i.httpd_cgi)
    i.httpd_fs_count                         0x080022ac   Section        0  httpd-fs.o(i.httpd_fs_count)
    i.httpd_fs_open                          0x080022e0   Section        0  httpd-fs.o(i.httpd_fs_open)
    i.httpd_fs_strcmp                        0x0800232c   Section        0  httpd-fs.o(i.httpd_fs_strcmp)
    httpd_fs_strcmp                          0x0800232d   Thumb Code    48  httpd-fs.o(i.httpd_fs_strcmp)
    i.init_ip_arp_udp_tcp                    0x0800235c   Section        0  ip_arp_udp_tcp.o(i.init_ip_arp_udp_tcp)
    i.main                                   0x08002398   Section        0  main.o(i.main)
    i.net_stats                              0x080023c0   Section        0  httpd-cgi.o(i.net_stats)
    net_stats                                0x080023c1   Thumb Code    86  httpd-cgi.o(i.net_stats)
    i.newdata                                0x0800241c   Section        0  tcp_demo.o(i.newdata)
    newdata                                  0x0800241d   Thumb Code   114  tcp_demo.o(i.newdata)
    i.next_scriptstate                       0x080024b8   Section        0  httpd.o(i.next_scriptstate)
    next_scriptstate                         0x080024b9   Thumb Code    34  httpd.o(i.next_scriptstate)
    i.nullfunction                           0x080024da   Section        0  httpd-cgi.o(i.nullfunction)
    nullfunction                             0x080024db   Thumb Code    24  httpd-cgi.o(i.nullfunction)
    i.psock_datalen                          0x080024f2   Section        0  psock.o(i.psock_datalen)
    i.psock_generator_send                   0x08002500   Section        0  psock.o(i.psock_generator_send)
    i.psock_init                             0x08002590   Section        0  psock.o(i.psock_init)
    i.psock_newdata                          0x080025b8   Section        0  psock.o(i.psock_newdata)
    i.psock_readto                           0x080025ec   Section        0  psock.o(i.psock_readto)
    i.psock_send                             0x08002684   Section        0  psock.o(i.psock_send)
    i.send_data                              0x080026f4   Section        0  psock.o(i.send_data)
    send_data                                0x080026f5   Thumb Code    70  psock.o(i.send_data)
    i.send_file                              0x08002744   Section        0  httpd.o(i.send_file)
    send_file                                0x08002745   Thumb Code    94  httpd.o(i.send_file)
    i.send_headers                           0x080027a8   Section        0  httpd.o(i.send_headers)
    send_headers                             0x080027a9   Thumb Code   450  httpd.o(i.send_headers)
    i.send_part_of_file                      0x080029a0   Section        0  httpd.o(i.send_part_of_file)
    send_part_of_file                        0x080029a1   Thumb Code    62  httpd.o(i.send_part_of_file)
    i.senddata                               0x080029e0   Section        0  tcp_demo.o(i.senddata)
    senddata                                 0x080029e1   Thumb Code    26  tcp_demo.o(i.senddata)
    i.tapdev_init                            0x08002a00   Section        0  tapdev.o(i.tapdev_init)
    i.tapdev_read                            0x08002a08   Section        0  tapdev.o(i.tapdev_read)
    i.tapdev_send                            0x08002a1c   Section        0  tapdev.o(i.tapdev_send)
    i.tcp_demo_appcall                       0x08002a34   Section        0  tcp_demo.o(i.tcp_demo_appcall)
    i.tcp_server_appcall                     0x08002b24   Section        0  emc28j60_uip.o(i.tcp_server_appcall)
    i.tcp_stats                              0x08002b50   Section        0  httpd-cgi.o(i.tcp_stats)
    tcp_stats                                0x08002b51   Thumb Code   108  httpd-cgi.o(i.tcp_stats)
    i.timedout                               0x08002bc4   Section        0  tcp_demo.o(i.timedout)
    timedout                                 0x08002bc5   Thumb Code     2  tcp_demo.o(i.timedout)
    i.timer_expired                          0x08002bc6   Section        0  timer.o(i.timer_expired)
    i.timer_reset                            0x08002be0   Section        0  timer.o(i.timer_reset)
    i.timer_set                              0x08002bea   Section        0  timer.o(i.timer_set)
    i.uip_add32                              0x08002bfc   Section        0  uip.o(i.uip_add32)
    i.uip_add_rcv_nxt                        0x08002c6c   Section        0  uip.o(i.uip_add_rcv_nxt)
    uip_add_rcv_nxt                          0x08002c6d   Thumb Code    58  uip.o(i.uip_add_rcv_nxt)
    i.uip_arp_arpin                          0x08002cb0   Section        0  uip_arp.o(i.uip_arp_arpin)
    i.uip_arp_out                            0x08002d98   Section        0  uip_arp.o(i.uip_arp_out)
    i.uip_arp_timer                          0x08002f38   Section        0  uip_arp.o(i.uip_arp_timer)
    i.uip_arp_update                         0x08002f90   Section        0  uip_arp.o(i.uip_arp_update)
    uip_arp_update                           0x08002f91   Thumb Code   272  uip_arp.o(i.uip_arp_update)
    i.uip_init                               0x080030b4   Section        0  uip.o(i.uip_init)
    i.uip_ipchksum                           0x08003120   Section        0  uip.o(i.uip_ipchksum)
    i.uip_listen                             0x08003144   Section        0  uip.o(i.uip_listen)
    i.uip_log                                0x08003184   Section        0  tcp_demo.o(i.uip_log)
    i.uip_process                            0x080031ac   Section        0  uip.o(i.uip_process)
    i.uip_send                               0x08004158   Section        0  uip.o(i.uip_send)
    i.uip_tcpchksum                          0x08004188   Section        0  uip.o(i.uip_tcpchksum)
    i.upper_layer_chksum                     0x08004194   Section        0  uip.o(i.upper_layer_chksum)
    upper_layer_chksum                       0x08004195   Thumb Code    66  uip.o(i.upper_layer_chksum)
    .constdata                               0x080041dc   Section       20  system_stm32f10x.o(.constdata)
    .constdata                               0x080041f0   Section        8  uip.o(.constdata)
    all_ones_addr                            0x080041f0   Data           4  uip.o(.constdata)
    all_zeroes_addr                          0x080041f4   Data           4  uip.o(.constdata)
    .constdata                               0x080041f8   Section       10  uip_arp.o(.constdata)
    broadcast_ethaddr                        0x080041f8   Data           6  uip_arp.o(.constdata)
    broadcast_ipaddr                         0x080041fe   Data           4  uip_arp.o(.constdata)
    .constdata                               0x08004204   Section      110  httpd-cgi.o(.constdata)
    file                                     0x08004204   Data           8  httpd-cgi.o(.constdata)
    tcp                                      0x0800420c   Data           8  httpd-cgi.o(.constdata)
    net                                      0x08004214   Data           8  httpd-cgi.o(.constdata)
    closed                                   0x0800421c   Data           7  httpd-cgi.o(.constdata)
    syn_rcvd                                 0x08004223   Data           9  httpd-cgi.o(.constdata)
    syn_sent                                 0x0800422c   Data           9  httpd-cgi.o(.constdata)
    established                              0x08004235   Data          12  httpd-cgi.o(.constdata)
    fin_wait_1                               0x08004241   Data          11  httpd-cgi.o(.constdata)
    fin_wait_2                               0x0800424c   Data          11  httpd-cgi.o(.constdata)
    closing                                  0x08004257   Data           8  httpd-cgi.o(.constdata)
    time_wait                                0x0800425f   Data          10  httpd-cgi.o(.constdata)
    last_ack                                 0x08004269   Data           9  httpd-cgi.o(.constdata)
    .constdata                               0x08004274   Section     6096  httpd-fs.o(.constdata)
    data_processes_shtml                     0x08004274   Data         226  httpd-fs.o(.constdata)
    data_404_html                            0x08004356   Data         171  httpd-fs.o(.constdata)
    data_files_shtml                         0x08004401   Data        1267  httpd-fs.o(.constdata)
    data_footer_html                         0x080048f4   Data          31  httpd-fs.o(.constdata)
    data_header_html                         0x08004913   Data         642  httpd-fs.o(.constdata)
    data_index_html                          0x08004b95   Data        1269  httpd-fs.o(.constdata)
    data_style_css                           0x0800508a   Data        1026  httpd-fs.o(.constdata)
    data_tcp_shtml                           0x0800548c   Data         222  httpd-fs.o(.constdata)
    data_fade_png                            0x0800556a   Data         207  httpd-fs.o(.constdata)
    data_stats_shtml                         0x08005639   Data         835  httpd-fs.o(.constdata)
    .constdata                               0x08005a44   Section      586  http-strings.o(.constdata)
    .conststring                             0x08005c90   Section      134  httpd-cgi.o(.conststring)
    .data                                    0x20000000   Section       17  main.o(.data)
    periodic_timer                           0x20000000   Data           8  main.o(.data)
    arp_timer                                0x20000008   Data           8  main.o(.data)
    timer_ok                                 0x20000010   Data           1  main.o(.data)
    .data                                    0x20000014   Section        5  systick.o(.data)
    s_count                                  0x20000018   Data           1  systick.o(.data)
    .data                                    0x20000019   Section       20  stm32f10x_rcc.o(.data)
    APBAHBPrescTable                         0x20000019   Data          16  stm32f10x_rcc.o(.data)
    ADCPrescTable                            0x20000029   Data           4  stm32f10x_rcc.o(.data)
    .data                                    0x20000030   Section       56  uip.o(.data)
    ipid                                     0x20000058   Data           2  uip.o(.data)
    iss                                      0x2000005a   Data           4  uip.o(.data)
    lastport                                 0x2000005e   Data           2  uip.o(.data)
    c                                        0x20000064   Data           1  uip.o(.data)
    opt                                      0x20000065   Data           1  uip.o(.data)
    tmp16                                    0x20000066   Data           2  uip.o(.data)
    .data                                    0x20000068   Section        8  uip_arp.o(.data)
    ipaddr                                   0x20000068   Data           4  uip_arp.o(.data)
    i                                        0x2000006c   Data           1  uip_arp.o(.data)
    c                                        0x2000006d   Data           1  uip_arp.o(.data)
    arptime                                  0x2000006e   Data           1  uip_arp.o(.data)
    tmpage                                   0x2000006f   Data           1  uip_arp.o(.data)
    .data                                    0x20000070   Section       52  httpd-cgi.o(.data)
    calls                                    0x20000070   Data          16  httpd-cgi.o(.data)
    states                                   0x20000080   Data          36  httpd-cgi.o(.data)
    .data                                    0x200000a4   Section        8  enc28j60.o(.data)
    Enc28j60Bank                             0x200000a4   Data           1  enc28j60.o(.data)
    NextPacketPtr                            0x200000a8   Data           4  enc28j60.o(.data)
    .data                                    0x200000ac   Section       21  ip_arp_udp_tcp.o(.data)
    wwwport                                  0x200000ac   Data           1  ip_arp_udp_tcp.o(.data)
    macaddr                                  0x200000ad   Data           6  ip_arp_udp_tcp.o(.data)
    ipaddr                                   0x200000b3   Data           4  ip_arp_udp_tcp.o(.data)
    info_hdr_len                             0x200000b8   Data           4  ip_arp_udp_tcp.o(.data)
    info_data_len                            0x200000bc   Data           4  ip_arp_udp_tcp.o(.data)
    seqnum                                   0x200000c0   Data           1  ip_arp_udp_tcp.o(.data)
    .data                                    0x200000c4   Section        4  tcp_demo.o(.data)
    sLen                                     0x200000c4   Data           4  tcp_demo.o(.data)
    .data                                    0x200000c8   Section       40  emc28j60_uip.o(.data)
    mymac                                    0x200000c8   Data           6  emc28j60_uip.o(.data)
    myip                                     0x200000ce   Data           4  emc28j60_uip.o(.data)
    baseurl                                  0x200000d2   Data          21  emc28j60_uip.o(.data)
    mywwwport                                0x200000e8   Data           4  emc28j60_uip.o(.data)
    myudpport                                0x200000ec   Data           4  emc28j60_uip.o(.data)
    .data                                    0x200000f0   Section        4  stdout.o(.data)
    .bss                                     0x200000f4   Section       32  systick.o(.bss)
    .bss                                     0x20000114   Section     5824  uip.o(.bss)
    .bss                                     0x200017d4   Section       96  uip_arp.o(.bss)
    arp_table                                0x200017d4   Data          96  uip_arp.o(.bss)
    .bss                                     0x20001834   Section       20  httpd-fs.o(.bss)
    count                                    0x20001834   Data          20  httpd-fs.o(.bss)
    .bss                                     0x20001848   Section     2048  tcp_demo.o(.bss)
    test_data                                0x20001848   Data        2048  tcp_demo.o(.bss)
    STACK                                    0x20002048   Section     1024  startup_stm32f10x_hd.o(STACK)

    Global Symbols

    Symbol Name                              Value     Ov Type        Size  Object(Section)

    BuildAttributes$$THM_ISAv4$P$D$K$B$S$PE$A:L22UL41UL21$X:L11$S22US41US21$IEEE1$IW$USESV6$~STKCKD$USESV7$~SHL$OSPACE$ROPI$EBA8$MICROLIB$REQ8$PRES8$EABIv2 0x00000000   Number         0  anon$$obj.o ABSOLUTE
    __ARM_use_no_argv                        0x00000000   Number         0  main.o ABSOLUTE
    _printf_a                                0x00000000   Number         0  stubs.o ABSOLUTE
    _printf_c                                0x00000000   Number         0  stubs.o ABSOLUTE
    _printf_charcount                        0x00000000   Number         0  stubs.o ABSOLUTE
    _printf_d                                0x00000000   Number         0  stubs.o ABSOLUTE
    _printf_e                                0x00000000   Number         0  stubs.o ABSOLUTE
    _printf_f                                0x00000000   Number         0  stubs.o ABSOLUTE
    _printf_flags                            0x00000000   Number         0  stubs.o ABSOLUTE
    _printf_fp_dec                           0x00000000   Number         0  stubs.o ABSOLUTE
    _printf_fp_hex                           0x00000000   Number         0  stubs.o ABSOLUTE
    _printf_g                                0x00000000   Number         0  stubs.o ABSOLUTE
    _printf_i                                0x00000000   Number         0  stubs.o ABSOLUTE
    _printf_int_dec                          0x00000000   Number         0  stubs.o ABSOLUTE
    _printf_l                                0x00000000   Number         0  stubs.o ABSOLUTE
    _printf_lc                               0x00000000   Number         0  stubs.o ABSOLUTE
    _printf_ll                               0x00000000   Number         0  stubs.o ABSOLUTE
    _printf_lld                              0x00000000   Number         0  stubs.o ABSOLUTE
    _printf_lli                              0x00000000   Number         0  stubs.o ABSOLUTE
    _printf_llo                              0x00000000   Number         0  stubs.o ABSOLUTE
    _printf_llu                              0x00000000   Number         0  stubs.o ABSOLUTE
    _printf_llx                              0x00000000   Number         0  stubs.o ABSOLUTE
    _printf_longlong_dec                     0x00000000   Number         0  stubs.o ABSOLUTE
    _printf_longlong_hex                     0x00000000   Number         0  stubs.o ABSOLUTE
    _printf_longlong_oct                     0x00000000   Number         0  stubs.o ABSOLUTE
    _printf_ls                               0x00000000   Number         0  stubs.o ABSOLUTE
    _printf_mbtowc                           0x00000000   Number         0  stubs.o ABSOLUTE
    _printf_n                                0x00000000   Number         0  stubs.o ABSOLUTE
    _printf_o                                0x00000000   Number         0  stubs.o ABSOLUTE
    _printf_p                                0x00000000   Number         0  stubs.o ABSOLUTE
    _printf_percent                          0x00000000   Number         0  stubs.o ABSOLUTE
    _printf_pre_padding                      0x00000000   Number         0  stubs.o ABSOLUTE
    _printf_return_value                     0x00000000   Number         0  stubs.o ABSOLUTE
    _printf_s                                0x00000000   Number         0  stubs.o ABSOLUTE
    _printf_sizespec                         0x00000000   Number         0  stubs.o ABSOLUTE
    _printf_str                              0x00000000   Number         0  stubs.o ABSOLUTE
    _printf_truncate_signed                  0x00000000   Number         0  stubs.o ABSOLUTE
    _printf_truncate_unsigned                0x00000000   Number         0  stubs.o ABSOLUTE
    _printf_u                                0x00000000   Number         0  stubs.o ABSOLUTE
    _printf_wc                               0x00000000   Number         0  stubs.o ABSOLUTE
    _printf_wctomb                           0x00000000   Number         0  stubs.o ABSOLUTE
    _printf_widthprec                        0x00000000   Number         0  stubs.o ABSOLUTE
    _printf_x                                0x00000000   Number         0  stubs.o ABSOLUTE
    __cpp_initialize__aeabi_                  - Undefined Weak Reference
    __cxa_finalize                            - Undefined Weak Reference
    __decompress                              - Undefined Weak Reference
    _clock_init                               - Undefined Weak Reference
    _microlib_exit                            - Undefined Weak Reference
    __Vectors_Size                           0x00000130   Number         0  startup_stm32f10x_hd.o ABSOLUTE
    __Vectors                                0x08000000   Data           4  startup_stm32f10x_hd.o(RESET)
    __Vectors_End                            0x08000130   Data           0  startup_stm32f10x_hd.o(RESET)
    __main                                   0x08000131   Thumb Code     0  entry.o(.ARM.Collect$$$$00000000)
    _main_stk                                0x08000131   Thumb Code     0  entry2.o(.ARM.Collect$$$$00000001)
    _main_scatterload                        0x08000135   Thumb Code     0  entry5.o(.ARM.Collect$$$$00000004)
    __main_after_scatterload                 0x08000139   Thumb Code     0  entry5.o(.ARM.Collect$$$$00000004)
    _main_clock                              0x08000139   Thumb Code     0  entry7b.o(.ARM.Collect$$$$00000008)
    _main_cpp_init                           0x08000139   Thumb Code     0  entry8b.o(.ARM.Collect$$$$0000000A)
    _main_init                               0x08000139   Thumb Code     0  entry9a.o(.ARM.Collect$$$$0000000B)
    __rt_final_cpp                           0x08000141   Thumb Code     0  entry10a.o(.ARM.Collect$$$$0000000D)
    __rt_final_exit                          0x08000141   Thumb Code     0  entry11a.o(.ARM.Collect$$$$0000000F)
    SystemInit_ExtMemCtl                     0x08000145   Thumb Code     2  startup_stm32f10x_hd.o(.text)
    Reset_Handler                            0x08000147   Thumb Code    14  startup_stm32f10x_hd.o(.text)
    ADC1_2_IRQHandler                        0x08000167   Thumb Code     0  startup_stm32f10x_hd.o(.text)
    ADC3_IRQHandler                          0x08000167   Thumb Code     0  startup_stm32f10x_hd.o(.text)
    CAN1_RX1_IRQHandler                      0x08000167   Thumb Code     0  startup_stm32f10x_hd.o(.text)
    CAN1_SCE_IRQHandler                      0x08000167   Thumb Code     0  startup_stm32f10x_hd.o(.text)
    DMA1_Channel1_IRQHandler                 0x08000167   Thumb Code     0  startup_stm32f10x_hd.o(.text)
    DMA1_Channel2_IRQHandler                 0x08000167   Thumb Code     0  startup_stm32f10x_hd.o(.text)
    DMA1_Channel3_IRQHandler                 0x08000167   Thumb Code     0  startup_stm32f10x_hd.o(.text)
    DMA1_Channel4_IRQHandler                 0x08000167   Thumb Code     0  startup_stm32f10x_hd.o(.text)
    DMA1_Channel5_IRQHandler                 0x08000167   Thumb Code     0  startup_stm32f10x_hd.o(.text)
    DMA1_Channel6_IRQHandler                 0x08000167   Thumb Code     0  startup_stm32f10x_hd.o(.text)
    DMA1_Channel7_IRQHandler                 0x08000167   Thumb Code     0  startup_stm32f10x_hd.o(.text)
    DMA2_Channel1_IRQHandler                 0x08000167   Thumb Code     0  startup_stm32f10x_hd.o(.text)
    DMA2_Channel2_IRQHandler                 0x08000167   Thumb Code     0  startup_stm32f10x_hd.o(.text)
    DMA2_Channel3_IRQHandler                 0x08000167   Thumb Code     0  startup_stm32f10x_hd.o(.text)
    DMA2_Channel4_5_IRQHandler               0x08000167   Thumb Code     0  startup_stm32f10x_hd.o(.text)
    EXTI0_IRQHandler                         0x08000167   Thumb Code     0  startup_stm32f10x_hd.o(.text)
    EXTI15_10_IRQHandler                     0x08000167   Thumb Code     0  startup_stm32f10x_hd.o(.text)
    EXTI1_IRQHandler                         0x08000167   Thumb Code     0  startup_stm32f10x_hd.o(.text)
    EXTI2_IRQHandler                         0x08000167   Thumb Code     0  startup_stm32f10x_hd.o(.text)
    EXTI3_IRQHandler                         0x08000167   Thumb Code     0  startup_stm32f10x_hd.o(.text)
    EXTI4_IRQHandler                         0x08000167   Thumb Code     0  startup_stm32f10x_hd.o(.text)
    EXTI9_5_IRQHandler                       0x08000167   Thumb Code     0  startup_stm32f10x_hd.o(.text)
    FLASH_IRQHandler                         0x08000167   Thumb Code     0  startup_stm32f10x_hd.o(.text)
    FSMC_IRQHandler                          0x08000167   Thumb Code     0  startup_stm32f10x_hd.o(.text)
    I2C1_ER_IRQHandler                       0x08000167   Thumb Code     0  startup_stm32f10x_hd.o(.text)
    I2C1_EV_IRQHandler                       0x08000167   Thumb Code     0  startup_stm32f10x_hd.o(.text)
    I2C2_ER_IRQHandler                       0x08000167   Thumb Code     0  startup_stm32f10x_hd.o(.text)
    I2C2_EV_IRQHandler                       0x08000167   Thumb Code     0  startup_stm32f10x_hd.o(.text)
    PVD_IRQHandler                           0x08000167   Thumb Code     0  startup_stm32f10x_hd.o(.text)
    RCC_IRQHandler                           0x08000167   Thumb Code     0  startup_stm32f10x_hd.o(.text)
    RTCAlarm_IRQHandler                      0x08000167   Thumb Code     0  startup_stm32f10x_hd.o(.text)
    RTC_IRQHandler                           0x08000167   Thumb Code     0  startup_stm32f10x_hd.o(.text)
    SDIO_IRQHandler                          0x08000167   Thumb Code     0  startup_stm32f10x_hd.o(.text)
    SPI1_IRQHandler                          0x08000167   Thumb Code     0  startup_stm32f10x_hd.o(.text)
    SPI2_IRQHandler                          0x08000167   Thumb Code     0  startup_stm32f10x_hd.o(.text)
    SPI3_IRQHandler                          0x08000167   Thumb Code     0  startup_stm32f10x_hd.o(.text)
    TAMPER_IRQHandler                        0x08000167   Thumb Code     0  startup_stm32f10x_hd.o(.text)
    TIM1_BRK_IRQHandler                      0x08000167   Thumb Code     0  startup_stm32f10x_hd.o(.text)
    TIM1_CC_IRQHandler                       0x08000167   Thumb Code     0  startup_stm32f10x_hd.o(.text)
    TIM1_TRG_COM_IRQHandler                  0x08000167   Thumb Code     0  startup_stm32f10x_hd.o(.text)
    TIM1_UP_IRQHandler                       0x08000167   Thumb Code     0  startup_stm32f10x_hd.o(.text)
    TIM2_IRQHandler                          0x08000167   Thumb Code     0  startup_stm32f10x_hd.o(.text)
    TIM3_IRQHandler                          0x08000167   Thumb Code     0  startup_stm32f10x_hd.o(.text)
    TIM4_IRQHandler                          0x08000167   Thumb Code     0  startup_stm32f10x_hd.o(.text)
    TIM5_IRQHandler                          0x08000167   Thumb Code     0  startup_stm32f10x_hd.o(.text)
    TIM6_IRQHandler                          0x08000167   Thumb Code     0  startup_stm32f10x_hd.o(.text)
    TIM7_IRQHandler                          0x08000167   Thumb Code     0  startup_stm32f10x_hd.o(.text)
    TIM8_BRK_IRQHandler                      0x08000167   Thumb Code     0  startup_stm32f10x_hd.o(.text)
    TIM8_CC_IRQHandler                       0x08000167   Thumb Code     0  startup_stm32f10x_hd.o(.text)
    TIM8_TRG_COM_IRQHandler                  0x08000167   Thumb Code     0  startup_stm32f10x_hd.o(.text)
    TIM8_UP_IRQHandler                       0x08000167   Thumb Code     0  startup_stm32f10x_hd.o(.text)
    UART4_IRQHandler                         0x08000167   Thumb Code     0  startup_stm32f10x_hd.o(.text)
    UART5_IRQHandler                         0x08000167   Thumb Code     0  startup_stm32f10x_hd.o(.text)
    USART1_IRQHandler                        0x08000167   Thumb Code     0  startup_stm32f10x_hd.o(.text)
    USART2_IRQHandler                        0x08000167   Thumb Code     0  startup_stm32f10x_hd.o(.text)
    USART3_IRQHandler                        0x08000167   Thumb Code     0  startup_stm32f10x_hd.o(.text)
    USBWakeUp_IRQHandler                     0x08000167   Thumb Code     0  startup_stm32f10x_hd.o(.text)
    USB_HP_CAN1_TX_IRQHandler                0x08000167   Thumb Code     0  startup_stm32f10x_hd.o(.text)
    USB_LP_CAN1_RX0_IRQHandler               0x08000167   Thumb Code     0  startup_stm32f10x_hd.o(.text)
    WWDG_IRQHandler                          0x08000167   Thumb Code     0  startup_stm32f10x_hd.o(.text)
    __aeabi_memcpy                           0x08000175   Thumb Code    36  memcpya.o(.text)
    __aeabi_memcpy4                          0x08000175   Thumb Code     0  memcpya.o(.text)
    __aeabi_memcpy8                          0x08000175   Thumb Code     0  memcpya.o(.text)
    __aeabi_memset                           0x08000199   Thumb Code    14  memseta.o(.text)
    __aeabi_memset4                          0x08000199   Thumb Code     0  memseta.o(.text)
    __aeabi_memset8                          0x08000199   Thumb Code     0  memseta.o(.text)
    __aeabi_memclr                           0x080001a7   Thumb Code     4  memseta.o(.text)
    __aeabi_memclr4                          0x080001a7   Thumb Code     0  memseta.o(.text)
    __aeabi_memclr8                          0x080001a7   Thumb Code     0  memseta.o(.text)
    _memset$wrapper                          0x080001ab   Thumb Code    18  memseta.o(.text)
    strncpy                                  0x080001bd   Thumb Code    24  strncpy.o(.text)
    strchr                                   0x080001d5   Thumb Code    20  strchr.o(.text)
    strlen                                   0x080001e9   Thumb Code    14  strlen.o(.text)
    memcmp                                   0x080001f7   Thumb Code    26  memcmp.o(.text)
    strcpy                                   0x08000211   Thumb Code    18  strcpy.o(.text)
    strncmp                                  0x08000223   Thumb Code    30  strncmp.o(.text)
    strrchr                                  0x08000241   Thumb Code    32  strrchr.o(.text)
    __aeabi_uldivmod                         0x08000261   Thumb Code    98  uldiv.o(.text)
    __scatterload                            0x080002c5   Thumb Code    28  init.o(.text)
    __scatterload_rt2                        0x080002c5   Thumb Code     0  init.o(.text)
    __aeabi_llsl                             0x080002e9   Thumb Code    30  llshl.o(.text)
    _ll_shift_l                              0x080002e9   Thumb Code     0  llshl.o(.text)
    __aeabi_llsr                             0x08000307   Thumb Code    32  llushr.o(.text)
    _ll_ushift_r                             0x08000307   Thumb Code     0  llushr.o(.text)
    BusFault_Handler                         0x08000327   Thumb Code     4  stm32f10x_it.o(i.BusFault_Handler)
    DebugMon_Handler                         0x0800032b   Thumb Code     2  stm32f10x_it.o(i.DebugMon_Handler)
    Delay                                    0x0800032d   Thumb Code    18  main.o(i.Delay)
    GPIO_Configuration                       0x08000369   Thumb Code   110  main.o(i.GPIO_Configuration)
    GPIO_Init                                0x080003e1   Thumb Code   278  stm32f10x_gpio.o(i.GPIO_Init)
    GPIO_ResetBits                           0x080004f7   Thumb Code     4  stm32f10x_gpio.o(i.GPIO_ResetBits)
    GPIO_SetBits                             0x080004fb   Thumb Code     4  stm32f10x_gpio.o(i.GPIO_SetBits)
    GetRunTime                               0x08000501   Thumb Code    24  systick.o(i.GetRunTime)
    HardFault_Handler                        0x0800051d   Thumb Code     4  stm32f10x_it.o(i.HardFault_Handler)
    InitNet                                  0x08000521   Thumb Code   148  main.o(i.InitNet)
    MemManage_Handler                        0x0800069d   Thumb Code     4  stm32f10x_it.o(i.MemManage_Handler)
    NMI_Handler                              0x080006a1   Thumb Code     2  stm32f10x_it.o(i.NMI_Handler)
    PendSV_Handler                           0x080006a3   Thumb Code     2  stm32f10x_it.o(i.PendSV_Handler)
    PrintfLogo                               0x080006a5   Thumb Code    66  usart_printf.o(i.PrintfLogo)
    RCC_APB1PeriphClockCmd                   0x080007d9   Thumb Code    26  stm32f10x_rcc.o(i.RCC_APB1PeriphClockCmd)
    RCC_APB2PeriphClockCmd                   0x080007f9   Thumb Code    26  stm32f10x_rcc.o(i.RCC_APB2PeriphClockCmd)
    RCC_GetClocksFreq                        0x08000819   Thumb Code   192  stm32f10x_rcc.o(i.RCC_GetClocksFreq)
    SPI1_ReadWrite                           0x080008ed   Thumb Code    50  spi.o(i.SPI1_ReadWrite)
    SPI2_Init                                0x08000925   Thumb Code   154  spi.o(i.SPI2_Init)
    SPI_Cmd                                  0x080009c9   Thumb Code    24  stm32f10x_spi.o(i.SPI_Cmd)
    SPI_I2S_GetFlagStatus                    0x080009e1   Thumb Code    18  stm32f10x_spi.o(i.SPI_I2S_GetFlagStatus)
    SPI_I2S_ReceiveData                      0x080009f3   Thumb Code     6  stm32f10x_spi.o(i.SPI_I2S_ReceiveData)
    SPI_I2S_SendData                         0x080009f9   Thumb Code     4  stm32f10x_spi.o(i.SPI_I2S_SendData)
    SPI_Init                                 0x080009fd   Thumb Code    60  stm32f10x_spi.o(i.SPI_Init)
    SVC_Handler                              0x08000a39   Thumb Code     2  stm32f10x_it.o(i.SVC_Handler)
    SysTick_Handler                          0x08000b3f   Thumb Code     8  stm32f10x_it.o(i.SysTick_Handler)
    SysTick_ISR                              0x08000b49   Thumb Code    70  systick.o(i.SysTick_ISR)
    SystemInit                               0x08000b9d   Thumb Code    70  system_stm32f10x.o(i.SystemInit)
    TCP_Cmd                                  0x08000bf1   Thumb Code   268  tcp_demo.o(i.TCP_Cmd)
    USART_ClearFlag                          0x08000da5   Thumb Code    18  stm32f10x_usart.o(i.USART_ClearFlag)
    USART_Cmd                                0x08000db7   Thumb Code    24  stm32f10x_usart.o(i.USART_Cmd)
    USART_Configuration                      0x08000dd1   Thumb Code   132  usart_printf.o(i.USART_Configuration)
    USART_GetFlagStatus                      0x08000e5d   Thumb Code    26  stm32f10x_usart.o(i.USART_GetFlagStatus)
    USART_Init                               0x08000e79   Thumb Code   156  stm32f10x_usart.o(i.USART_Init)
    USART_SendData                           0x08000f19   Thumb Code     8  stm32f10x_usart.o(i.USART_SendData)
    UipPro                                   0x08000f21   Thumb Code   208  main.o(i.UipPro)
    UsageFault_Handler                       0x0800100d   Thumb Code     4  stm32f10x_it.o(i.UsageFault_Handler)
    __0printf$8                              0x08001011   Thumb Code    22  printf8.o(i.__0printf$8)
    __1printf$8                              0x08001011   Thumb Code     0  printf8.o(i.__0printf$8)
    __2printf                                0x08001011   Thumb Code     0  printf8.o(i.__0printf$8)
    __0snprintf$8                            0x08001031   Thumb Code    36  printf8.o(i.__0snprintf$8)
    __1snprintf$8                            0x08001031   Thumb Code     0  printf8.o(i.__0snprintf$8)
    __2snprintf                              0x08001031   Thumb Code     0  printf8.o(i.__0snprintf$8)
    __scatterload_copy                       0x08001059   Thumb Code    14  handlers.o(i.__scatterload_copy)
    __scatterload_null                       0x08001067   Thumb Code     2  handlers.o(i.__scatterload_null)
    __scatterload_zeroinit                   0x08001069   Thumb Code    14  handlers.o(i.__scatterload_zeroinit)
    clock_time                               0x080015f3   Thumb Code     8  clock-arch.o(i.clock_time)
    enc28j60Init                             0x0800169d   Thumb Code   418  enc28j60.o(i.enc28j60Init)
    enc28j60PacketReceive                    0x080018a9   Thumb Code   188  enc28j60.o(i.enc28j60PacketReceive)
    enc28j60PacketSend                       0x08001969   Thumb Code   102  enc28j60.o(i.enc28j60PacketSend)
    enc28j60PhyWrite                         0x080019cf   Thumb Code    50  enc28j60.o(i.enc28j60PhyWrite)
    enc28j60Read                             0x08001a01   Thumb Code    20  enc28j60.o(i.enc28j60Read)
    enc28j60ReadBuffer                       0x08001a15   Thumb Code    50  enc28j60.o(i.enc28j60ReadBuffer)
    enc28j60ReadOp                           0x08001a4d   Thumb Code    62  enc28j60.o(i.enc28j60ReadOp)
    enc28j60SetBank                          0x08001a91   Thumb Code    48  enc28j60.o(i.enc28j60SetBank)
    enc28j60Write                            0x08001ac5   Thumb Code    24  enc28j60.o(i.enc28j60Write)
    enc28j60WriteBuffer                      0x08001add   Thumb Code    44  enc28j60.o(i.enc28j60WriteBuffer)
    enc28j60WriteOp                          0x08001b0d   Thumb Code    52  enc28j60.o(i.enc28j60WriteOp)
    enc28j60clkout                           0x08001b45   Thumb Code    16  enc28j60.o(i.enc28j60clkout)
    etherdev_init                            0x08001b55   Thumb Code    58  emc28j60_uip.o(i.etherdev_init)
    fputc                                    0x08001bf1   Thumb Code    32  usart_printf.o(i.fputc)
    htons                                    0x080021c1   Thumb Code    12  uip.o(i.htons)
    httpd_appcall                            0x080021cd   Thumb Code   154  httpd.o(i.httpd_appcall)
    httpd_cgi                                0x08002271   Thumb Code    50  httpd-cgi.o(i.httpd_cgi)
    httpd_fs_count                           0x080022ad   Thumb Code    42  httpd-fs.o(i.httpd_fs_count)
    httpd_fs_open                            0x080022e1   Thumb Code    66  httpd-fs.o(i.httpd_fs_open)
    init_ip_arp_udp_tcp                      0x0800235d   Thumb Code    46  ip_arp_udp_tcp.o(i.init_ip_arp_udp_tcp)
    main                                     0x08002399   Thumb Code    40  main.o(i.main)
    psock_datalen                            0x080024f3   Thumb Code    12  psock.o(i.psock_datalen)
    psock_generator_send                     0x08002501   Thumb Code   134  psock.o(i.psock_generator_send)
    psock_init                               0x08002591   Thumb Code    40  psock.o(i.psock_init)
    psock_newdata                            0x080025b9   Thumb Code    48  psock.o(i.psock_newdata)
    psock_readto                             0x080025ed   Thumb Code   142  psock.o(i.psock_readto)
    psock_send                               0x08002685   Thumb Code   112  psock.o(i.psock_send)
    tapdev_init                              0x08002a01   Thumb Code     8  tapdev.o(i.tapdev_init)
    tapdev_read                              0x08002a09   Thumb Code    16  tapdev.o(i.tapdev_read)
    tapdev_send                              0x08002a1d   Thumb Code    14  tapdev.o(i.tapdev_send)
    tcp_demo_appcall                         0x08002a35   Thumb Code   166  tcp_demo.o(i.tcp_demo_appcall)
    tcp_server_appcall                       0x08002b25   Thumb Code    40  emc28j60_uip.o(i.tcp_server_appcall)
    timer_expired                            0x08002bc7   Thumb Code    26  timer.o(i.timer_expired)
    timer_reset                              0x08002be1   Thumb Code    10  timer.o(i.timer_reset)
    timer_set                                0x08002beb   Thumb Code    16  timer.o(i.timer_set)
    uip_add32                                0x08002bfd   Thumb Code   106  uip.o(i.uip_add32)
    uip_arp_arpin                            0x08002cb1   Thumb Code   216  uip_arp.o(i.uip_arp_arpin)
    uip_arp_out                              0x08002d99   Thumb Code   366  uip_arp.o(i.uip_arp_out)
    uip_arp_timer                            0x08002f39   Thumb Code    76  uip_arp.o(i.uip_arp_timer)
    uip_init                                 0x080030b5   Thumb Code    92  uip.o(i.uip_init)
    uip_ipchksum                             0x08003121   Thumb Code    30  uip.o(i.uip_ipchksum)
    uip_listen                               0x08003145   Thumb Code    54  uip.o(i.uip_listen)
    uip_log                                  0x08003185   Thumb Code    14  tcp_demo.o(i.uip_log)
    uip_process                              0x080031ad   Thumb Code  3988  uip.o(i.uip_process)
    uip_send                                 0x08004159   Thumb Code    38  uip.o(i.uip_send)
    uip_tcpchksum                            0x08004189   Thumb Code    10  uip.o(i.uip_tcpchksum)
    SystemFrequency                          0x080041dc   Data           4  system_stm32f10x.o(.constdata)
    SystemFrequency_SysClk                   0x080041e0   Data           4  system_stm32f10x.o(.constdata)
    SystemFrequency_AHBClk                   0x080041e4   Data           4  system_stm32f10x.o(.constdata)
    SystemFrequency_APB1Clk                  0x080041e8   Data           4  system_stm32f10x.o(.constdata)
    SystemFrequency_APB2Clk                  0x080041ec   Data           4  system_stm32f10x.o(.constdata)
    file_processes_shtml                     0x0800597c   Data          20  httpd-fs.o(.constdata)
    file_404_html                            0x08005990   Data          20  httpd-fs.o(.constdata)
    file_files_shtml                         0x080059a4   Data          20  httpd-fs.o(.constdata)
    file_footer_html                         0x080059b8   Data          20  httpd-fs.o(.constdata)
    file_header_html                         0x080059cc   Data          20  httpd-fs.o(.constdata)
    file_index_html                          0x080059e0   Data          20  httpd-fs.o(.constdata)
    file_style_css                           0x080059f4   Data          20  httpd-fs.o(.constdata)
    file_tcp_shtml                           0x08005a08   Data          20  httpd-fs.o(.constdata)
    file_fade_png                            0x08005a1c   Data          20  httpd-fs.o(.constdata)
    file_stats_shtml                         0x08005a30   Data          20  httpd-fs.o(.constdata)
    http_http                                0x08005a44   Data           8  http-strings.o(.constdata)
    http_200                                 0x08005a4c   Data           5  http-strings.o(.constdata)
    http_301                                 0x08005a51   Data           5  http-strings.o(.constdata)
    http_302                                 0x08005a56   Data           5  http-strings.o(.constdata)
    http_get                                 0x08005a5b   Data           5  http-strings.o(.constdata)
    http_10                                  0x08005a60   Data           9  http-strings.o(.constdata)
    http_11                                  0x08005a69   Data           9  http-strings.o(.constdata)
    http_content_type                        0x08005a72   Data          15  http-strings.o(.constdata)
    http_texthtml                            0x08005a81   Data          10  http-strings.o(.constdata)
    http_location                            0x08005a8b   Data          11  http-strings.o(.constdata)
    http_host                                0x08005a96   Data           7  http-strings.o(.constdata)
    http_crnl                                0x08005a9d   Data           3  http-strings.o(.constdata)
    http_index_html                          0x08005aa0   Data          12  http-strings.o(.constdata)
    http_404_html                            0x08005aac   Data          10  http-strings.o(.constdata)
    http_referer                             0x08005ab6   Data           9  http-strings.o(.constdata)
    http_header_200                          0x08005abf   Data          84  http-strings.o(.constdata)
    http_header_404                          0x08005b13   Data          91  http-strings.o(.constdata)
    http_content_type_plain                  0x08005b6e   Data          29  http-strings.o(.constdata)
    http_content_type_html                   0x08005b8b   Data          28  http-strings.o(.constdata)
    http_content_type_css                    0x08005ba7   Data          27  http-strings.o(.constdata)
    http_content_type_text                   0x08005bc2   Data          28  http-strings.o(.constdata)
    http_content_type_png                    0x08005bde   Data          28  http-strings.o(.constdata)
    http_content_type_gif                    0x08005bfa   Data          28  http-strings.o(.constdata)
    http_content_type_jpg                    0x08005c16   Data          29  http-strings.o(.constdata)
    http_content_type_binary                 0x08005c33   Data          43  http-strings.o(.constdata)
    http_html                                0x08005c5e   Data           6  http-strings.o(.constdata)
    http_shtml                               0x08005c64   Data           7  http-strings.o(.constdata)
    http_htm                                 0x08005c6b   Data           5  http-strings.o(.constdata)
    http_css                                 0x08005c70   Data           5  http-strings.o(.constdata)
    http_png                                 0x08005c75   Data           5  http-strings.o(.constdata)
    http_gif                                 0x08005c7a   Data           5  http-strings.o(.constdata)
    http_jpg                                 0x08005c7f   Data           5  http-strings.o(.constdata)
    http_text                                0x08005c84   Data           5  http-strings.o(.constdata)
    http_txt                                 0x08005c89   Data           5  http-strings.o(.constdata)
    Region$$Table$$Base                      0x08005d18   Number         0  anon$$obj.o(Region$$Table)
    Region$$Table$$Limit                     0x08005d38   Number         0  anon$$obj.o(Region$$Table)
    g_RunTime                                0x20000014   Data           4  systick.o(.data)
    uip_hostaddr                             0x20000030   Data           4  uip.o(.data)
    uip_draddr                               0x20000034   Data           4  uip.o(.data)
    uip_netmask                              0x20000038   Data           4  uip.o(.data)
    uip_ethaddr                              0x2000003c   Data           6  uip.o(.data)
    uip_appdata                              0x20000044   Data           4  uip.o(.data)
    uip_sappdata                             0x20000048   Data           4  uip.o(.data)
    uip_len                                  0x2000004c   Data           2  uip.o(.data)
    uip_slen                                 0x2000004e   Data           2  uip.o(.data)
    uip_flags                                0x20000050   Data           1  uip.o(.data)
    uip_conn                                 0x20000054   Data           4  uip.o(.data)
    uip_acc32                                0x20000060   Data           4  uip.o(.data)
    __stdout                                 0x200000f0   Data           4  stdout.o(.data)
    g_Tmr                                    0x200000f4   Data          32  systick.o(.bss)
    uip_buf                                  0x20000114   Data        4098  uip.o(.bss)
    uip_conns                                0x20001118   Data        1600  uip.o(.bss)
    uip_listenports                          0x20001758   Data          80  uip.o(.bss)
    uip_stat                                 0x200017a8   Data          44  uip.o(.bss)
    __initial_sp                             0x20002448   Data           0  startup_stm32f10x_hd.o(STACK)



==============================================================================

Memory Map of the image

  Image Entry point : 0x08000131

  Load Region LR_IROM1 (Base: 0x08000000, Size: 0x00005e2c, Max: 0x00010000, ABSOLUTE)

    Execution Region ER_IROM1 (Base: 0x08000000, Size: 0x00005d38, Max: 0x00010000, ABSOLUTE)

    Base Addr    Size         Type   Attr      Idx    E Section Name        Object

    0x08000000   0x00000130   Data   RO          358    RESET               startup_stm32f10x_hd.o
    0x08000130   0x00000000   Code   RO         2118  * .ARM.Collect$$$$00000000  mc_w.l(entry.o)
    0x08000130   0x00000004   Code   RO         2402    .ARM.Collect$$$$00000001  mc_w.l(entry2.o)
    0x08000134   0x00000004   Code   RO         2405    .ARM.Collect$$$$00000004  mc_w.l(entry5.o)
    0x08000138   0x00000000   Code   RO         2407    .ARM.Collect$$$$00000008  mc_w.l(entry7b.o)
    0x08000138   0x00000000   Code   RO         2409    .ARM.Collect$$$$0000000A  mc_w.l(entry8b.o)
    0x08000138   0x00000008   Code   RO         2410    .ARM.Collect$$$$0000000B  mc_w.l(entry9a.o)
    0x08000140   0x00000000   Code   RO         2412    .ARM.Collect$$$$0000000D  mc_w.l(entry10a.o)
    0x08000140   0x00000000   Code   RO         2414    .ARM.Collect$$$$0000000F  mc_w.l(entry11a.o)
    0x08000140   0x00000004   Code   RO         2403    .ARM.Collect$$$$00002712  mc_w.l(entry2.o)
    0x08000144   0x00000030   Code   RO          359    .text               startup_stm32f10x_hd.o
    0x08000174   0x00000024   Code   RO         2121    .text               mc_w.l(memcpya.o)
    0x08000198   0x00000024   Code   RO         2123    .text               mc_w.l(memseta.o)
    0x080001bc   0x00000018   Code   RO         2125    .text               mc_w.l(strncpy.o)
    0x080001d4   0x00000014   Code   RO         2127    .text               mc_w.l(strchr.o)
    0x080001e8   0x0000000e   Code   RO         2129    .text               mc_w.l(strlen.o)
    0x080001f6   0x0000001a   Code   RO         2131    .text               mc_w.l(memcmp.o)
    0x08000210   0x00000012   Code   RO         2133    .text               mc_w.l(strcpy.o)
    0x08000222   0x0000001e   Code   RO         2135    .text               mc_w.l(strncmp.o)
    0x08000240   0x00000020   Code   RO         2137    .text               mc_w.l(strrchr.o)
    0x08000260   0x00000062   Code   RO         2419    .text               mc_w.l(uldiv.o)
    0x080002c2   0x00000002   PAD
    0x080002c4   0x00000024   Code   RO         2432    .text               mc_w.l(init.o)
    0x080002e8   0x0000001e   Code   RO         2434    .text               mc_w.l(llshl.o)
    0x08000306   0x00000020   Code   RO         2436    .text               mc_w.l(llushr.o)
    0x08000326   0x00000004   Code   RO          191    i.BusFault_Handler  stm32f10x_it.o
    0x0800032a   0x00000002   Code   RO          192    i.DebugMon_Handler  stm32f10x_it.o
    0x0800032c   0x00000012   Code   RO            1    i.Delay             main.o
    0x0800033e   0x00000002   PAD
    0x08000340   0x00000028   Code   RO            2    i.DispLogo          main.o
    0x08000368   0x00000078   Code   RO            3    i.GPIO_Configuration  main.o
    0x080003e0   0x00000116   Code   RO          774    i.GPIO_Init         stm32f10x_gpio.o
    0x080004f6   0x00000004   Code   RO          781    i.GPIO_ResetBits    stm32f10x_gpio.o
    0x080004fa   0x00000004   Code   RO          782    i.GPIO_SetBits      stm32f10x_gpio.o
    0x080004fe   0x00000002   PAD
    0x08000500   0x0000001c   Code   RO          289    i.GetRunTime        systick.o
    0x0800051c   0x00000004   Code   RO          193    i.HardFault_Handler  stm32f10x_it.o
    0x08000520   0x00000110   Code   RO            4    i.InitNet           main.o
    0x08000630   0x0000006c   Code   RO            5    i.Init_fd           main.o
    0x0800069c   0x00000004   Code   RO          194    i.MemManage_Handler  stm32f10x_it.o
    0x080006a0   0x00000002   Code   RO          195    i.NMI_Handler       stm32f10x_it.o
    0x080006a2   0x00000002   Code   RO          196    i.PendSV_Handler    stm32f10x_it.o
    0x080006a4   0x00000134   Code   RO          257    i.PrintfLogo        usart_printf.o
    0x080007d8   0x00000020   Code   RO          366    i.RCC_APB1PeriphClockCmd  stm32f10x_rcc.o
    0x080007f8   0x00000020   Code   RO          368    i.RCC_APB2PeriphClockCmd  stm32f10x_rcc.o
    0x08000818   0x000000d4   Code   RO          376    i.RCC_GetClocksFreq  stm32f10x_rcc.o
    0x080008ec   0x00000038   Code   RO          335    i.SPI1_ReadWrite    spi.o
    0x08000924   0x000000a4   Code   RO          336    i.SPI2_Init         spi.o
    0x080009c8   0x00000018   Code   RO         1007    i.SPI_Cmd           stm32f10x_spi.o
    0x080009e0   0x00000012   Code   RO         1015    i.SPI_I2S_GetFlagStatus  stm32f10x_spi.o
    0x080009f2   0x00000006   Code   RO         1018    i.SPI_I2S_ReceiveData  stm32f10x_spi.o
    0x080009f8   0x00000004   Code   RO         1019    i.SPI_I2S_SendData  stm32f10x_spi.o
    0x080009fc   0x0000003c   Code   RO         1020    i.SPI_Init          stm32f10x_spi.o
    0x08000a38   0x00000002   Code   RO          197    i.SVC_Handler       stm32f10x_it.o
    0x08000a3a   0x00000008   Code   RO         1156    i.SetSysClock       system_stm32f10x.o
    0x08000a42   0x00000002   PAD
    0x08000a44   0x000000e4   Code   RO         1157    i.SetSysClockTo72   system_stm32f10x.o
    0x08000b28   0x00000016   Code   RO          290    i.SoftTimerDec      systick.o
    0x08000b3e   0x00000008   Code   RO          198    i.SysTick_Handler   stm32f10x_it.o
    0x08000b46   0x00000002   PAD
    0x08000b48   0x00000054   Code   RO          292    i.SysTick_ISR       systick.o
    0x08000b9c   0x00000054   Code   RO         1158    i.SystemInit        system_stm32f10x.o
    0x08000bf0   0x000001b4   Code   RO         1979    i.TCP_Cmd           tcp_demo.o
    0x08000da4   0x00000012   Code   RO          600    i.USART_ClearFlag   stm32f10x_usart.o
    0x08000db6   0x00000018   Code   RO          604    i.USART_Cmd         stm32f10x_usart.o
    0x08000dce   0x00000002   PAD
    0x08000dd0   0x0000008c   Code   RO          258    i.USART_Configuration  usart_printf.o
    0x08000e5c   0x0000001a   Code   RO          607    i.USART_GetFlagStatus  stm32f10x_usart.o
    0x08000e76   0x00000002   PAD
    0x08000e78   0x000000a0   Code   RO          611    i.USART_Init        stm32f10x_usart.o
    0x08000f18   0x00000008   Code   RO          619    i.USART_SendData    stm32f10x_usart.o
    0x08000f20   0x000000ec   Code   RO            6    i.UipPro            main.o
    0x0800100c   0x00000004   Code   RO          199    i.UsageFault_Handler  stm32f10x_it.o
    0x08001010   0x00000020   Code   RO         2348    i.__0printf$8       mc_w.l(printf8.o)
    0x08001030   0x00000028   Code   RO         2349    i.__0snprintf$8     mc_w.l(printf8.o)
    0x08001058   0x0000000e   Code   RO         2444    i.__scatterload_copy  mc_w.l(handlers.o)
    0x08001066   0x00000002   Code   RO         2445    i.__scatterload_null  mc_w.l(handlers.o)
    0x08001068   0x0000000e   Code   RO         2446    i.__scatterload_zeroinit  mc_w.l(handlers.o)
    0x08001076   0x00000002   PAD
    0x08001078   0x00000408   Code   RO         2355    i._printf_core      mc_w.l(printf8.o)
    0x08001480   0x00000024   Code   RO         2356    i._printf_post_padding  mc_w.l(printf8.o)
    0x080014a4   0x0000002e   Code   RO         2357    i._printf_pre_padding  mc_w.l(printf8.o)
    0x080014d2   0x00000016   Code   RO         2358    i._snputc           mc_w.l(printf8.o)
    0x080014e8   0x00000002   Code   RO         1980    i.aborted           tcp_demo.o
    0x080014ea   0x00000002   PAD
    0x080014ec   0x00000054   Code   RO         1981    i.acked             tcp_demo.o
    0x08001540   0x00000066   Code   RO         1185    i.buf_bufto         psock.o
    0x080015a6   0x00000006   Code   RO         1186    i.buf_setup         psock.o
    0x080015ac   0x00000046   Code   RO         1290    i.chksum            uip.o
    0x080015f2   0x00000008   Code   RO         2106    i.clock_time        clock-arch.o
    0x080015fa   0x00000002   Code   RO         1982    i.closed            tcp_demo.o
    0x080015fc   0x00000044   Code   RO         1983    i.connected         tcp_demo.o
    0x08001640   0x0000005c   Code   RO         1187    i.data_acked        psock.o
    0x0800169c   0x0000020c   Code   RO         1768    i.enc28j60Init      enc28j60.o
    0x080018a8   0x000000c0   Code   RO         1769    i.enc28j60PacketReceive  enc28j60.o
    0x08001968   0x00000066   Code   RO         1770    i.enc28j60PacketSend  enc28j60.o
    0x080019ce   0x00000032   Code   RO         1771    i.enc28j60PhyWrite  enc28j60.o
    0x08001a00   0x00000014   Code   RO         1772    i.enc28j60Read      enc28j60.o
    0x08001a14   0x00000038   Code   RO         1773    i.enc28j60ReadBuffer  enc28j60.o
    0x08001a4c   0x00000044   Code   RO         1774    i.enc28j60ReadOp    enc28j60.o
    0x08001a90   0x00000034   Code   RO         1775    i.enc28j60SetBank   enc28j60.o
    0x08001ac4   0x00000018   Code   RO         1776    i.enc28j60Write     enc28j60.o
    0x08001adc   0x00000030   Code   RO         1777    i.enc28j60WriteBuffer  enc28j60.o
    0x08001b0c   0x00000038   Code   RO         1778    i.enc28j60WriteOp   enc28j60.o
    0x08001b44   0x00000010   Code   RO         1779    i.enc28j60clkout    enc28j60.o
    0x08001b54   0x0000004c   Code   RO         2041    i.etherdev_init     emc28j60_uip.o
    0x08001ba0   0x00000050   Code   RO         1671    i.file_stats        httpd-cgi.o
    0x08001bf0   0x00000024   Code   RO          260    i.fputc             usart_printf.o
    0x08001c14   0x0000002c   Code   RO         1672    i.generate_file_stats  httpd-cgi.o
    0x08001c40   0x00000034   Code   RO         1673    i.generate_net_stats  httpd-cgi.o
    0x08001c74   0x00000048   Code   RO         1591    i.generate_part_of_file  httpd.o
    0x08001cbc   0x000000b4   Code   RO         1674    i.generate_tcp_stats  httpd-cgi.o
    0x08001d70   0x0000001a   Code   RO         1592    i.handle_connection  httpd.o
    0x08001d8a   0x00000002   PAD
    0x08001d8c   0x000001a4   Code   RO         1593    i.handle_input      httpd.o
    0x08001f30   0x00000110   Code   RO         1594    i.handle_output     httpd.o
    0x08002040   0x00000180   Code   RO         1595    i.handle_script     httpd.o
    0x080021c0   0x0000000c   Code   RO         1291    i.htons             uip.o
    0x080021cc   0x000000a4   Code   RO         1596    i.httpd_appcall     httpd.o
    0x08002270   0x0000003c   Code   RO         1675    i.httpd_cgi         httpd-cgi.o
    0x080022ac   0x00000034   Code   RO         1722    i.httpd_fs_count    httpd-fs.o
    0x080022e0   0x0000004c   Code   RO         1724    i.httpd_fs_open     httpd-fs.o
    0x0800232c   0x00000030   Code   RO         1725    i.httpd_fs_strcmp   httpd-fs.o
    0x0800235c   0x0000003c   Code   RO         1867    i.init_ip_arp_udp_tcp  ip_arp_udp_tcp.o
    0x08002398   0x00000028   Code   RO            7    i.main              main.o
    0x080023c0   0x0000005c   Code   RO         1676    i.net_stats         httpd-cgi.o
    0x0800241c   0x0000009c   Code   RO         1984    i.newdata           tcp_demo.o
    0x080024b8   0x00000022   Code   RO         1598    i.next_scriptstate  httpd.o
    0x080024da   0x00000018   Code   RO         1677    i.nullfunction      httpd-cgi.o
    0x080024f2   0x0000000c   Code   RO         1188    i.psock_datalen     psock.o
    0x080024fe   0x00000002   PAD
    0x08002500   0x00000090   Code   RO         1189    i.psock_generator_send  psock.o
    0x08002590   0x00000028   Code   RO         1190    i.psock_init        psock.o
    0x080025b8   0x00000034   Code   RO         1191    i.psock_newdata     psock.o
    0x080025ec   0x00000098   Code   RO         1193    i.psock_readto      psock.o
    0x08002684   0x00000070   Code   RO         1194    i.psock_send        psock.o
    0x080026f4   0x00000050   Code   RO         1195    i.send_data         psock.o
    0x08002744   0x00000064   Code   RO         1599    i.send_file         httpd.o
    0x080027a8   0x000001f8   Code   RO         1600    i.send_headers      httpd.o
    0x080029a0   0x0000003e   Code   RO         1601    i.send_part_of_file  httpd.o
    0x080029de   0x00000002   PAD
    0x080029e0   0x00000020   Code   RO         1985    i.senddata          tcp_demo.o
    0x08002a00   0x00000008   Code   RO         2079    i.tapdev_init       tapdev.o
    0x08002a08   0x00000014   Code   RO         2080    i.tapdev_read       tapdev.o
    0x08002a1c   0x00000018   Code   RO         2081    i.tapdev_send       tapdev.o
    0x08002a34   0x000000f0   Code   RO         1986    i.tcp_demo_appcall  tcp_demo.o
    0x08002b24   0x0000002c   Code   RO         2045    i.tcp_server_appcall  emc28j60_uip.o
    0x08002b50   0x00000074   Code   RO         1678    i.tcp_stats         httpd-cgi.o
    0x08002bc4   0x00000002   Code   RO         1987    i.timedout          tcp_demo.o
    0x08002bc6   0x0000001a   Code   RO         1260    i.timer_expired     timer.o
    0x08002be0   0x0000000a   Code   RO         1261    i.timer_reset       timer.o
    0x08002bea   0x00000010   Code   RO         1263    i.timer_set         timer.o
    0x08002bfa   0x00000002   PAD
    0x08002bfc   0x00000070   Code   RO         1292    i.uip_add32         uip.o
    0x08002c6c   0x00000044   Code   RO         1293    i.uip_add_rcv_nxt   uip.o
    0x08002cb0   0x000000e8   Code   RO         1407    i.uip_arp_arpin     uip_arp.o
    0x08002d98   0x000001a0   Code   RO         1409    i.uip_arp_out       uip_arp.o
    0x08002f38   0x00000058   Code   RO         1410    i.uip_arp_timer     uip_arp.o
    0x08002f90   0x00000124   Code   RO         1411    i.uip_arp_update    uip_arp.o
    0x080030b4   0x0000006c   Code   RO         1296    i.uip_init          uip.o
    0x08003120   0x00000024   Code   RO         1297    i.uip_ipchksum      uip.o
    0x08003144   0x00000040   Code   RO         1298    i.uip_listen        uip.o
    0x08003184   0x00000028   Code   RO         1988    i.uip_log           tcp_demo.o
    0x080031ac   0x00000fac   Code   RO         1299    i.uip_process       uip.o
    0x08004158   0x00000030   Code   RO         1300    i.uip_send          uip.o
    0x08004188   0x0000000a   Code   RO         1302    i.uip_tcpchksum     uip.o
    0x08004192   0x00000002   PAD
    0x08004194   0x00000048   Code   RO         1305    i.upper_layer_chksum  uip.o
    0x080041dc   0x00000014   Data   RO         1159    .constdata          system_stm32f10x.o
    0x080041f0   0x00000008   Data   RO         1307    .constdata          uip.o
    0x080041f8   0x0000000a   Data   RO         1413    .constdata          uip_arp.o
    0x08004202   0x00000002   PAD
    0x08004204   0x0000006e   Data   RO         1679    .constdata          httpd-cgi.o
    0x08004272   0x00000002   PAD
    0x08004274   0x000017d0   Data   RO         1727    .constdata          httpd-fs.o
    0x08005a44   0x0000024a   Data   RO         1761    .constdata          http-strings.o
    0x08005c8e   0x00000002   PAD
    0x08005c90   0x00000086   Data   RO         1680    .conststring        httpd-cgi.o
    0x08005d16   0x00000002   PAD
    0x08005d18   0x00000020   Data   RO         2442    Region$$Table       anon$$obj.o


    Execution Region RW_IRAM1 (Base: 0x20000000, Size: 0x00002448, Max: 0x00005000, ABSOLUTE)

    Base Addr    Size         Type   Attr      Idx    E Section Name        Object

    0x20000000   0x00000011   Data   RW            8    .data               main.o
    0x20000011   0x00000003   PAD
    0x20000014   0x00000005   Data   RW          294    .data               systick.o
    0x20000019   0x00000014   Data   RW          396    .data               stm32f10x_rcc.o
    0x2000002d   0x00000003   PAD
    0x20000030   0x00000038   Data   RW         1308    .data               uip.o
    0x20000068   0x00000008   Data   RW         1414    .data               uip_arp.o
    0x20000070   0x00000034   Data   RW         1681    .data               httpd-cgi.o
    0x200000a4   0x00000008   Data   RW         1781    .data               enc28j60.o
    0x200000ac   0x00000015   Data   RW         1878    .data               ip_arp_udp_tcp.o
    0x200000c1   0x00000003   PAD
    0x200000c4   0x00000004   Data   RW         1990    .data               tcp_demo.o
    0x200000c8   0x00000028   Data   RW         2046    .data               emc28j60_uip.o
    0x200000f0   0x00000004   Data   RW         2416    .data               mc_w.l(stdout.o)
    0x200000f4   0x00000020   Zero   RW          293    .bss                systick.o
    0x20000114   0x000016c0   Zero   RW         1306    .bss                uip.o
    0x200017d4   0x00000060   Zero   RW         1412    .bss                uip_arp.o
    0x20001834   0x00000014   Zero   RW         1726    .bss                httpd-fs.o
    0x20001848   0x00000800   Zero   RW         1989    .bss                tcp_demo.o
    0x20002048   0x00000400   Zero   RW          356    STACK               startup_stm32f10x_hd.o


==============================================================================

Image component sizes


      Code (inc. data)   RO Data    RW Data    ZI Data      Debug   Object Name

         8          0          0          0          0        601   clock-arch.o
       120         22          0         40          0       2481   emc28j60_uip.o
      1208        134          0          8          0       9059   enc28j60.o
         0          0        586          0          0       2445   http-strings.o
       648         74        244         52          0       7172   httpd-cgi.o
       176         20       6096          0         20       5462   httpd-fs.o
      2038        130          0          0          0      10460   httpd.o
        60         14          0         21          0       1834   ip_arp_udp_tcp.o
       834        202          0         17          0     256777   main.o
       792         44          0          0          0       8084   psock.o
       220         16          0          0          0       8621   spi.o
        48         12        304          0       1024       1020   startup_stm32f10x_hd.o
       286          0          0          0          0       3596   stm32f10x_gpio.o
        32          0          0          0          0       4830   stm32f10x_it.o
       276         32          0         20          0       5110   stm32f10x_rcc.o
       112          0          0          0          0       4646   stm32f10x_spi.o
       236          4          0          0          0       5270   stm32f10x_usart.o
       320         22         20          0          0       3009   system_stm32f10x.o
       134         18          0          5         32       7645   systick.o
        52         14          0          0          0       1722   tapdev.o
      1062        380          0          4       2048       6879   tcp_demo.o
        52          0          0          0          0       2306   timer.o
      4612        548          8         56       5824      17996   uip.o
      1028         98         10          8         96       4522   uip_arp.o
       484        254          0          0          0       2059   usart_printf.o

    ----------------------------------------------------------------------
     14862       2038       7308        240       9044     383606   Object Totals
         0          0         32          0          0          0   (incl. Generated)
        24          0          8          9          0          0   (incl. Padding)

    ----------------------------------------------------------------------

      Code (inc. data)   RO Data    RW Data    ZI Data      Debug   Library Member Name

         0          0          0          0          0          0   entry.o
         0          0          0          0          0          0   entry10a.o
         0          0          0          0          0          0   entry11a.o
         8          4          0          0          0          0   entry2.o
         4          0          0          0          0          0   entry5.o
         0          0          0          0          0          0   entry7b.o
         0          0          0          0          0          0   entry8b.o
         8          4          0          0          0          0   entry9a.o
        30          0          0          0          0          0   handlers.o
        36          8          0          0          0         68   init.o
        30          0          0          0          0         68   llshl.o
        32          0          0          0          0         68   llushr.o
        26          0          0          0          0         80   memcmp.o
        36          0          0          0          0         68   memcpya.o
        36          0          0          0          0        108   memseta.o
      1208         58          0          0          0        504   printf8.o
         0          0          0          4          0          0   stdout.o
        20          0          0          0          0         68   strchr.o
        18          0          0          0          0         68   strcpy.o
        14          0          0          0          0         68   strlen.o
        30          0          0          0          0         80   strncmp.o
        24          0          0          0          0         76   strncpy.o
        32          0          0          0          0         68   strrchr.o
        98          0          0          0          0         92   uldiv.o

    ----------------------------------------------------------------------
      1694         74          0          4          0       1484   Library Totals
         4          0          0          0          0          0   (incl. Padding)

    ----------------------------------------------------------------------

      Code (inc. data)   RO Data    RW Data    ZI Data      Debug   Library Name

      1690         74          0          4          0       1484   mc_w.l

    ----------------------------------------------------------------------
      1694         74          0          4          0       1484   Library Totals

    ----------------------------------------------------------------------

==============================================================================


      Code (inc. data)   RO Data    RW Data    ZI Data      Debug   

     16556       2112       7308        244       9044     378378   Grand Totals
     16556       2112       7308        244       9044     378378   ELF Image Totals
     16556       2112       7308        244          0          0   ROM Totals

==============================================================================

    Total RO  Size (Code + RO Data)                23864 (  23.30kB)
    Total RW  Size (RW Data + ZI Data)              9288 (   9.07kB)
    Total ROM Size (Code + RO Data + RW Data)      24108 (  23.54kB)

==============================================================================

