<html>
<body>
<pre>
<h1>µVision Build Log</h1>
<h2>Project:</h2>
E:\Github_sync\G\material\ws2812\STM32F1_DMA_SPI_16B_WS2813E_2018_05_06-Bingo\Project\RVMDK£¨uv4£©\iSO-STM32-v5.uvproj
Project File Date:  05/06/2018

<h2>Output:</h2>
Build target 'Template'
linking...
Program Size: Code=5668 RO-data=268 RW-data=124 ZI-data=3076  
FromELF: creating hex file...
"..\..\Output\Template.axf" - 0 Error(s), 0 Warning(s).

<h2>Software Packages used:</h2>

Package Vendor: ARM
                http://www.keil.com/pack/ARM.CMSIS.3.20.4.pack
                ARM::CMSIS:CORE:3.20.0
                Cortex Microcontroller Software Interface Standard (CMSIS) CORE, DSP, RTOS, Driver
   * Component: CORE Version: 3.20.0

<h2>Collection of Component include folders:</h2>
  E:\Github_sync\G\material\ws2812\STM32F1_DMA_SPI_16B_WS2813E_2018_05_06-Bingo\Project\RVMDK£¨uv4£©\RTE
  D:\Keil_v5\ARM\PACK\ARM\CMSIS\3.20.4\CMSIS\Include
  D:\Keil_v5\ARM\PACK\Keil\STM32F1xx_DFP\1.0.4\Device\Include

<h2>Collection of Component Files used:</h2>

   * Component: ARM::CMSIS:CORE:3.20.0
</pre>
</body>
</html>
