<html>
<body>
<pre>
<h1>µVision Build Log</h1>
<h2>Project:</h2>
E:\Github_sync\G\material\ws2812\STM32F1_DMA_SPI_16B_WS2813E_2018_05_06-Bingo\Project\RVMDK£¨uv4£©\iSO-STM32-v5.uvproj
Project File Date:  05/06/2018

<h2>Output:</h2>
Build target 'Template'
assembling startup_stm32f10x_md.s...
compiling core_cm3.c...
compiling system_stm32f10x.c...
compiling misc.c...
compiling stm32f10x_adc.c...
compiling stm32f10x_bkp.c...
compiling stm32f10x_can.c...
compiling stm32f10x_cec.c...
compiling stm32f10x_crc.c...
compiling stm32f10x_dac.c...
compiling stm32f10x_dbgmcu.c...
compiling stm32f10x_dma.c...
compiling stm32f10x_exti.c...
compiling stm32f10x_flash.c...
compiling stm32f10x_fsmc.c...
compiling stm32f10x_gpio.c...
compiling stm32f10x_i2c.c...
compiling stm32f10x_iwdg.c...
compiling stm32f10x_pwr.c...
compiling stm32f10x_rcc.c...
compiling stm32f10x_rtc.c...
compiling stm32f10x_sdio.c...
compiling stm32f10x_spi.c...
compiling stm32f10x_tim.c...
compiling stm32f10x_usart.c...
compiling stm32f10x_wwdg.c...
compiling main.c...
..\..\User\main.c(31): warning:  #177-D: variable "i" was declared but never referenced
          int i;
..\..\User\main.c: 1 warning, 0 errors
compiling stm32f10x_it.c...
compiling bsp_spi.c...
compiling delay.c...
compiling bsp_usart1.c...
compiling bsp_led.c...
compiling WS2812B.c...
..\..\APP\WS2812B\WS2812B.c(87): warning:  #177-D: variable "k" was declared but never referenced
        static uint8_t k;
..\..\APP\WS2812B\WS2812B.c: 1 warning, 0 errors
compiling sys.c...
compiling WS2811.c...
linking...
Program Size: Code=5668 RO-data=268 RW-data=124 ZI-data=3076  
FromELF: creating hex file...
"..\..\Output\Template.axf" - 0 Error(s), 2 Warning(s).

<h2>Software Packages used:</h2>

Package Vendor: ARM
                http://www.keil.com/pack/ARM.CMSIS.3.20.4.pack
                ARM::CMSIS:CORE:3.20.0
                Cortex Microcontroller Software Interface Standard (CMSIS) CORE, DSP, RTOS, Driver
   * Component: CORE Version: 3.20.0

<h2>Collection of Component include folders:</h2>
  E:\Github_sync\G\material\ws2812\STM32F1_DMA_SPI_16B_WS2813E_2018_05_06-Bingo\Project\RVMDK£¨uv4£©\RTE
  D:\Keil_v5\ARM\PACK\ARM\CMSIS\3.20.4\CMSIS\Include
  D:\Keil_v5\ARM\PACK\Keil\STM32F1xx_DFP\1.0.4\Device\Include

<h2>Collection of Component Files used:</h2>

   * Component: ARM::CMSIS:CORE:3.20.0
</pre>
</body>
</html>
