<html>
<body>
<pre>
<h1>µVision Build Log</h1>
<h2>Project:</h2>
E:\Github_sync\G\CoreBoard103-ld3320-mini-player\Project\RVMDK(uv4)\CoreSTM32.uvproj
Project File Date:  10/08/2018

<h2>Output:</h2>
Build target 'USART'
compiling main.c...
linking...
Program Size: Code=12460 RO-data=452 RW-data=88 ZI-data=1448  
FromELF: creating hex file...
"..\..\Output\Template.axf" - 0 Error(s), 0 Warning(s).
Load "..\\..\\Output\\Template.axf" 
Erase Done.
Programming Done.
Verify OK.
Application running ...
</pre>
</body>
</html>
_dbgmcu.c...
compiling stm32f10x_dma.c...
compiling stm32f10x_exti.c...
compiling stm32f10x_flash.c...
compiling stm32f10x_fsmc.c...
compiling stm32f10x_gpio.c...
compiling stm32f10x_i2c.c...
compiling stm32f10x_iwdg.c...
compiling stm32f10x_pwr.c...
compiling stm32f10x_rcc.c...
compiling stm32f10x_rtc.c...
compiling stm32f10x_sdio.c...
compiling stm32f10x_spi.c...
compiling stm32f10x_tim.c...
compiling stm32f10x_usart.c...
compiling stm32f10x_wwdg.c...
compiling main.c...
compiling stm32f10x_it.c...
compiling LD3320.c...
compiling mp3_usart.c...
compiling sys.c...
linking...
..\..\Output\Template.axf: Error: L6218E: Undefined symbol delay_init (referred from main.o).
Not enough information to list image symbols.
Finished: 1 information, 0 warning and 1 error messages.
"..\..\Output\Template.axf" - 1 Error(s), 0 Warning(s).
Target not created
