<html>
<body>
<pre>
<h1>µVision Build Log</h1>
<h2>Project:</h2>
E:\Github_sync\G\material\mini player\uart-player\USER\USART.uvproj
Project File Date:  09/30/2018

<h2>Output:</h2>
Build target 'Target 1'
compiling main.c...
main.c(12): warning:  #177-D: variable "t" was declared but never referenced
        u8 t;
main.c(13): warning:  #177-D: variable "len" was declared but never referenced
        u8 len; 
main.c(14): warning:  #177-D: variable "times" was declared but never referenced
        u16 times=0; 
main.c(15): warning:  #177-D: variable "data" was declared but never referenced
        u8 data[10];
main.c: 4 warnings, 0 errors
linking...
Program Size: Code=5576 RO-data=352 RW-data=80 ZI-data=2056  
FromELF: creating hex file...
"..\OBJ\USART.axf" - 0 Error(s), 4 Warning(s).
Load "..\\OBJ\\USART.axf" 
Erase Done.
Programming Done.
Verify OK.
Application running ...
</pre>
</body>
</html>
se Done.
Programming Done.
Verify OK.
Application running ...
m Size: Code=5516 RO-data=352 RW-data=80 ZI-data=2056  
FromELF: creating hex file...
"..\OBJ\USART.axf" - 0 Error(s), 4 Warning(s).
Load "..\\OBJ\\USART.axf" 
Error: Flash Download failed  -  Target DLL has been cancelled
Load "..\\OBJ\\USART.axf" 
Erase Done.
Programming Done.
Verify OK.
Application running ...
 "..\\OBJ\\USART.axf" 
Erase Done.
Programming Done.
Verify OK.
Application running ...
Load "..\\OBJ\\USART.axf" 
Erase Done.
Programming Done.
Verify OK.
Application running ...
