<html>
<body>
<pre>
<h1>µVision Build Log</h1>
<h2>Project:</h2>
E:\FangCloudSync\Mini-103C8-¹¤¿Ø°å\Mini-103C8-¹¤¿Ø°å\ws2812\STM32F1_DMA_PWM_WS2813E_2018_05_06-Bingo\USER\LED.uvprojx
Project File Date:  09/25/2018

<h2>Output:</h2>
Build target 'LED'
compiling main.c...
linking...
Program Size: Code=3028 RO-data=336 RW-data=652 ZI-data=2836  
FromELF: creating hex file...
"..\OBJ\LED.axf" - 0 Error(s), 0 Warning(s).
Load "..\\OBJ\\LED.axf" 
Erase Done.
Programming Done.
Verify OK.
Application running ...
</pre>
</body>
</html>
.\\OBJ\\LED.axf" 
Erase Done.
Programming Done.
Verify OK.
Application running ...
m32f10x_usart.c...
compiling stm32f10x_dma.c...
compiling stm32f10x_tim.c...
linking...
Program Size: Code=3028 RO-data=336 RW-data=656 ZI-data=2432  
FromELF: creating hex file...
"..\OBJ\LED.axf" - 0 Error(s), 0 Warning(s).
Load "..\\OBJ\\LED.axf" 
Erase Done.
Programming Done.
Verify OK.
Application running ...
