<html>
<body>
<pre>
<h1>µVision Build Log</h1>
<h2>Project:</h2>
E:\Github_sync\G\material\ws2812\STM32F1_DMA_PWM_WS2813E_2018_05_06-Bingo\USER\LED.uvprojx
Project File Date:  05/06/2018

<h2>Output:</h2>
Build target 'LED'
compiling main.c...
compiling stm32f10x_it.c...
compiling system_stm32f10x.c...
compiling led.c...
compiling WS2812B.c...
compiling delay.c...
compiling sys.c...
compiling usart.c...
compiling core_cm3.c...
assembling startup_stm32f10x_hd.s...
compiling misc.c...
compiling stm32f10x_gpio.c...
compiling stm32f10x_dbgmcu.c...
compiling stm32f10x_rcc.c...
compiling stm32f10x_usart.c...
compiling stm32f10x_dma.c...
compiling stm32f10x_tim.c...
linking...
Program Size: Code=3140 RO-data=336 RW-data=516 ZI-data=2436  
FromELF: creating hex file...
"..\OBJ\LED.axf" - 0 Error(s), 0 Warning(s).
Load "..\\OBJ\\LED.axf" 
Erase Done.
Programming Done.
Verify OK.
Application running ...
